MP precision bits=320
TILE u in [0.25,0.25] width=0 itinerary=13@0,auto
LAUNCH chart=13 hull width=4.4408920985006262e-16  (auto chart following)
SWITCH to 23 form=B (closest pair) tp=[0.57010116539752753,0.57010116539752753] hull=5.5511151231257827e-17
SWITCH to 13 form=A (closest pair) tp=[0.70053440934237554,0.70053440934237554] hull=5.5511151231257827e-17
SWITCH to 23 form=B (closest pair) tp=[0.77575907228002539,0.77575907228002539] hull=5.5511151231257827e-17
SWITCH to 13 form=A (closest pair) tp=[2.1664783324303762,2.1664783324303762] hull=5.5511151231257827e-17
SWITCH to 23 form=B (closest pair) tp=[2.235186418488865,2.235186418488865] hull=5.5511151231257827e-17
SWITCH to 13 form=A (closest pair) tp=[2.4224877363810795,2.4224877363810795] hull=5.5511151231257827e-17
SWITCH to 23 form=B (closest pair) tp=[4.1448900602490415,4.1448900602490415] hull=5.5511151231257827e-17
SWITCH to 13 form=A (closest pair) tp=[4.2622543877567152,4.2622543877567152] hull=5.5511151231257827e-17
SWITCH to 23 form=A (closest pair) tp=[4.3249084209483071,4.3249084209483071] hull=5.5511151231257827e-17
SWITCH to 13 form=A (closest pair) tp=[6.0525790703751676,6.0525790703751676] hull=5.5511151231257827e-17
SWITCH to 23 form=B (closest pair) tp=[6.1036501833191537,6.1036501833191537] hull=5.5511151231257827e-17
SWITCH to 12 form=A (closest pair) tp=[6.1669033091431054,6.1669033091431054] hull=5.5511151231257827e-17
SWITCH to 13 form=B (closest pair) tp=[6.9760932256638339,6.9760932256638339] hull=5.5511151231257827e-17
SWITCH to 12 form=B (closest pair) tp=[7.0357676390352992,7.0357676390352992] hull=5.5511151231257827e-17
SWITCH to 23 form=A (closest pair) tp=[7.0546148640902766,7.0546148640902766] hull=5.5511151231257827e-17
SWITCH to 12 form=A (closest pair) tp=[7.1435825476207926,7.1435825476207926] hull=5.5511151231257827e-17
SWITCH to 23 form=A (closest pair) tp=[8.9863370219936805,8.9863370219936805] hull=5.5511151231257827e-17
SWITCH to 12 form=A (closest pair) tp=[9.0479915629871464,9.0479915629871464] hull=1.1102230246251565e-16
SWITCH to 23 form=A (closest pair) tp=[9.0847473119583331,9.0847473119583331] hull=5.5511151231257827e-16
SWITCH to 13 form=B (closest pair) tp=[9.1358336955327086,9.1358336955327086] hull=1.9428902930940239e-16
SWITCH to 23 form=B (closest pair) tp=[14.774601900311659,14.774601900311659] hull=8.1712414612411521e-14
SWITCH to 12 form=A (closest pair) tp=[14.823997164947828,14.82399716494783] hull=2.3359092438113294e-13
SWITCH to 23 form=A (closest pair) tp=[14.909487545307993,14.909487545308004] hull=8.7130302972582285e-13
SWITCH to 13 form=B (closest pair) tp=[15.190015814911792,15.190015814911911] hull=1.4686030169741571e-12
SWITCH to 23 form=B (closest pair) tp=[15.616329342066283,15.616329342066356] hull=6.0597082907065669e-12
SWITCH to 12 form=A (closest pair) tp=[15.726693068530063,15.726693068530254] hull=2.9458102623891591e-12
SWITCH to 13 form=A (closest pair) tp=[15.845513901754948,15.845513901755181] hull=1.1312173420208183e-11
SWITCH to 23 form=B (closest pair) tp=[16.666400751943897,16.666400751944476] hull=1.0358602864357636e-10
SWITCH to 12 form=B (closest pair) tp=[16.751336459755894,16.751336459757951] hull=1.4584178309462459e-10
SWITCH to 13 form=B (closest pair) tp=[17.115235052993985,17.115235053006245] hull=8.221856528933813e-11
SWITCH to 12 form=B (closest pair) tp=[17.432641058590537,17.432641058669343] hull=2.9300641912755054e-09
SWITCH to 23 form=B (closest pair) tp=[17.500501619006535,17.500501619119927] hull=2.4015980315539309e-09
SWITCH to 12 form=B (closest pair) tp=[17.674067414103391,17.674067414673708] hull=6.8888804799493997e-09
SWITCH to 13 form=B (closest pair) tp=[17.855972284850566,17.855972285726928] hull=7.8244582202291468e-09
SWITCH to 12 form=A (closest pair) tp=[18.231380269157057,18.231380270640315] hull=1.910388605641522e-08
SWITCH to 23 form=B (closest pair) tp=[18.435518744196742,18.43551874706333] hull=8.9243457068732823e-08
SWITCH to 13 form=B (closest pair) tp=[18.530551066995578,18.530551076598478] hull=5.7951331755567992e-07
SWITCH to 23 form=A (closest pair) tp=[18.708588066418304,18.708588093904325] hull=4.6122145823390692e-07
SWITCH to 13 form=B (closest pair) tp=[19.34733680610756,19.3473368976458] hull=1.4476495160398173e-06
SWITCH to 23 form=A (closest pair) tp=[19.414651697714504,19.414651812218136] hull=2.3296134979311489e-05
SWITCH to 13 form=A (closest pair) tp=[19.462143386656109,19.462143839659305] hull=7.3131710745855116e-05
STEPS 14154 retries=0 switches=41 launch_window_end_tp=0.22458501194317432 min_selected=6.4310488661017642e-05 min_unselected=0.065846424226450762 min_K_after_launch=0.00092144841563615598 max_hull_width=0.00013483183624884987
TERMINAL chart=13 escaper=2 tp=[19.520644432515628,19.520645284271197] eta=8 s0>0.32895435846190563 rhodot>4.2861027007598835 delta>2.0325489990573171 h<-10.125122448595882 allowance<2.0300434208442129 margin=0.09507902775167025
PASS_WINDOW_LC [1/4,1/4] itinerary=13@0,auto escaper=2 margin=0.09507902775167025
