MP precision bits=320
TILE u in [0.20000000000000001,0.20000000000000001] width=0 itinerary=13@0,auto
LAUNCH chart=13 hull width=0  (auto chart following)
SWITCH to 23 form=B (closest pair) tp=[0.65014108330988696,0.65014108330988696] hull=2.7755575615628914e-17
SWITCH to 13 form=A (closest pair) tp=[0.77027239304209494,0.77027239304209494] hull=2.7755575615628914e-17
SWITCH to 23 form=A (closest pair) tp=[1.7921952776118306,1.7921952776118306] hull=2.7755575615628914e-17
SWITCH to 13 form=A (closest pair) tp=[1.923087089075205,1.923087089075205] hull=2.7755575615628914e-17
SWITCH to 23 form=B (closest pair) tp=[2.0516771237921434,2.0516771237921434] hull=2.7755575615628914e-17
SWITCH to 13 form=B (closest pair) tp=[2.6264855683389907,2.6264855683389907] hull=2.7755575615628914e-17
SWITCH to 23 form=B (closest pair) tp=[2.6915198922803554,2.6915198922803554] hull=2.7755575615628914e-17
SWITCH to 13 form=B (closest pair) tp=[2.8750572856711738,2.8750572856711738] hull=2.7755575615628914e-17
SWITCH to 23 form=B (closest pair) tp=[4.2141623667522365,4.2141623667522365] hull=2.7755575615628914e-17
SWITCH to 13 form=B (closest pair) tp=[4.3581128892036123,4.3581128892036123] hull=2.7755575615628914e-17
SWITCH to 23 form=A (closest pair) tp=[4.6417528914671342,4.6417528914671342] hull=2.7755575615628914e-17
SWITCH to 13 form=B (closest pair) tp=[4.9129199767784524,4.9129199767784524] hull=2.7755575615628914e-17
SWITCH to 23 form=A (closest pair) tp=[5.0280948620120265,5.0280948620120265] hull=2.7755575615628914e-17
SWITCH to 12 form=B (closest pair) tp=[5.1901755042756896,5.1901755042756896] hull=2.7755575615628914e-17
SWITCH to 13 form=B (closest pair) tp=[5.352987853226411,5.352987853226411] hull=2.7755575615628914e-17
SWITCH to 12 form=A (closest pair) tp=[5.5461309899441096,5.5461309899441096] hull=2.7755575615628914e-17
SWITCH to 13 form=B (closest pair) tp=[5.7979377132916214,5.7979377132916214] hull=2.7755575615628914e-17
SWITCH to 12 form=A (closest pair) tp=[6.0897781388355563,6.0897781388355563] hull=2.7755575615628914e-17
SWITCH to 23 form=B (closest pair) tp=[6.2549619799023342,6.2549619799023342] hull=2.7755575615628914e-17
SWITCH to 13 form=B (closest pair) tp=[6.3230547086806901,6.3230547086806901] hull=2.7755575615628914e-17
SWITCH to 23 form=A (closest pair) tp=[6.3951839876243115,6.3951839876243115] hull=2.7755575615628914e-17
SWITCH to 13 form=A (closest pair) tp=[6.9706545070033892,6.9706545070033892] hull=2.7755575615628914e-17
SWITCH to 23 form=A (closest pair) tp=[7.0581633395181385,7.0581633395181385] hull=2.7755575615628914e-17
SWITCH to 12 form=B (closest pair) tp=[7.1646079762482344,7.1646079762482344] hull=2.7755575615628914e-17
SWITCH to 13 form=B (closest pair) tp=[7.3909498667625453,7.3909498667625453] hull=2.7755575615628914e-17
SWITCH to 12 form=A (closest pair) tp=[7.6284196592659264,7.6284196592659264] hull=2.7755575615628914e-17
SWITCH to 23 form=B (closest pair) tp=[7.8569067016319618,7.8569067016319618] hull=2.7755575615628914e-17
SWITCH to 13 form=B (closest pair) tp=[7.9398979039140691,7.9398979039140691] hull=2.7755575615628914e-17
SWITCH to 23 form=B (closest pair) tp=[8.0458746522308182,8.0458746522308182] hull=2.7755575615628914e-17
SWITCH to 13 form=B (closest pair) tp=[8.4029240510352583,8.4029240510352583] hull=2.7755575615628914e-17
SWITCH to 23 form=B (closest pair) tp=[8.6087022123269783,8.6087022123269783] hull=2.2204460492503131e-16
SWITCH to 12 form=B (closest pair) tp=[8.7275941493477518,8.7275941493477518] hull=1.1102230246251565e-16
SWITCH to 13 form=B (closest pair) tp=[8.8302459443013213,8.8302459443013213] hull=1.1102230246251565e-16
SWITCH to 12 form=A (closest pair) tp=[9.2054403126497117,9.2054403126497117] hull=2.2204460492503131e-16
SWITCH to 23 form=B (closest pair) tp=[9.3577248221540685,9.3577248221540685] hull=9.7699626167013776e-15
SWITCH to 13 form=B (closest pair) tp=[9.3867692016292423,9.3867692016292423] hull=3.9968028886505635e-15
SWITCH to 23 form=A (closest pair) tp=[9.4647182561738354,9.4647182561738354] hull=3.5527136788005009e-15
SWITCH to 13 form=B (closest pair) tp=[10.22236559742306,10.222365597423062] hull=4.1078251911130792e-14
SWITCH to 23 form=B (closest pair) tp=[10.288354168713049,10.288354168713049] hull=2.1049828546892968e-13
SWITCH to 12 form=B (closest pair) tp=[10.321914549634803,10.321914549634805] hull=6.616929226765933e-14
SWITCH to 13 form=B (closest pair) tp=[10.822335893614724,10.822335893614733] hull=2.4735768988648488e-13
SWITCH to 12 form=B (closest pair) tp=[10.855269090984239,10.855269090984244] hull=1.0830447649823327e-11
SWITCH to 13 form=B (closest pair) tp=[10.888121207104538,10.888121207104554] hull=6.0467186813184526e-12
STEPS 9128 retries=0 switches=43 launch_window_end_tp=0.16205811202310003 min_selected=5.3503906211038033e-06 min_unselected=0.054175814981419573 min_K_after_launch=0.011733683489052179 max_hull_width=1.240962888005015e-11
TERMINAL chart=13 escaper=2 tp=[10.930706772167136,10.930706772167188] eta=8 s0>0.19946625992555683 rhodot>5.2759314968992257 delta>2.3483899485505071 h<-12.402859067254246 allowance<4.2889829458512692 margin=0.11387612140297848
PASS_WINDOW_LC [1/5,1/5] itinerary=13@0,auto escaper=2 margin=0.11387612140297848
