MP precision bits=400
TILE u in [0.20000000000000001,0.20000000000000001] width=0 itinerary=13@0,auto
LAUNCH chart=13 hull width=0  (auto chart following)
SWITCH to 23 form=B (closest pair) tp=[0.64948904028989729,0.64948904028989729] hull=2.7755575615628914e-17
SWITCH to 13 form=A (closest pair) tp=[0.76923525004473259,0.76923525004473259] hull=2.7755575615628914e-17
SWITCH to 23 form=A (closest pair) tp=[1.7903032045354685,1.7903032045354685] hull=2.7755575615628914e-17
SWITCH to 13 form=A (closest pair) tp=[1.923219823760667,1.923219823760667] hull=2.7755575615628914e-17
SWITCH to 23 form=B (closest pair) tp=[2.0484406695464408,2.0484406695464408] hull=2.7755575615628914e-17
SWITCH to 13 form=B (closest pair) tp=[2.626826406732846,2.626826406732846] hull=2.7755575615628914e-17
SWITCH to 23 form=B (closest pair) tp=[2.6913374202072351,2.6913374202072351] hull=2.7755575615628914e-17
SWITCH to 13 form=B (closest pair) tp=[2.8791203726381491,2.8791203726381491] hull=2.7755575615628914e-17
SWITCH to 23 form=B (closest pair) tp=[4.2164099335641234,4.2164099335641234] hull=2.7755575615628914e-17
SWITCH to 13 form=B (closest pair) tp=[4.3574621259371185,4.3574621259371185] hull=2.7755575615628914e-17
SWITCH to 23 form=A (closest pair) tp=[4.6402894338160428,4.6402894338160428] hull=2.7755575615628914e-17
SWITCH to 13 form=B (closest pair) tp=[4.9115579631979909,4.9115579631979909] hull=2.7755575615628914e-17
SWITCH to 23 form=A (closest pair) tp=[5.0291010307757862,5.0291010307757862] hull=2.7755575615628914e-17
SWITCH to 12 form=B (closest pair) tp=[5.188564198175925,5.188564198175925] hull=2.7755575615628914e-17
SWITCH to 13 form=B (closest pair) tp=[5.3539974514436173,5.3539974514436173] hull=2.7755575615628914e-17
SWITCH to 12 form=A (closest pair) tp=[5.5476229261501455,5.5476229261501455] hull=2.7755575615628914e-17
SWITCH to 13 form=B (closest pair) tp=[5.8001974850918003,5.8001974850918003] hull=2.7755575615628914e-17
SWITCH to 12 form=A (closest pair) tp=[6.088161809573359,6.088161809573359] hull=2.7755575615628914e-17
SWITCH to 23 form=B (closest pair) tp=[6.2541024819923923,6.2541024819923923] hull=2.7755575615628914e-17
SWITCH to 13 form=B (closest pair) tp=[6.3229270668080844,6.3229270668080844] hull=2.7755575615628914e-17
SWITCH to 23 form=A (closest pair) tp=[6.3949667217923318,6.3949667217923318] hull=2.7755575615628914e-17
SWITCH to 13 form=A (closest pair) tp=[6.972125266467013,6.972125266467013] hull=2.7755575615628914e-17
SWITCH to 23 form=A (closest pair) tp=[7.0591053846097083,7.0591053846097083] hull=2.7755575615628914e-17
SWITCH to 12 form=B (closest pair) tp=[7.1636176742533841,7.1636176742533841] hull=2.7755575615628914e-17
SWITCH to 13 form=B (closest pair) tp=[7.3892069910122613,7.3892069910122613] hull=2.7755575615628914e-17
SWITCH to 12 form=A (closest pair) tp=[7.6298445092863556,7.6298445092863556] hull=2.7755575615628914e-17
SWITCH to 23 form=B (closest pair) tp=[7.8553365534042472,7.8553365534042472] hull=2.7755575615628914e-17
SWITCH to 13 form=B (closest pair) tp=[7.9383173781120213,7.9383173781120213] hull=2.7755575615628914e-17
SWITCH to 23 form=B (closest pair) tp=[8.0451163178358733,8.0451163178358733] hull=2.7755575615628914e-17
SWITCH to 13 form=B (closest pair) tp=[8.4014767186597297,8.4014767186597297] hull=2.7755575615628914e-17
SWITCH to 23 form=B (closest pair) tp=[8.6074441296803847,8.6074441296803847] hull=2.7755575615628914e-17
SWITCH to 12 form=B (closest pair) tp=[8.726269690663047,8.726269690663047] hull=2.7755575615628914e-17
SWITCH to 13 form=B (closest pair) tp=[8.8282336460029676,8.8282336460029676] hull=2.7755575615628914e-17
SWITCH to 12 form=A (closest pair) tp=[9.2086827126210142,9.2086827126210142] hull=2.7755575615628914e-17
SWITCH to 23 form=B (closest pair) tp=[9.357409895871001,9.357409895871001] hull=2.7755575615628914e-17
SWITCH to 13 form=B (closest pair) tp=[9.3862345155285887,9.3862345155285887] hull=2.7755575615628914e-17
SWITCH to 23 form=A (closest pair) tp=[9.4648585639249436,9.4648585639249436] hull=2.7755575615628914e-17
SWITCH to 13 form=B (closest pair) tp=[10.221925092825067,10.221925092825067] hull=1.1102230246251565e-16
SWITCH to 23 form=B (closest pair) tp=[10.289202820477939,10.289202820477939] hull=1.1102230246251565e-16
SWITCH to 12 form=B (closest pair) tp=[10.321482817068516,10.321482817068516] hull=2.2204460492503131e-16
SWITCH to 13 form=B (closest pair) tp=[10.822832658346895,10.822832658346895] hull=4.4408920985006262e-16
SWITCH to 12 form=B (closest pair) tp=[10.855157045915689,10.855157045915689] hull=7.1054273576010019e-15
SWITCH to 13 form=B (closest pair) tp=[10.888358057416946,10.888358057416946] hull=3.5527136788005009e-15
STEPS 9140 retries=0 switches=43 launch_window_end_tp=0.16205811202310003 min_selected=5.3503906211038033e-06 min_unselected=0.057454974174685335 min_K_after_launch=0.011660727561665463 max_hull_width=1.0658141036401503e-14
TERMINAL chart=13 escaper=2 tp=[10.930642353154887,10.930642353154887] eta=8 s0>0.19912636495122799 rhodot>5.276697872418965 delta>2.3326855270863027 h<-12.402941841239684 allowance<4.3180999033119063 margin=0.08484193792777972
PASS_WINDOW_LC [1/5,1/5] itinerary=13@0,auto escaper=2 margin=0.08484193792777972
