MP precision bits=400
TILE u in [0.25,0.25] width=0 itinerary=13@0,auto
LAUNCH chart=13 hull width=4.4408920985006262e-16  (auto chart following)
SWITCH to 23 form=B (closest pair) tp=[0.57010116539752753,0.57010116539752753] hull=5.5511151231257827e-17
SWITCH to 13 form=A (closest pair) tp=[0.70104046134800657,0.70104046134800657] hull=5.5511151231257827e-17
SWITCH to 23 form=B (closest pair) tp=[0.77666622455589185,0.77666622455589185] hull=5.5511151231257827e-17
SWITCH to 13 form=A (closest pair) tp=[2.1662286277738585,2.1662286277738585] hull=5.5511151231257827e-17
SWITCH to 23 form=B (closest pair) tp=[2.2358217427467535,2.2358217427467535] hull=5.5511151231257827e-17
SWITCH to 13 form=A (closest pair) tp=[2.424626109103142,2.424626109103142] hull=5.5511151231257827e-17
SWITCH to 23 form=B (closest pair) tp=[4.1467796658907519,4.1467796658907519] hull=5.5511151231257827e-17
SWITCH to 13 form=A (closest pair) tp=[4.2621842281321536,4.2621842281321536] hull=5.5511151231257827e-17
SWITCH to 23 form=A (closest pair) tp=[4.32476880651903,4.32476880651903] hull=5.5511151231257827e-17
SWITCH to 13 form=A (closest pair) tp=[6.051769637072276,6.051769637072276] hull=5.5511151231257827e-17
SWITCH to 23 form=B (closest pair) tp=[6.1041573604034438,6.1041573604034438] hull=5.5511151231257827e-17
SWITCH to 12 form=A (closest pair) tp=[6.1680515255996768,6.1680515255996768] hull=5.5511151231257827e-17
SWITCH to 13 form=B (closest pair) tp=[6.9744219432876262,6.9744219432876262] hull=5.5511151231257827e-17
SWITCH to 12 form=B (closest pair) tp=[7.0357940479334626,7.0357940479334626] hull=5.5511151231257827e-17
SWITCH to 23 form=A (closest pair) tp=[7.0542554027723234,7.0542554027723234] hull=5.5511151231257827e-17
SWITCH to 12 form=A (closest pair) tp=[7.1453174348409387,7.1453174348409387] hull=5.5511151231257827e-17
SWITCH to 23 form=A (closest pair) tp=[8.985273499215424,8.985273499215424] hull=5.5511151231257827e-17
SWITCH to 12 form=A (closest pair) tp=[9.0477447071076096,9.0477447071076096] hull=5.5511151231257827e-17
SWITCH to 23 form=A (closest pair) tp=[9.0853766527529629,9.0853766527529629] hull=5.5511151231257827e-17
SWITCH to 13 form=B (closest pair) tp=[9.1361750664413215,9.1361750664413215] hull=5.5511151231257827e-17
SWITCH to 23 form=B (closest pair) tp=[14.774917193783963,14.774917193783963] hull=5.5511151231257827e-17
SWITCH to 12 form=A (closest pair) tp=[14.824357058779581,14.824357058779581] hull=2.2204460492503131e-16
SWITCH to 23 form=A (closest pair) tp=[14.910478385679374,14.910478385679374] hull=5.5511151231257827e-17
SWITCH to 13 form=B (closest pair) tp=[15.191697931153879,15.191697931153879] hull=4.4408920985006262e-16
SWITCH to 23 form=B (closest pair) tp=[15.61800415410349,15.61800415410349] hull=1.1102230246251565e-16
SWITCH to 12 form=A (closest pair) tp=[15.726160771997863,15.726160771997863] hull=5.5511151231257827e-17
SWITCH to 13 form=A (closest pair) tp=[15.848277077944973,15.848277077944973] hull=3.3306690738754696e-16
SWITCH to 23 form=B (closest pair) tp=[16.667065793068328,16.667065793068328] hull=2.2204460492503131e-15
SWITCH to 12 form=B (closest pair) tp=[16.749633389536012,16.749633389536012] hull=3.1086244689504383e-15
SWITCH to 13 form=B (closest pair) tp=[17.115975368573338,17.115975368573341] hull=5.1070259132757201e-15
SWITCH to 12 form=B (closest pair) tp=[17.433139469145448,17.433139469145448] hull=7.1942451995710144e-14
SWITCH to 23 form=B (closest pair) tp=[17.499516325732724,17.499516325732724] hull=2.4646951146678475e-14
SWITCH to 12 form=B (closest pair) tp=[17.674233099001587,17.674233099001594] hull=6.8944849829222221e-14
SWITCH to 13 form=B (closest pair) tp=[17.856095889231778,17.856095889231788] hull=7.8603790143461083e-14
SWITCH to 12 form=A (closest pair) tp=[18.23158922549441,18.231589225494425] hull=1.2714829189519605e-13
SWITCH to 23 form=B (closest pair) tp=[18.435176476585845,18.435176476585852] hull=6.9477756881042296e-13
SWITCH to 13 form=B (closest pair) tp=[18.531521073055004,18.531521073055018] hull=3.2418512319054571e-13
SWITCH to 23 form=A (closest pair) tp=[18.710725486912505,18.710725486912537] hull=3.9568348597640579e-13
SWITCH to 13 form=B (closest pair) tp=[19.34770549849107,19.347705498491109] hull=5.9774407645818428e-13
SWITCH to 23 form=A (closest pair) tp=[19.414909047985155,19.414909047985248] hull=2.0135892953021539e-11
SWITCH to 13 form=A (closest pair) tp=[19.462442162438453,19.462442162438737] hull=1.9312551557959523e-11
STEPS 14170 retries=0 switches=41 launch_window_end_tp=0.22458501194317432 min_selected=6.4310488661017642e-05 min_unselected=0.065644256589906427 min_K_after_launch=0.00097184188432849388 max_hull_width=6.5128347159770783e-11
TERMINAL chart=13 escaper=2 tp=[19.520562328844075,19.52056232884421] eta=8 s0>0.32860470271638126 rhodot>4.2867753907100292 delta>2.0278214330521545 h<-10.125327958314214 allowance<2.0367359342441813 margin=0.088592024070034164
PASS_WINDOW_LC [1/4,1/4] itinerary=13@0,auto escaper=2 margin=0.088592024070034164
