LC entry at tp=0.37286209106445312 |g|^2<0.001554554808388385 hull_width=5.5823067172670639e-148
LC exit after 98 sigma-steps at tp=0.38129137625696957 |g|>0.058881630066344656 hull_width=1.5377018238019214e-146 retries=0
exit construction done tp=0.38129137625696957 hull_width=8.8897973695854049e-147
LC entry at tp=0.7562395613827082 |g|^2<0.0015917054414184247 hull_width=2.5895061605084614e-142
LC exit after 58 sigma-steps at tp=0.76718186489990992 |g|>0.062390857092056516 hull_width=6.5345443606232433e-141 retries=0
exit construction done tp=0.76718186489990992 hull_width=3.2857076793186669e-141
phys tp=1.2798958054835088 steps=500 hull_width=1.1589288143864926e-139 retries=0
LC entry at tp=1.7490167847925906 |g|^2<0.0015355775276135338 hull_width=1.0399768263486685e-132
LC exit after 101 sigma-steps at tp=1.7576928120376962 |g|>0.06189877626977041 hull_width=2.8517643202134848e-131 retries=0
exit construction done tp=1.7576928120376962 hull_width=1.4839106546970133e-131
phys tp=1.9815323057467127 steps=1000 hull_width=1.4196672645107932e-129 retries=0
LC entry at tp=2.3191154661471036 |g|^2<0.0015916952284988587 hull_width=9.9371621493930663e-126
LC exit after 29 sigma-steps at tp=2.3302427365489913 |g|>0.060449154591134216 hull_width=2.4770257425520749e-124 retries=0
exit construction done tp=2.3302427365489913 hull_width=1.1233260272569929e-124
phys tp=3.0512601906619343 steps=1500 hull_width=3.1902352423341386e-119 retries=0
LC entry at tp=3.1632137352786334 |g|^2<0.0015449647821640384 hull_width=2.5591022005232832e-117
LC exit after 165 sigma-steps at tp=3.1715723866728522 |g|>0.062587349198587786 hull_width=6.9561663668937951e-116 retries=0
exit construction done tp=3.1715723866728522 hull_width=3.5389818374353222e-116
phys tp=3.964190698113351 steps=2000 hull_width=2.4910475912924579e-108 retries=0
LC entry at tp=4.5900066618584683 |g|^2<0.0015741628996288829 hull_width=5.3627211887167006e-102
LC exit after 85 sigma-steps at tp=4.5988207357351216 |g|>0.059708504132564566 hull_width=1.4326294201708611e-100 retries=0
exit construction done tp=4.5988207357351216 hull_width=8.061639624966882e-101
phys tp=4.8931433829048139 steps=2500 hull_width=7.99919152375867e-99 retries=0
LC entry at tp=5.5522689017036422 |g|^2<0.0015436562380426845 hull_width=1.664002042326402e-92
LC exit after 62 sigma-steps at tp=5.5624054781747079 |g|>0.059817555535721857 hull_width=4.1829448018893094e-91 retries=0
exit construction done tp=5.5624054781747079 hull_width=2.3397619228933169e-91
phys tp=5.8113172740989532 steps=3000 hull_width=9.42907866900196e-89 retries=0
LC entry at tp=5.9574573726707305 |g|^2<0.0015452711918662689 hull_width=9.0644024631799114e-87
LC exit after 125 sigma-steps at tp=5.9659489824229928 |g|>0.061911082106221253 hull_width=9.0644024631799114e-87 retries=0
exit construction done tp=5.9659489824229928 hull_width=1.4495776015323911e-86
phys tp=6.7973264596410132 steps=3500 hull_width=3.1893019770449354e-82 retries=0
phys tp=7.99514292692617 steps=4000 hull_width=2.6141926934049578e-75 retries=0
LC entry at tp=8.2384973428197252 |g|^2<0.0015820807080288101 hull_width=8.5063994658546389e-74
LC exit after 70 sigma-steps at tp=8.2477681915328631 |g|>0.061065699704690009 hull_width=8.5063994658546389e-74 retries=0
exit construction done tp=8.2477681915328631 hull_width=6.822147824311097e-74
phys tp=9.1931995507211131 steps=4500 hull_width=1.7870767663490165e-69 retries=0
LC entry at tp=9.1994983788461138 |g|^2<0.0015371303137103874 hull_width=9.465332645760288e-69
LC exit after 71 sigma-steps at tp=9.2090060499552724 |g|>0.05974996609212372 hull_width=2.3122517547514776e-67 retries=0
exit construction done tp=9.2090060499552724 hull_width=1.3825178585078701e-67
LC entry at tp=9.4710314960362272 |g|^2<0.0015512075977620629 hull_width=2.4473885152312952e-65
LC exit after 87 sigma-steps at tp=9.4800287702802137 |g|>0.059957211548763129 hull_width=6.9678178624906958e-64 retries=0
exit construction done tp=9.4800287702802137 hull_width=3.8773411538764091e-64
LC entry at tp=9.9430279234772545 |g|^2<0.0015649114675619781 hull_width=9.3717577847358441e-61
LC exit after 92 sigma-steps at tp=9.951997631279232 |g|>0.060623370446808163 hull_width=9.3717577847358441e-61 retries=0
exit construction done tp=9.951997631279232 hull_width=9.7483967152843409e-61
phys tp=9.9883380066269094 steps=5000 hull_width=2.9756460172994825e-60 retries=0
LC entry at tp=10.420156472813431 |g|^2<0.0015684713531351371 hull_width=2.5831567586008651e-57
LC exit after 93 sigma-steps at tp=10.429430837543954 |g|>0.062782552964023672 hull_width=2.5831567586008651e-57 retries=0
exit construction done tp=10.429430837543954 hull_width=1.7596583084587617e-57
LC entry at tp=10.897902557759544 |g|^2<0.0015248515540746555 hull_width=8.417927596430098e-55
LC exit after 92 sigma-steps at tp=10.906619666223595 |g|>0.059345089544778705 hull_width=8.417927596430098e-55 retries=0
exit construction done tp=10.906619666223595 hull_width=6.2116167793306839e-55
phys tp=11.373912284949816 steps=5500 hull_width=1.8059530543838365e-51 retries=0
LC entry at tp=11.374424598792588 |g|^2<0.001568360879491755 hull_width=2.1991395887192023e-51
LC exit after 92 sigma-steps at tp=11.383512295707984 |g|>0.061374084197944094 hull_width=2.1991395887192023e-51 retries=0
exit construction done tp=11.383512295707984 hull_width=1.6439507480032795e-51
LC entry at tp=11.839194962529293 |g|^2<0.0015396520504965558 hull_width=4.9071676686626782e-48
LC exit after 77 sigma-steps at tp=11.848625669395442 |g|>0.060477142968297204 hull_width=5.5706488774720127e-47 retries=0
exit construction done tp=11.848625669395442 hull_width=1.3839517685377482e-47
LC entry at tp=11.952102958524733 |g|^2<0.0015783734220053353 hull_width=2.8138307675129404e-45
LC exit after 106 sigma-steps at tp=11.961066006823032 |g|>0.059813292843784449 hull_width=3.6061123157156379e-44 retries=0
exit construction done tp=11.961066006823032 hull_width=1.8037335821950827e-44
LC entry at tp=12.123163019372253 |g|^2<0.0015665726773586267 hull_width=1.3658419438327041e-41
LC exit after 109 sigma-steps at tp=12.132041362611726 |g|>0.059659781050126842 hull_width=3.1978376086716739e-40 retries=0
exit construction done tp=12.132041362611726 hull_width=1.9581633292118929e-40
escape certificate fired at tp=12.132142197026601 margin=0.90661749434155592
steps=5992 event_steps=167 min_event_kinetic=0.015393650608031001 final_hull_width=2.0042194733121552e-40
PASS_BURRAU_LC
