ENDGAME_PARAMS precision_bits=160 tolerance=1e-24 order=32 sync_exchange=0 sync_preswitch=0 structured_form_b=0 sync_pair23=0 structured_section=0 graph_pair23_sync=1 graph_tangent_split=0 graph_c2=1 graph_pg2=1 graph_affine_remainder=1 graph_exchange_sandwich=0 graph_fixed_energy_h=0 graph_exchange_sync=0 graph_exchange_energy_project=0 graph_exchange_invariant_project=0 graph_exchange_velocity_project=0 driver=middle_escape_endgame_capd/v26-affine-remainder-2026-08-26
ENDGAME_LEG t=2/5 tp=[0.40000000000000002,0.40000000000000002] jd=[-0.12483007882445159,-0.12483001863199888] hull=1.3332203730968566e-06 parameter_spread=1.3332202969087771e-06 quadratic_spread=1.4527334455073371e-13 defect=9.664269286182859e-18 generators=15 hull_component=4 defect_component=7
ENDGAME_LEG t=11/20 tp=[0.55000000000000004,0.55000000000000004] jd=[-0.56429976402293558,-0.56429905398772906] hull=1.0459262872461651e-06 parameter_spread=1.0459262251235878e-06 quadratic_spread=1.1783812917861071e-13 defect=3.0953976985725338e-17 generators=25 hull_component=7 defect_component=7
ENDGAME_LEG t=3/5 tp=[0.60000000000000009,0.60000000000000009] jd=[-0.62420533642025744,-0.62420431660560372] hull=2.5640578258779009e-06 parameter_spread=2.5640577278742013e-06 quadratic_spread=1.8534751908851669e-13 defect=8.1904180960368359e-17 generators=35 hull_component=8 defect_component=8
ENDGAME_LEG t=31/50 tp=[0.62000000000000011,0.62000000000000011] jd=[-0.5982362193808779,-0.59823499814564385] hull=4.6354311719293436e-06 parameter_spread=4.6354309545984863e-06 quadratic_spread=3.3528716403032306e-13 defect=1.7094602281713838e-16 generators=45 hull_component=8 defect_component=8
ENDGAME_LEG t=16/25 tp=[0.64000000000000001,0.64000000000000001] jd=[-0.51704100906950268,-0.51703959471567884] hull=6.6072652544674417e-06 parameter_spread=6.6072651172854313e-06 quadratic_spread=8.167145149083269e-13 defect=4.0299299366352923e-16 generators=55 hull_component=7 defect_component=4
ENDGAME_LEG t=33/50 tp=[0.66000000000000003,0.66000000000000003] jd=[-0.39889565643080976,-0.39889441864341618] hull=3.9609197027194623e-06 parameter_spread=3.960919669711908e-06 quadratic_spread=1.4946039260703122e-13 defect=7.6666145188684115e-16 generators=65 hull_component=4 defect_component=7
ENDGAME_LEG t=17/25 tp=[0.68000000000000005,0.68000000000000005] jd=[-0.31726298479815385,-0.31726202774748097] hull=5.6094216489143176e-06 parameter_spread=5.6094211115030656e-06 quadratic_spread=7.0315740118663817e-13 defect=7.8321157383209693e-16 generators=75 hull_component=4 defect_component=7
ENDGAME_LEG t=7/10 tp=[0.70000000000000007,0.70000000000000007] jd=[-0.27018659184740357,-0.27018579943708027] hull=4.3935174780082523e-06 parameter_spread=4.3935169593944079e-06 quadratic_spread=9.063211197051375e-13 defect=7.9310034645960483e-16 generators=85 hull_component=4 defect_component=4
ENDGAME_LEG min1 tp=[0.75803987963026287,0.75803989848641284] jd=[0,0] hull=2.4821115398480688e-06 parameter_spread=2.4821111478879652e-06 quadratic_spread=1.8516516509005386e-12 defect=9.6657392227383824e-16 generators=95 hull_component=4 defect_component=4
ENDGAME_LEG t=17/20 tp=[0.85000000000000009,0.85000000000000009] jd=[0.92799317018905314,0.92799379861635345] hull=3.4267720146907341e-06 parameter_spread=3.4267695316811895e-06 quadratic_spread=2.4816549905676935e-12 defect=1.3545539192518977e-15 generators=105 hull_component=8 defect_component=8
ENDGAME_LEG t=9/10 tp=[0.90000000000000002,0.90000000000000002] jd=[0.8086429127407686,0.80864349256368673] hull=4.5952607971013253e-06 parameter_spread=4.5952573718841308e-06 quadratic_spread=3.4234944440473152e-12 defect=1.722750443016436e-15 generators=115 hull_component=8 defect_component=8
ENDGAME_LEG t=19/20 tp=[0.95000000000000007,0.95000000000000007] jd=[0.65758746205488061,0.65758780174709697] hull=7.0637450496316749e-06 parameter_spread=7.0637395568502268e-06 quadratic_spread=5.4901127916302343e-12 defect=2.6686570788662179e-15 generators=125 hull_component=8 defect_component=8
ENDGAME_LEG t=1/1 tp=[1,1] jd=[0.52522152216789453,0.52522200976760203] hull=1.5728271793968184e-05 parameter_spread=1.5728257873257662e-05 quadratic_spread=1.3914361610635145e-11 defect=6.3489127738603046e-15 generators=135 hull_component=8 defect_component=8
ENDGAME_LEG switch13to23_formA tp=[1,1] jd=[0.52522152216789453,0.52522200976760203] hull=1.7699859919199628e-06 parameter_spread=1.7699308712784592e-06 quadratic_spread=5.5104410290874807e-11 defect=1.6231212666806873e-14 generators=144 hull_component=4 defect_component=4
ENDGAME_LEG t=21/20 tp=[1.05,1.05] jd=[1.0255847848310589,1.0256010285002357] hull=1.6243669176767113e-05 parameter_spread=1.624325842475184e-05 quadratic_spread=4.104889929970822e-10 defect=2.6302227613170942e-13 generators=154 hull_component=11 defect_component=11
ENDGAME_LEG t=11/10 tp=[1.1000000000000001,1.1000000000000001] jd=[1.104394093535418,1.1043942469394799] hull=2.0121884026830152e-06 parameter_spread=2.0121489468496313e-06 quadratic_spread=3.9131145016496314e-11 defect=6.8090261607932264e-13 generators=164 hull_component=4 defect_component=11
ENDGAME_LEG t=23/20 tp=[1.1500000000000001,1.1500000000000001] jd=[0.92482811730225234,0.92482916184187036] hull=2.0496722257491371e-06 parameter_spread=2.049633299920508e-06 quadratic_spread=3.8513059552787309e-11 defect=7.7128025527575599e-13 generators=174 hull_component=4 defect_component=11
ENDGAME_LEG t=6/5 tp=[1.2000000000000002,1.2000000000000002] jd=[0.69596797084557993,0.69596939042288419] hull=2.0527556363739524e-06 parameter_spread=2.0527169778227772e-06 quadratic_spread=3.8200078841479536e-11 defect=8.4499289563475725e-13 generators=184 hull_component=4 defect_component=11
ENDGAME_LEG t=5/4 tp=[1.25,1.25] jd=[0.44449312093069826,0.44449474249549192] hull=2.0408731853751664e-06 parameter_spread=2.0408346950882741e-06 quadratic_spread=3.8014555782949507e-11 defect=9.1930895682230079e-13 generators=194 hull_component=4 defect_component=11
ENDGAME_LEG t=13/10 tp=[1.3,1.3] jd=[0.18199456757121071,0.18199629381028826] hull=2.0209665951610623e-06 parameter_spread=2.0209282164346794e-06 quadratic_spread=3.7906605595229792e-11 defect=1.0019331638868272e-12 generators=204 hull_component=4 defect_component=11
ENDGAME_LEG max1 tp=[1.3342028393407364,1.3342031683068889] jd=[0,0] hull=1.9993019834042267e-06 parameter_spread=1.9992636243559108e-06 quadratic_spread=3.7897858823729063e-11 defect=9.3465472016927003e-13 generators=214 hull_component=4 defect_component=7
ENDGAME_MAXIMUM max1 UoverU0=[1.0007440257979041,1.000745831409432]
ENDGAME_LEG t=27/20 tp=[1.3500000000000001,1.3500000000000001] jd=[-0.084038707231101906,-0.084036956877131933] hull=1.9964015036087305e-06 parameter_spread=1.9963632094113661e-06 quadratic_spread=3.7842282955261072e-11 defect=1.1005769970523007e-12 generators=224 hull_component=4 defect_component=11
ENDGAME_LEG t=7/5 tp=[1.4000000000000001,1.4000000000000001] jd=[-0.34705462616756949,-0.34705294613928167] hull=1.9691213706974517e-06 parameter_spread=1.9690831340034592e-06 quadratic_spread=3.781946127492678e-11 defect=1.2274248159527819e-12 generators=234 hull_component=4 defect_component=11
ENDGAME_LEG t=29/20 tp=[1.4500000000000002,1.4500000000000002] jd=[-0.59936821635922433,-0.59936675727429634] hull=2.1091211906366129e-06 parameter_spread=2.1091109222947923e-06 quadratic_spread=3.7816853418487782e-11 defect=1.4067631389225499e-12 generators=244 hull_component=3 defect_component=11
ENDGAME_LEG t=3/2 tp=[1.5,1.5] jd=[-0.82860256316499714,-0.82860165298316313] hull=2.4801501394181396e-06 parameter_spread=2.4801365370525538e-06 quadratic_spread=3.7823696662028775e-11 defect=1.7026466561083582e-12 generators=254 hull_component=3 defect_component=11
ENDGAME_LEG t=31/20 tp=[1.55,1.55] jd=[-1.0039079556475581,-1.0039071444870395] hull=3.2037096294835356e-06 parameter_spread=3.2036891375313215e-06 quadratic_spread=3.7906878244097809e-11 defect=2.4034201615099682e-12 generators=264 hull_component=3 defect_component=11
ENDGAME_LEG t=8/5 tp=[1.6000000000000001,1.6000000000000001] jd=[-0.46647068615353365,-0.46645225216667502] hull=1.8433986858614901e-05 parameter_spread=1.8433624008139226e-05 quadratic_spread=3.5397684435773278e-10 defect=8.8736313172935807e-12 generators=274 hull_component=11 defect_component=11
ENDGAME_LEG t=33/20 tp=[1.6500000000000001,1.6500000000000001] jd=[-0.43682572059744612,-0.43682550268003995] hull=3.1012801584386086e-06 parameter_spread=3.1012703473630421e-06 quadratic_spread=3.2284090747990812e-11 defect=3.6490118561399168e-12 generators=284 hull_component=2 defect_component=11
ENDGAME_LEG t=17/10 tp=[1.7000000000000002,1.7000000000000002] jd=[-0.59539098057956308,-0.59538914219647998] hull=2.7002587133873124e-06 parameter_spread=2.7002499406227487e-06 quadratic_spread=4.0551716584185709e-11 defect=3.4923017038958367e-12 generators=294 hull_component=2 defect_component=11
ENDGAME_LEG t=7/4 tp=[1.75,1.75] jd=[-0.77400004451166982,-0.77399748071192553] hull=2.5637997442486561e-06 parameter_spread=2.5637760107207771e-06 quadratic_spread=5.399256310130128e-11 defect=3.663318975366004e-12 generators=304 hull_component=11 defect_component=11
ENDGAME_LEG switch23to13_formA tp=[1.75,1.75] jd=[-0.77400004451166982,-0.77399748071192553] hull=9.3732730704677642e-06 parameter_spread=9.3732398859971526e-06 quadratic_spread=2.7612989760775996e-11 defect=5.5714808521127147e-12 generators=313 hull_component=8 defect_component=8
ENDGAME_LEG t=9/5 tp=[1.8,1.8] jd=[-0.93709127039344831,-0.93708824048205774] hull=7.7962240498322263e-06 parameter_spread=7.7962020981805398e-06 quadratic_spread=2.9501393635046193e-11 defect=6.1977407382661221e-12 generators=323 hull_component=8 defect_component=8
ENDGAME_LEG t=37/20 tp=[1.8500000000000001,1.8500000000000001] jd=[-1.0464443658121947,-1.0464409019324266] hull=7.109750018267431e-06 parameter_spread=7.1097386451651953e-06 quadratic_spread=4.6769759312595599e-11 defect=7.4325122710752484e-12 generators=333 hull_component=8 defect_component=8
ENDGAME_LEG t=19/10 tp=[1.9000000000000001,1.9000000000000001] jd=[-0.97764896331496176,-0.97764434824035373] hull=6.9315208697150066e-06 parameter_spread=6.9314956409901992e-06 quadratic_spread=1.1836775025086057e-10 defect=9.7943480106191107e-12 generators=343 hull_component=8 defect_component=8
ENDGAME_LEG min2 tp=[1.9341797582159344,1.9341800358587906] jd=[0,0] hull=1.1318424934602334e-05 parameter_spread=1.1318233445903166e-05 quadratic_spread=1.777764942691576e-10 defect=1.3712204898626968e-11 generators=353 hull_component=8 defect_component=8
ENDGAME_LEG t=39/20 tp=[1.9500000000000002,1.9500000000000002] jd=[0.10145337405487964,0.10145559994002736] hull=7.6269654093493462e-06 parameter_spread=7.6268697015118432e-06 quadratic_spread=9.4846588390262762e-11 defect=1.6518534966764787e-11 generators=363 hull_component=8 defect_component=8
ENDGAME_LEG t=2/1 tp=[2,2] jd=[0.23665505146069077,0.23665629398803548] hull=1.418893076816689e-05 parameter_spread=1.4188641080194945e-05 quadratic_spread=2.4308990778624739e-10 defect=4.659806415794436e-11 generators=373 hull_component=8 defect_component=8
ENDGAME_LEG t=21/10 tp=[2.1000000000000001,2.1000000000000001] jd=[0.55266023985876545,0.55266154596412309] hull=1.715729038679117e-05 parameter_spread=1.7157207209975393e-05 quadratic_spread=1.3438834737429731e-10 defect=2.7774483037449789e-11 generators=383 hull_component=8 defect_component=8
ENDGAME_LEG t=11/5 tp=[2.2000000000000002,2.2000000000000002] jd=[0.33832104965871712,0.33832162566071655] hull=1.5606475268374074e-05 parameter_spread=1.5606438106448928e-05 quadratic_spread=1.2128625342846702e-10 defect=2.201269778870712e-11 generators=393 hull_component=8 defect_component=8
ENDGAME_LEG t=23/10 tp=[2.3000000000000003,2.3000000000000003] jd=[0.18421194529504728,0.18421987498680661] hull=1.2137732372432675e-05 parameter_spread=1.2137694982666828e-05 quadratic_spread=1.3652766944704561e-10 defect=2.3258432527471992e-11 generators=403 hull_component=8 defect_component=11
ENDGAME_LEG t=12/5 tp=[2.4000000000000004,2.4000000000000004] jd=[1.2558164699167513,1.2558175980969402] hull=1.0481009430687043e-05 parameter_spread=1.048084050063699e-05 quadratic_spread=1.4535493705702448e-10 defect=2.3575112994605507e-11 generators=413 hull_component=4 defect_component=4
ENDGAME_LEG t=5/2 tp=[2.5,2.5] jd=[0.87044856452872954,0.87045086830037832] hull=9.9052741140025171e-06 parameter_spread=9.9051146588932749e-06 quadratic_spread=1.4661749426510781e-10 defect=2.2287928617249344e-11 generators=423 hull_component=4 defect_component=4
ENDGAME_LEG t=13/5 tp=[2.6000000000000001,2.6000000000000001] jd=[0.3671814859523988,0.36718455523479027] hull=9.2745919933809905e-06 parameter_spread=9.2744392459230114e-06 quadratic_spread=1.6545982127719656e-10 defect=2.1125069339267352e-11 generators=433 hull_component=4 defect_component=4
ENDGAME_LEG max2 tp=[2.6696323894893119,2.669632937366857] jd=[0,0] hull=8.9251576774141214e-06 parameter_spread=8.9250058006942231e-06 quadratic_spread=1.9593722257231102e-10 defect=2.043059388545455e-11 generators=443 hull_component=4 defect_component=4
ENDGAME_MAXIMUM max2 UoverU0=[1.0136863389000432,1.0136928409220687]
ENDGAME_LEG t=27/10 tp=[2.7000000000000002,2.7000000000000002] jd=[-0.1584794919429369,-0.15847691282186216] hull=8.9093506047717984e-06 parameter_spread=8.9093138466111046e-06 quadratic_spread=1.901039532233482e-10 defect=2.0217659236695201e-11 generators=453 hull_component=6 defect_component=4
ENDGAME_LEG t=14/5 tp=[2.8000000000000003,2.8000000000000003] jd=[-0.64127893698344252,-0.64127861380042539] hull=9.5013065742193387e-06 parameter_spread=9.5012230812279009e-06 quadratic_spread=2.2731056461564714e-10 defect=2.4106153161785636e-11 generators=463 hull_component=2 defect_component=7
ENDGAME_LEG t=57/20 tp=[2.8500000000000001,2.8500000000000001] jd=[-0.82564585554461001,-0.82564082209417078] hull=1.1318125359144566e-05 parameter_spread=1.1318014045968889e-05 quadratic_spread=2.5647252072233454e-10 defect=2.6785260986289953e-11 generators=473 hull_component=2 defect_component=7
ENDGAME_LEG t=29/10 tp=[2.9000000000000004,2.9000000000000004] jd=[-0.86945968826219544,-0.86943309020945603] hull=2.6598052739396528e-05 parameter_spread=2.6597336760534931e-05 quadratic_spread=6.4855046910715906e-10 defect=6.7428392490734691e-11 generators=483 hull_component=11 defect_component=11
ENDGAME_LEG min3 tp=[2.9248477566210265,2.9248519461441429] jd=[0,0] hull=2.190495432997426e-05 parameter_spread=2.1904567388832006e-05 quadratic_spread=3.3618604106926101e-10 defect=5.0755101186017097e-11 generators=493 hull_component=7 defect_component=7
ENDGAME_LEG t=59/20 tp=[2.9500000000000002,2.9500000000000002] jd=[0.19707051109909912,0.19708931060848633] hull=1.8799509387201044e-05 parameter_spread=1.8799058369984635e-05 quadratic_spread=4.0407886642425253e-10 defect=5.6898629634227715e-11 generators=503 hull_component=11 defect_component=11
ENDGAME_LEG t=3/1 tp=[3,3] jd=[0.12318599340744642,0.12318806914561807] hull=1.5784832377918426e-05 parameter_spread=1.5784370748343023e-05 quadratic_spread=4.190900855836221e-10 defect=4.2539489818971974e-11 generators=513 hull_component=7 defect_component=7
ENDGAME_LEG max3 tp=[3.0353003900082962,3.0353009036021694] jd=[0,0] hull=1.9404914651310402e-05 parameter_spread=1.940427575449013e-05 quadratic_spread=5.8541504214524749e-10 defect=5.3481778123712109e-11 generators=523 hull_component=7 defect_component=7
ENDGAME_MAXIMUM max3 UoverU0=[1.2728998430441476,1.2729180064802312]
ENDGAME_LEG t=31/10 tp=[3.1000000000000001,3.1000000000000001] jd=[-0.27537158347668039,-0.27536536496220659] hull=2.2762406081620007e-05 parameter_spread=2.2761823731512794e-05 quadratic_spread=5.2438572949689333e-10 defect=5.7964377716698246e-11 generators=533 hull_component=7 defect_component=7
ENDGAME_LEG t=63/20 tp=[3.1500000000000004,3.1500000000000004] jd=[-0.50418541238374037,-0.50417691005111187] hull=2.7162157553621732e-05 parameter_spread=2.7161484535840879e-05 quadratic_spread=6.0474863581834976e-10 defect=6.8269145032219038e-11 generators=543 hull_component=7 defect_component=7
ENDGAME_LEG t=16/5 tp=[3.2000000000000002,3.2000000000000002] jd=[-0.73192875335804664,-0.7319181842762571] hull=3.2624462256724358e-05 parameter_spread=3.2623663715909384e-05 quadratic_spread=7.1682114373299944e-10 defect=8.1719671244658946e-11 generators=553 hull_component=7 defect_component=7
ENDGAME_LEG t=13/4 tp=[3.25,3.25] jd=[-0.94704589329922462,-0.94703311233827603] hull=3.9878803994230614e-05 parameter_spread=3.9877818674541154e-05 quadratic_spread=8.8467001872727777e-10 defect=1.006496707289335e-10 generators=563 hull_component=7 defect_component=7
ENDGAME_LEG t=33/10 tp=[3.3000000000000003,3.3000000000000003] jd=[-1.1350222209450735,-1.13500660046046] hull=5.049969972483613e-05 parameter_spread=5.0498403205367447e-05 quadratic_spread=1.1661813399532535e-09 defect=1.3033812873507464e-10 generators=573 hull_component=7 defect_component=7
ENDGAME_LEG t=67/20 tp=[3.3500000000000001,3.3500000000000001] jd=[-1.2709344568205252,-1.2709142274060565] hull=6.8574402396767977e-05 parameter_spread=6.8572482763713561e-05 quadratic_spread=1.7340975534604409e-09 defect=1.8553550096154641e-10 generators=583 hull_component=7 defect_component=7
ENDGAME_LEG t=17/5 tp=[3.4000000000000004,3.4000000000000004] jd=[-1.2932662416040344,-1.2932348921077415] hull=0.00010651382981573436 parameter_spread=0.0001065102354987878 quadratic_spread=4.290545432782028e-09 defect=3.9582765146399072e-10 generators=593 hull_component=7 defect_component=8
ENDGAME_LEG t=69/20 tp=[3.4500000000000002,3.4500000000000002] jd=[-0.78356309604328855,-0.78341183097742906] hull=0.0091975841032060322 parameter_spread=0.0091973751962676192 quadratic_spread=2.7822337183694104e-07 defect=1.4428734661150025e-07 generators=603 hull_component=4 defect_component=4
ENDGAME_LEG min4 tp=[3.4685524017255469,3.4685524048318657] jd=[0,0] hull=0.0019373177987736267 parameter_spread=0.0019348904801786409 quadratic_spread=1.9407743207067793e-06 defect=4.8654427427909493e-07 generators=613 hull_component=4 defect_component=4
ENDGAME_LEG t=7/2 tp=[3.5,3.5] jd=[0.89757599769405594,0.89763735585640791] hull=0.0010628398351552638 parameter_spread=0.0010608199558132933 quadratic_spread=3.2388167008430098e-06 defect=7.1302677825017048e-07 generators=623 hull_component=8 defect_component=4
ENDGAME_LEG switch13to23_formB tp=[3.5,3.5] jd=[0.89757599769405594,0.89763735585640791] hull=0.0012176811246509584 parameter_spread=0.0012166690294562728 quadratic_spread=1.2774931210817975e-06 defect=3.8735634507995485e-07 generators=632 hull_component=4 defect_component=4
ENDGAME_LEG pair23_section_1 tp=[3.5128628022005457,3.5128783909239258] jd=[1.1245313115677054,1.1247305823943481] hull=0.0014404952479349189 parameter_spread=0.0014396060360647117 quadratic_spread=1.0013130957556315e-06 defect=4.3893518742679009e-07 generators=642 hull_component=4 defect_component=4
ENDGAME_LEG pair23_section_2 tp=[3.5170913066615324,3.5171033788849768] jd=[1.3508945328105029,1.3509898002120337] hull=0.0014471018489641539 parameter_spread=0.0014462731142011655 quadratic_spread=8.7000099774203183e-07 defect=4.3314349036563562e-07 generators=652 hull_component=4 defect_component=4
ENDGAME_LEG pair23_section_3 tp=[3.5203871974045797,3.5204001707057264] jd=[1.5123370529105788,1.5123977871414855] hull=0.0014510019492063883 parameter_spread=0.0014501304935269107 quadratic_spread=8.9669070487573411e-07 defect=4.5064191197361695e-07 generators=662 hull_component=4 defect_component=4
ENDGAME_LEG pair23_section_4 tp=[3.5275914035244686,3.5276047713917316] jd=[1.646754191106415,1.6467869482700235] hull=0.0014611178992864533 parameter_spread=0.0014602845234819807 quadratic_spread=9.8628361591695695e-07 defect=4.4368565861245707e-07 generators=672 hull_component=4 defect_component=7
ENDGAME_LEG pair23_section_5 tp=[3.5406981910429618,3.5407107231754522] jd=[1.7561720542982577,1.7561777408201431] hull=0.0014938085278330294 parameter_spread=0.0014930777979987239 quadratic_spread=1.1031450849365748e-06 defect=4.43054431956009e-07 generators=682 hull_component=4 defect_component=7
ENDGAME_LEG pair23_section_6 tp=[3.5620314404933437,3.5620410117721812] jd=[1.8340278281749596,1.8340491920150157] hull=0.0015014070677891191 parameter_spread=0.0015007073133265123 quadratic_spread=1.2084337721960672e-06 defect=4.419209208909483e-07 generators=692 hull_component=4 defect_component=4
ENDGAME_LEG pair23_section_7 tp=[3.5986800611327112,3.5986847927701686] jd=[1.8884177925969818,1.8885115037327291] hull=0.0014416722406134473 parameter_spread=0.001440870499207596 quadratic_spread=1.3452128623189641e-06 defect=4.5119224014932966e-07 generators=702 hull_component=4 defect_component=4
ENDGAME_LEG pair23_section_8 tp=[3.6311413977305707,3.6311895774166092] jd=[2.043471404817423,2.0435629423141854] hull=0.0014755977859344162 parameter_spread=0.0014748367001824862 quadratic_spread=1.0158471471318027e-06 defect=4.5334262661784442e-07 generators=712 hull_component=4 defect_component=4
ENDGAME_LEG pair23_section_9 tp=[3.6367821080963427,3.6368226706700209] jd=[2.2687871871681917,2.2688019604929845] hull=0.001472190071379318 parameter_spread=0.0014714286405101921 quadratic_spread=1.0579716549002374e-06 defect=4.5107222155921013e-07 generators=722 hull_component=4 defect_component=4
ENDGAME_LEG pair23_section_10 tp=[3.6398838973145216,3.6399253311663462] jd=[2.4237187112118095,2.4237728251594812] hull=0.0014727767197377918 parameter_spread=0.0014720139523163563 quadratic_spread=1.0572534338282862e-06 defect=4.5259778363966792e-07 generators=732 hull_component=4 defect_component=4
ENDGAME_LEG pair23_section_11 tp=[3.6471609058258347,3.6472027251929013] jd=[2.5298099897517421,2.529889604925204] hull=0.0014737897660812734 parameter_spread=0.001473031188078491 quadratic_spread=1.0674751663478602e-06 defect=4.5101641197639751e-07 generators=742 hull_component=4 defect_component=4
ENDGAME_LEG pair23_section_12 tp=[3.6607444983855078,3.6607854327364331] jd=[2.5896827655689743,2.5897807822117325] hull=0.0014772888502858005 parameter_spread=0.0014765417659692351 quadratic_spread=1.0913274424056789e-06 defect=4.5009228399162862e-07 generators=752 hull_component=4 defect_component=4
ENDGAME_LEG pair23_section_13 tp=[3.6828147265252782,3.6828527236050057] jd=[2.6034462387665136,2.6035605570479521] hull=0.0014782769992011024 parameter_spread=0.0014775350570657203 quadratic_spread=1.1265542099010279e-06 defect=4.5241264413193165e-07 generators=762 hull_component=4 defect_component=4
ENDGAME_LEG pair23_section_14 tp=[3.7204902096106087,3.7205133570162174] jd=[2.5820898314537102,2.5822601572920409] hull=0.0014645023873207279 parameter_spread=0.0014637363945926073 quadratic_spread=1.1931725620276229e-06 defect=4.542405997775615e-07 generators=772 hull_component=4 defect_component=4
ENDGAME_LEG pair23_section_15 tp=[3.7513675595307996,3.7514453312654283] jd=[2.6854551138054386,2.6855065277760137] hull=0.0014748523062253465 parameter_spread=0.0014740985118385963 quadratic_spread=1.0599548328318756e-06 defect=4.5460396362186161e-07 generators=782 hull_component=4 defect_component=4
ENDGAME_LEG pair23_section_16 tp=[3.7572804990083326,3.7573497735937864] jd=[2.9071466374873385,2.9072976241950221] hull=0.0014736504865725871 parameter_spread=0.0014728966451807294 quadratic_spread=1.0806332282365375e-06 defect=4.5372677925294467e-07 generators=792 hull_component=4 defect_component=4
ENDGAME_LEG pair23_section_17 tp=[3.7603732148482734,3.7604433594256181] jd=[3.0598230637958608,3.0600142062738653] hull=0.0014738636406485222 parameter_spread=0.0014731093530030053 quadratic_spread=1.0802199034109219e-06 defect=4.5424650100713259e-07 generators=802 hull_component=4 defect_component=4
ENDGAME_LEG pair23_section_18 tp=[3.7676888582552936,3.7677593917548053] jd=[3.1581821300164461,3.158398074723582] hull=0.0014741901192697378 parameter_spread=0.0014734372886554387 quadratic_spread=1.0849978846534352e-06 defect=4.5371914799943397e-07 generators=812 hull_component=4 defect_component=4
ENDGAME_LEG pair23_section_19 tp=[3.781381321587217,3.7814509839867583] jd=[3.2036040438679256,3.2038356455310764] hull=0.0014752821375788525 parameter_spread=0.0014745334697845683 quadratic_spread=1.0971739519472368e-06 defect=4.5343689004908033e-07 generators=822 hull_component=4 defect_component=4
ENDGAME_LEG pair23_section_20 tp=[3.8036217357293007,3.8036884686754839] jd=[3.1962910726611558,3.1965345287487859] hull=0.0014754964662356562 parameter_spread=0.0014747499538321663 quadratic_spread=1.1171558761618914e-06 defect=4.5435595898054466e-07 generators=832 hull_component=4 defect_component=4
ENDGAME_LEG pair23_section_21 tp=[3.841602779142387,3.8416543671707162] jd=[3.1456806271014703,3.1459701848835619] hull=0.0014696913457085091 parameter_spread=0.0014689346047545946 quadratic_spread=1.1586567452579632e-06 defect=4.5508281001602835e-07 generators=842 hull_component=4 defect_component=4
ENDGAME_LEG t=77/20 tp=[3.8500000000000001,3.8500000000000001] jd=[3.1426415687672238,3.142983913164179] hull=0.0014610898952632809 parameter_spread=0.0014603459094764549 quadratic_spread=1.0937601497999021e-06 defect=4.5223398447234635e-07 generators=852 hull_component=4 defect_component=4
TERMINAL_BOX 4 0.29000000000000004 0.29000010000000004 0.15602288741448619 0.15604325122847681 -0.31345871825556182 -0.31312039821782323 0.070497783018714177 0.071028458505004208 0.44046232032509858 0.44152645892988251 -0.79849206739102074 -0.79844130111784573 0.97364605873972188 0.97381536451826323 -1.4624807037671672 -1.4624772096464449 1.9290447198434526 1.9294545974477164 -9.2747679566602521 -9.2733068667649885
TERMINAL inf_d=0.87541291018246958
TERMINAL inf_rhodot=2.418678865359861
TERMINAL inf_Erho=0.20645295638066724
TERMINAL sup_h=-9.2733068667649885 sup_Delta=1.8621832464383485 inf_margin=3.4111236203266415
PASS_MIDDLE_ESCAPE_ENDGAME u=[29/100,2900001/10000000] t_terminal=77/20 eta=4 method=CAPD-6.1.0-MPFR capd_commit=731079217a9254ea2948d742df2b170895effe7f
