ENDGAME_PARAMS precision_bits=160 tolerance=1e-24 order=32 sync_exchange=0 sync_preswitch=0 structured_form_b=0 sync_pair23=0 structured_section=0 graph_pair23_sync=1 graph_tangent_split=0 graph_c2=1 graph_pg2=1 graph_affine_remainder=1 graph_exchange_sandwich=0 graph_fixed_energy_h=0 graph_exchange_sync=0 graph_exchange_energy_project=0 graph_exchange_invariant_project=0 graph_exchange_velocity_project=0 driver=middle_escape_endgame_capd/v26-affine-remainder-2026-08-26
ENDGAME_LEG t=2/5 tp=[0.40000000000000002,0.40000000000000002] jd=[-0.1248300788233758,-0.1248294769419916] hull=1.3332187375918745e-05 parameter_spread=1.3332179752228766e-05 quadratic_spread=1.4527423384866924e-11 defect=9.6651796062965062e-15 generators=15 hull_component=4 defect_component=7
ENDGAME_LEG t=11/20 tp=[0.55000000000000004,0.55000000000000004] jd=[-0.56429976401941195,-0.56429266368627362] hull=1.0459338877413841e-05 parameter_spread=1.0459332637189226e-05 quadratic_spread=1.178395129807068e-11 defect=3.095673539246053e-14 generators=25 hull_component=7 defect_component=7
ENDGAME_LEG t=3/5 tp=[0.60000000000000009,0.60000000000000009] jd=[-0.62420533642309661,-0.62419513826772288] hull=2.5640881331344624e-05 parameter_spread=2.5640871456450939e-05 quadratic_spread=1.8534926452798234e-11 defect=8.191200176454815e-14 generators=35 hull_component=8 defect_component=8
ENDGAME_LEG t=31/50 tp=[0.62000000000000011,0.62000000000000011] jd=[-0.59823621938884763,-0.59822400700676592] hull=4.635481784597778e-05 parameter_spread=4.6354795956880705e-05 quadratic_spread=3.3528363702814794e-11 defect=1.7096219994962528e-13 generators=45 hull_component=8 defect_component=8
ENDGAME_LEG t=16/25 tp=[0.64000000000000001,0.64000000000000001] jd=[-0.51704100907342554,-0.51702686551703603] hull=6.6073559902375578e-05 parameter_spread=6.6073545887357387e-05 quadratic_spread=8.1673466196712776e-11 defect=4.0304447358806038e-13 generators=55 hull_component=7 defect_component=4
ENDGAME_LEG t=33/50 tp=[0.66000000000000003,0.66000000000000003] jd=[-0.39889565642738334,-0.39888327856084838] hull=3.9609075001775359e-05 parameter_spread=3.960907103032624e-05 quadratic_spread=1.4945146941159946e-11 defect=7.6675820353613313e-13 generators=65 hull_component=4 defect_component=7
ENDGAME_LEG t=17/25 tp=[0.68000000000000005,0.68000000000000005] jd=[-0.31726298480655346,-0.31725341426701931] hull=5.6093557188674289e-05 parameter_spread=5.6093502768927693e-05 quadratic_spread=7.030802674113731e-11 defect=7.8331997093444467e-13 generators=75 hull_component=4 defect_component=7
ENDGAME_LEG t=7/10 tp=[0.70000000000000007,0.70000000000000007] jd=[-0.27018659186237326,-0.27017866770389704] hull=4.3934927774348344e-05 parameter_spread=4.3934875200282387e-05 quadratic_spread=9.0625525587728831e-11 defect=7.932069775380905e-13 generators=85 hull_component=4 defect_component=4
ENDGAME_LEG min1 tp=[0.75803987963316488,0.7580400681734456] jd=[0,0] hull=2.4820974221847908e-05 parameter_spread=2.4820934158896707e-05 quadratic_spread=1.8515781115655452e-10 defect=9.6670853269212719e-13 generators=95 hull_component=4 defect_component=4
ENDGAME_LEG t=17/20 tp=[0.85000000000000009,0.85000000000000009] jd=[0.92799317017153304,0.92799945448063559] hull=3.4267441727697195e-05 parameter_spread=3.4267192218845525e-05 quadratic_spread=2.4815403220690121e-10 defect=1.354819464221696e-12 generators=105 hull_component=8 defect_component=8
ENDGAME_LEG t=9/10 tp=[0.90000000000000002,0.90000000000000002] jd=[0.80864291269444322,0.8086487110036733] hull=4.5952074688031391e-05 parameter_spread=4.5951730631193507e-05 quadratic_spread=3.4233374924075263e-10 defect=1.7230886453585714e-12 generators=115 hull_component=8 defect_component=8
ENDGAME_LEG t=19/20 tp=[0.95000000000000007,0.95000000000000007] jd=[0.65758746194311746,0.65759085908800241] hull=7.0635950909739897e-05 parameter_spread=7.0635399258744518e-05 quadratic_spread=5.4898184140068192e-10 defect=2.6691539709940682e-12 generators=125 hull_component=8 defect_component=8
ENDGAME_LEG t=1/1 tp=[1,1] jd=[0.52521713417973448,0.52522200955766585] hull=0.00015727406436178481 parameter_spread=0.00015727266670592703 quadratic_spread=1.3913059547859055e-09 defect=6.3499029666024785e-12 generators=135 hull_component=8 defect_component=8
ENDGAME_LEG switch13to23_formA tp=[1,1] jd=[0.52521713417973448,0.52522200955766585] hull=1.7704840536248383e-05 parameter_spread=1.7699314790501704e-05 quadratic_spread=5.5095136134933207e-09 defect=1.6232133186363422e-11 generators=144 hull_component=4 defect_component=4
ENDGAME_LEG t=21/20 tp=[1.05,1.05] jd=[1.0254384557527543,1.0256010661629735] hull=0.00016261041021927022 parameter_spread=0.00016256902687182307 quadratic_spread=4.111942248568647e-08 defect=2.639249614482128e-10 generators=154 hull_component=11 defect_component=11
ENDGAME_LEG t=11/10 tp=[1.1000000000000001,1.1000000000000001] jd=[1.1043940933050778,1.1043956272475037] hull=2.0125517481904873e-05 parameter_spread=2.0121281424908533e-05 quadratic_spread=3.9100322878398291e-09 defect=6.8407272878581648e-10 generators=164 hull_component=4 defect_component=11
ENDGAME_LEG t=23/20 tp=[1.1500000000000001,1.1500000000000001] jd=[0.92482811701132461,0.9248385629551461] hull=2.0500402153383846e-05 parameter_spread=2.0496139449697756e-05 quadratic_spread=3.8481515967641707e-09 defect=7.7498156431991153e-10 generators=174 hull_component=4 defect_component=11
ENDGAME_LEG t=6/5 tp=[1.2000000000000002,1.2000000000000002] jd=[0.69596797047915471,0.69598216707074678] hull=2.0531263191300229e-05 parameter_spread=2.052698587895598e-05 quadratic_spread=3.8168002019573661e-09 defect=8.4910846516447056e-10 generators=184 hull_component=4 defect_component=11
ENDGAME_LEG t=5/4 tp=[1.25,1.25] jd=[0.44449312050798256,0.44450933714229857] hull=2.0412448901336202e-05 parameter_spread=2.0408172791214783e-05 quadratic_spread=3.7982174406727695e-09 defect=9.2383113372126355e-10 generators=194 hull_component=4 defect_component=11
ENDGAME_LEG t=13/10 tp=[1.3,1.3] jd=[0.18199456709209622,0.18201183063147799] hull=2.021337961786726e-05 parameter_spread=2.0209117903484186e-05 quadratic_spread=3.7874134459772326e-09 defect=1.0069015422192089e-09 generators=204 hull_component=4 defect_component=11
ENDGAME_LEG max1 tp=[1.3342028392421275,1.3342061291460063] jd=[0,0] hull=1.9996719786777906e-05 parameter_spread=1.999246990320348e-05 quadratic_spread=3.7865426958370102e-09 defect=9.3969523234967934e-10 generators=214 hull_component=4 defect_component=7
ENDGAME_MAXIMUM max1 UoverU0=[1.0007356401155048,1.0007536975599647]
ENDGAME_LEG t=27/20 tp=[1.3500000000000001,1.3500000000000001] jd=[-0.084038707777056423,-0.084021202883618917] hull=1.9967712981897474e-05 parameter_spread=1.9963477955913107e-05 quadratic_spread=3.7809915031602814e-09 defect=1.1061306204949401e-09 generators=224 hull_component=4 defect_component=11
ENDGAME_LEG t=7/5 tp=[1.4000000000000001,1.4000000000000001] jd=[-0.3470546268039863,-0.34703782486029583] hull=1.9694885926980527e-05 parameter_spread=1.969068797806112e-05 quadratic_spread=3.7787366676558805e-09 defect=1.2336672554116185e-09 generators=234 hull_component=4 defect_component=11
ENDGAME_LEG t=29/20 tp=[1.4500000000000002,1.4500000000000002] jd=[-0.59936821713829991,-0.59935362408980153] hull=2.1092278821265756e-05 parameter_spread=2.1090793067895456e-05 quadratic_spread=3.7785185077777136e-09 defect=1.4139753574124543e-09 generators=244 hull_component=3 defect_component=11
ENDGAME_LEG t=3/2 tp=[1.5,1.5] jd=[-0.82860256423177958,-0.82859345901721992] hull=2.4802780126026835e-05 parameter_spread=2.4800863928308985e-05 quadratic_spread=3.7792575670331746e-09 defect=1.7114542769079705e-09 generators=254 hull_component=3 defect_component=11
ENDGAME_LEG t=31/20 tp=[1.55,1.55] jd=[-1.0039152546590877,-1.0039071415511156] hull=3.2038502431631815e-05 parameter_spread=3.2035701950320922e-05 quadratic_spread=3.7876270165136567e-09 defect=2.4159653313359244e-09 generators=264 hull_component=3 defect_component=11
ENDGAME_LEG t=8/5 tp=[1.6000000000000001,1.6000000000000001] jd=[-0.46663675102373003,-0.46645220116526181] hull=0.00018454985846824582 parameter_spread=0.00018450543411907105 quadratic_spread=3.549259192356079e-08 defect=8.9317572512115116e-09 generators=274 hull_component=11 defect_component=11
ENDGAME_LEG t=33/20 tp=[1.6500000000000001,1.6500000000000001] jd=[-0.43682572235452938,-0.43682354179380473] hull=3.1015777706565271e-05 parameter_spread=3.1013460547602898e-05 quadratic_spread=3.2331872187211565e-09 defect=3.6971674779342375e-09 generators=284 hull_component=2 defect_component=11
ENDGAME_LEG t=17/10 tp=[1.7000000000000002,1.7000000000000002] jd=[-0.59539098337548291,-0.59537259588997038] hull=2.7005019198853583e-05 parameter_spread=2.7002770444722997e-05 quadratic_spread=4.0614064983977285e-09 defect=3.5468681143785356e-09 generators=294 hull_component=2 defect_component=11
ENDGAME_LEG t=7/4 tp=[1.75,1.75] jd=[-0.77400004821270207,-0.77397440526745143] hull=2.5642945250602244e-05 parameter_spread=2.5637207751767824e-05 quadratic_spread=5.4078689347575039e-09 defect=3.7253315174461855e-09 generators=304 hull_component=11 defect_component=11
ENDGAME_LEG switch23to13_formA tp=[1.75,1.75] jd=[-0.77400004821270207,-0.77397440526745143] hull=9.3742657243576632e-05 parameter_spread=9.3734263678428613e-05 quadratic_spread=2.7485199707905365e-09 defect=5.6450451772350463e-09 generators=313 hull_component=8 defect_component=8
ENDGAME_LEG t=9/5 tp=[1.8,1.8] jd=[-0.93709127530395975,-0.93706096973592679] hull=7.7970206393365276e-05 parameter_spread=7.7962344694493607e-05 quadratic_spread=2.9565772283558797e-09 defect=6.2994417876062438e-09 generators=323 hull_component=8 defect_component=8
ENDGAME_LEG t=37/20 tp=[1.8500000000000001,1.8500000000000001] jd=[-1.0464443729112742,-1.0464097250725883] hull=7.1104572064060377e-05 parameter_spread=7.1096622897257793e-05 quadratic_spread=4.6863049167025849e-09 defect=7.5702155297952923e-09 generators=333 hull_component=8 defect_component=8
ENDGAME_LEG t=19/10 tp=[1.9000000000000001,1.9000000000000001] jd=[-0.97764897922612892,-0.97760280942527011] hull=6.9324497541157148e-05 parameter_spread=6.9312944377968258e-05 quadratic_spread=1.1858557935891276e-08 defect=9.9898842755322655e-09 generators=343 hull_component=8 defect_component=8
ENDGAME_LEG min2 tp=[1.9341772590952975,1.9341800378544727] jd=[0,0] hull=0.00011320800736393897 parameter_spread=0.00011317619919624067 quadratic_spread=1.7792117290767782e-08 defect=1.4016050407531995e-08 generators=353 hull_component=8 defect_component=8
ENDGAME_LEG t=39/20 tp=[1.9500000000000002,1.9500000000000002] jd=[0.10145336042049398,0.10147563668946105] hull=7.6289449381921554e-05 parameter_spread=7.6264607071059722e-05 quadratic_spread=9.4942370543149719e-09 defect=1.6888548946630567e-08 generators=363 hull_component=8 defect_component=8
ENDGAME_LEG t=2/1 tp=[2,2] jd=[0.23665503912542019,0.23666748225140335] hull=0.00014194329881970773 parameter_spread=0.000141871203472911 quadratic_spread=2.4404099817762063e-08 defect=4.7691246978956581e-08 generators=373 hull_component=8 defect_component=8
ENDGAME_LEG t=21/10 tp=[2.1000000000000001,2.1000000000000001] jd=[0.55266023268794917,0.55267330710064422] hull=0.00017161595332806191 parameter_spread=0.00017158164266658726 quadratic_spread=1.3470121208872547e-08 defect=2.8753197252655359e-08 generators=383 hull_component=8 defect_component=8
ENDGAME_LEG t=11/5 tp=[2.2000000000000002,2.2000000000000002] jd=[0.33832104385819561,0.33832681698001116] hull=0.00015609502848137021 parameter_spread=0.00015607058787678107 quadratic_spread=1.2124516923491737e-08 defect=2.2927272477868134e-08 generators=393 hull_component=8 defect_component=8
ENDGAME_LEG t=23/10 tp=[2.3000000000000003,2.3000000000000003] jd=[0.18414058635229361,0.18421989013611639] hull=0.00012140153412402772 parameter_spread=0.00012138098091630946 quadratic_spread=1.3648474774304101e-08 defect=2.4042659448140747e-08 generators=403 hull_component=8 defect_component=11
ENDGAME_LEG t=12/5 tp=[2.4000000000000004,2.4000000000000004] jd=[1.255806304720368,1.255817606315393] hull=0.00010483862342061915 parameter_spread=0.00010479964930549277 quadratic_spread=1.4526119553348415e-08 defect=2.4447995573039348e-08 generators=413 hull_component=4 defect_component=4
ENDGAME_LEG t=5/2 tp=[2.5,2.5] jd=[0.87044855672201626,0.87047160640438304] hull=9.9080040786361789e-05 parameter_spread=9.9043214795646147e-05 quadratic_spread=1.4671351635545318e-08 defect=2.3118088780760236e-08 generators=423 hull_component=4 defect_component=4
ENDGAME_LEG t=13/5 tp=[2.6000000000000001,2.6000000000000001] jd=[0.36718147686574931,0.36721218380845388] hull=9.2771886832694543e-05 parameter_spread=9.2736807896236727e-05 quadratic_spread=1.6554589586087785e-08 defect=2.1924857112728253e-08 generators=433 hull_component=4 defect_component=4
ENDGAME_LEG max2 tp=[2.669632387503682,2.6696378694860599] jd=[0,0] hull=8.927668723725196e-05 parameter_spread=8.9242337886937095e-05 quadratic_spread=1.9604706672907277e-08 defect=2.1598357482195764e-08 generators=443 hull_component=4 defect_component=7
ENDGAME_MAXIMUM max2 UoverU0=[1.0136511862282178,1.0137162188688893]
ENDGAME_LEG t=27/10 tp=[2.7000000000000002,2.7000000000000002] jd=[-0.15847950312229309,-0.1584536928623102] hull=8.9107008344484174e-05 parameter_spread=8.9092695081013546e-05 quadratic_spread=1.9018674823138643e-08 defect=2.1501859013671331e-08 generators=453 hull_component=6 defect_component=7
ENDGAME_LEG t=14/5 tp=[2.8000000000000003,2.8000000000000003] jd=[-0.64128184814603406,-0.64127860782504742] hull=9.5026609899402108e-05 parameter_spread=9.5003205578651092e-05 quadratic_spread=2.2739574207929953e-08 defect=2.5731144135042479e-08 generators=463 hull_component=2 defect_component=7
ENDGAME_LEG t=57/20 tp=[2.8500000000000001,2.8500000000000001] jd=[-0.82569114741954786,-0.82564081319032467] hull=0.00011319541488333358 parameter_spread=0.00011316623214001136 quadratic_spread=2.5656040162797682e-08 defect=2.8601897540113633e-08 generators=473 hull_component=2 defect_component=7
ENDGAME_LEG t=29/10 tp=[2.9000000000000004,2.9000000000000004] jd=[-0.86969893730408798,-0.86943305250420433] hull=0.00026588479988369626 parameter_spread=0.00026574980909389482 quadratic_spread=6.4718553119358065e-08 defect=7.0272236682071247e-08 generators=483 hull_component=11 defect_component=11
ENDGAME_LEG min3 tp=[2.9248477506095987,2.9248896565100631] jd=[0,0] hull=0.00021914916349581224 parameter_spread=0.0002190621014569062 quadratic_spread=3.3615641678265679e-08 defect=5.3446397227773795e-08 generators=493 hull_component=7 defect_component=7
ENDGAME_LEG t=59/20 tp=[2.9500000000000002,2.9500000000000002] jd=[0.19690116498334764,0.19708937300366799] hull=0.00018820802032035481 parameter_spread=0.00018810864186690266 quadratic_spread=4.0417382833933695e-08 defect=5.9907152400876081e-08 generators=503 hull_component=11 defect_component=11
ENDGAME_LEG t=3/1 tp=[3,3] jd=[0.12316726168210536,0.12318809101307761] hull=0.00015792864185159406 parameter_spread=0.00015784117937631459 quadratic_spread=4.1917528265645732e-08 defect=4.5544947013812581e-08 generators=513 hull_component=7 defect_component=7
ENDGAME_LEG max3 tp=[3.0353003813005595,3.0353055278867185] jd=[0,0] hull=0.00019415733770028696 parameter_spread=0.00019404070751769784 quadratic_spread=5.8562691178866945e-08 defect=5.8067491410255552e-08 generators=523 hull_component=7 defect_component=7
ENDGAME_MAXIMUM max3 UoverU0=[1.2728847943142296,1.2730665505333281]
ENDGAME_LEG t=31/10 tp=[3.1000000000000001,3.1000000000000001] jd=[-0.2753716224597767,-0.27530938985406928] hull=0.0002277367878821234 parameter_spread=0.00022762231679866697 quadratic_spread=5.2449333352890501e-08 defect=6.2021750103545203e-08 generators=533 hull_component=7 defect_component=7
ENDGAME_LEG t=63/20 tp=[3.1500000000000004,3.1500000000000004] jd=[-0.50418545802013848,-0.50410037700463439] hull=0.00027175789282457157 parameter_spread=0.0002716243615782806 quadratic_spread=6.0487997211968719e-08 defect=7.3043249079047448e-08 generators=543 hull_component=7 defect_component=7
ENDGAME_LEG t=16/5 tp=[3.2000000000000002,3.2000000000000002] jd=[-0.73192880839680563,-0.73182304530471742] hull=0.00032641321884673024 parameter_spread=0.00032625405793922069 quadratic_spread=7.1699034541721989e-08 defect=8.7461872967854777e-08 generators=553 hull_component=7 defect_component=7
ENDGAME_LEG t=13/4 tp=[3.25,3.25] jd=[-0.94704596143773834,-0.94691805897964121] hull=0.0003990040310353298 parameter_spread=0.00039880773543099387 quadratic_spread=8.8490272282000933e-08 defect=1.0780533205389749e-07 generators=563 hull_component=7 defect_component=7
ENDGAME_LEG t=33/10 tp=[3.3000000000000003,3.3000000000000003] jd=[-1.135022309411458,-1.1348659789827948] hull=0.00050528989406165817 parameter_spread=0.00050503343794234905 quadratic_spread=1.1665303220799946e-07 defect=1.3980308710107001e-07 generators=573 hull_component=7 defect_component=7
ENDGAME_LEG t=67/20 tp=[3.3500000000000001,3.3500000000000001] jd=[-1.2709345831091998,-1.2707321002583805] hull=0.00068617903101272481 parameter_spread=0.0006858060421441178 quadratic_spread=1.7346831455152298e-07 defect=1.9952055405545737e-07 generators=583 hull_component=7 defect_component=7
ENDGAME_LEG t=17/5 tp=[3.4000000000000004,3.4000000000000004] jd=[-1.2932664706673997,-1.2929526063062406] hull=0.0010657711028666309 parameter_spread=0.0010650959401174113 quadratic_spread=4.2939126778886375e-07 defect=4.2583684277500686e-07 generators=593 hull_component=7 defect_component=8
ENDGAME_LEG t=69/20 tp=[3.4500000000000002,3.4500000000000002] jd=[-0.78356405660281414,-0.78205063167374755] hull=0.091473044320102254 parameter_spread=0.09129762645602045 quadratic_spread=2.8281765409558402e-05 defect=0.00017301264692588014 generators=603 hull_component=4 defect_component=4
ENDGAME_LEG min4 tp=[3.4685508852338183,3.4685539818313504] jd=[0,0] hull=0.032580938251202028 parameter_spread=0.01932233950516515 quadratic_spread=0.00018860734070896536 defect=0.013069991405327915 generators=613 hull_component=4 defect_component=4
ENDGAME_LEG t=7/2 tp=[3.5,3.5] jd=[0.89664544256457446,0.89800043502163673] hull=0.023804460034576581 parameter_spread=0.010569271322476224 quadratic_spread=0.00042752421861143644 defect=0.019157834144188996 generators=623 hull_component=4 defect_component=4
ENDGAME_LEG switch13to23_formB tp=[3.5,3.5] jd=[0.89664544256457446,0.89800043502163673] hull=0.02213377749332935 parameter_spread=0.012142669619896523 quadratic_spread=0.00012919809196220978 defect=0.0099053723874445651 generators=632 hull_component=4 defect_component=4
ENDGAME_LEG pair23_section_1 tp=[3.512787817608265,3.5130966907555221] jd=[1.1230858346882271,1.127995279458448] hull=0.02521888491993041 parameter_spread=0.014362076329637444 quadratic_spread=0.00011158166555014387 defect=0.010810251551219043 generators=642 hull_component=4 defect_component=4
ENDGAME_LEG pair23_section_2 tp=[3.5170297468455751,3.5172762725520421] jd=[1.3497046753250062,1.3530457623889622] hull=0.025216827372739118 parameter_spread=0.014436709135063912 quadratic_spread=8.4372280296237743e-05 defect=0.010740510007718902 generators=652 hull_component=4 defect_component=4
ENDGAME_LEG pair23_section_3 tp=[3.5203020075416935,3.5206046952261252] jd=[1.5112584949984362,1.5140235022823409] hull=0.025790621473720503 parameter_spread=0.014474657334763517 quadratic_spread=7.4469442701466436e-05 defect=0.011270706814771188 generators=662 hull_component=4 defect_component=4
ENDGAME_LEG pair23_section_4 tp=[3.5274721157109243,3.5278464478931384] jd=[1.6458213192097384,1.6480078088921135] hull=0.025486346835993313 parameter_spread=0.014575912936027996 quadratic_spread=8.616457464433816e-05 defect=0.010865771844817913 generators=672 hull_component=4 defect_component=4
ENDGAME_LEG pair23_section_5 tp=[3.5405448286485313,3.5409778999769124] jd=[1.7554488318056527,1.7569397356149261] hull=0.025674849521592012 parameter_spread=0.014903021440559419 quadratic_spread=0.00010559221227151008 defect=0.010738916458224347 generators=682 hull_component=4 defect_component=4
ENDGAME_LEG pair23_section_6 tp=[3.5618519371726776,3.5623056006962561] jd=[1.8332460405459687,1.8346270640367042] hull=0.026212112308445109 parameter_spread=0.014979966408312452 quadratic_spread=0.0001227370645149821 defect=0.011205815188728823 generators=692 hull_component=4 defect_component=4
ENDGAME_LEG pair23_section_7 tp=[3.5984710775072513,3.5988465125075577] jd=[1.8868914025722501,1.8891812590482486] hull=0.025947715441394185 parameter_spread=0.01438615526891468 quadratic_spread=0.00014344010916724208 defect=0.01152392703113385 generators=702 hull_component=4 defect_component=4
ENDGAME_LEG pair23_section_8 tp=[3.6309021722384687,3.6318653321030134] jd=[2.0420571960473199,2.0458136429543239] hull=0.026271200246564159 parameter_spread=0.014719950260176006 quadratic_spread=0.00010235993092131607 defect=0.011518898080746801 generators=712 hull_component=4 defect_component=4
ENDGAME_LEG pair23_section_9 tp=[3.6365747860831052,3.6373971215584771] jd=[2.2672549585945863,2.2701955636747129] hull=0.026194281151466034 parameter_spread=0.014687251088807474 quadratic_spread=0.00010811898300665252 defect=0.01147423943503122 generators=722 hull_component=4 defect_component=4
ENDGAME_LEG pair23_section_10 tp=[3.6396528760368416,3.640531281948844] jd=[2.4219310497622928,2.4250583609363083] hull=0.026247964920975225 parameter_spread=0.01469305681791099 quadratic_spread=0.00010839367953460247 defect=0.01152203989746956 generators=732 hull_component=4 defect_component=4
ENDGAME_LEG pair23_section_11 tp=[3.646883703221012,3.6478578404712052] jd=[2.5278997516866419,2.5310640308290138] hull=0.026224206725539025 parameter_spread=0.014703208648244502 quadratic_spread=0.0001103381620792871 defect=0.011488333716292671 generators=742 hull_component=4 defect_component=4
ENDGAME_LEG pair23_section_12 tp=[3.6604168841597193,3.6614818448147943] jd=[2.5875824814989907,2.5909799416019892] hull=0.026236242934652203 parameter_spread=0.014738225213473483 quadratic_spread=0.0001142200431373839 defect=0.011466644829803188 generators=752 hull_component=4 defect_component=4
ENDGAME_LEG pair23_section_13 tp=[3.6824454442078554,3.6835620456812581] jd=[2.6008897236645305,2.6050736537381942] hull=0.026317373184324956 parameter_spread=0.014748248532010304 quadratic_spread=0.00011965162103442247 defect=0.011538758861126513 generators=762 hull_component=4 defect_component=4
ENDGAME_LEG pair23_section_14 tp=[3.7201138445715554,3.7210910386744889] jd=[2.578646113561768,2.5841618251485174] hull=0.026272859997842027 parameter_spread=0.014611487851482835 quadratic_spread=0.00012928546865823975 defect=0.011628249053082297 generators=772 hull_component=4 defect_component=4
ENDGAME_LEG pair23_section_15 tp=[3.7509050235878392,3.7526100307311396] jd=[2.6826506041245533,2.687859119203412] hull=0.026348706094950183 parameter_spread=0.014713425447619007 quadratic_spread=0.00011250496705261394 defect=0.011603712389375293 generators=782 hull_component=4 defect_component=4
ENDGAME_LEG pair23_section_16 tp=[3.7568531707329118,3.758401859056486] jd=[2.9031643061928984,2.9099098358536635] hull=0.026321947652425071 parameter_spread=0.014701872700460498 quadratic_spread=0.00011532867102860629 defect=0.011588349348078711 generators=792 hull_component=4 defect_component=4
ENDGAME_LEG pair23_section_17 tp=[3.7599221711863251,3.761526959570598] jd=[3.0555672632355764,3.0625288593696962] hull=0.026342463334142613 parameter_spread=0.014703985847764871 quadratic_spread=0.00011543466870709529 defect=0.01160673170283957 generators=802 hull_component=4 defect_component=4
ENDGAME_LEG pair23_section_18 tp=[3.7671816461382961,3.7689021757640071] jd=[3.1535696157355617,3.1610427419499563] hull=0.026332162936284004 parameter_spread=0.014707259884785755 quadratic_spread=0.000116331120723061 defect=0.011593236854445318 generators=812 hull_component=4 defect_component=4
ENDGAME_LEG pair23_section_19 tp=[3.7808047257228843,3.7826540205285766] jd=[3.198455066983743,3.2068777914282438] hull=0.026336595377593468 parameter_spread=0.014718194060896488 quadratic_spread=0.00011827814164040036 defect=0.011587212171455688 generators=822 hull_component=4 defect_component=4
ENDGAME_LEG pair23_section_20 tp=[3.8029789089525767,3.8049290076404456] jd=[3.1905604918656216,3.2000581728856723] hull=0.026371668317449512 parameter_spread=0.014720391886647394 quadratic_spread=0.0001212956532414574 defect=0.011620499457946392 generators=832 hull_component=4 defect_component=4
ENDGAME_LEG pair23_section_21 tp=[3.8409129904724915,3.8428004053594047] jd=[3.1389398875591437,3.1500977510582651] hull=0.026368754324877522 parameter_spread=0.014662769246458663 quadratic_spread=0.00012720865742630946 defect=0.011674021612641654 generators=842 hull_component=4 defect_component=4
ENDGAME_LEG t=77/20 tp=[3.8500000000000001,3.8500000000000001] jd=[3.1350109195916755,3.1475602389096728] hull=0.026250853337697892 parameter_spread=0.014577425159654721 quadratic_spread=0.00011975778790075755 defect=0.015252204010972527 generators=852 hull_component=4 defect_component=3
TERMINAL_BOX 4 0.29000000000000004 0.29000100000000001 0.15537813304482981 0.15650298087626552 -0.31923380472814789 -0.31033887496929335 0.066109657166641814 0.080155377882606668 0.42330046674582084 0.44914722595369788 -0.8006140584787953 -0.79681594132553157 0.97058388390091133 0.97536201687136548 -1.4669248210675825 -1.4581323596734226 1.921312986980523 1.9335559882726219 -9.280612427528439 -9.2543615741907423
TERMINAL inf_d=0.87201409454079348
TERMINAL inf_rhodot=2.3985516692016549
TERMINAL inf_Erho=0.1473763900773658
TERMINAL sup_h=-9.2543615741907423 sup_Delta=2.221255427818444 inf_margin=3.0331061463722992
PASS_MIDDLE_ESCAPE_ENDGAME u=[29/100,290001/1000000] t_terminal=77/20 eta=4 method=CAPD-6.1.0-MPFR capd_commit=731079217a9254ea2948d742df2b170895effe7f
