EXPERIMENT_STATUS ORDINARY_NUMERICAL_EVIDENCE_LOCALIZED_VALIDATED_ENCLOSURES
DATE 2026-08-26
SOURCE_COMMIT 44e3a8f
BINARY /private/tmp/fable_middle_energy_h_test
CAPD_COMMIT 731079217a9254ea2948d742df2b170895effe7f
COMMAND FABLE_ENDGAME_GRAPH=1 FABLE_ENDGAME_GRAPH_C2=1 FABLE_ENDGAME_GRAPH_PAIR23_SYNC=1 FABLE_ENDGAME_GRAPH_FIXED_ENERGY_H=1 /private/tmp/fable_middle_energy_h_test 29 100 2900001 10000000 160 1e-24 32
INTERVAL [29/100,2900001/10000000]

# The complete prefix through each printed leg is a validated enclosure with
# independent whole-tube collision/brake audit.  The run is not a theorem:
# it failed while constructing the next Poincare image (min4).
ENDGAME_LEG t=13/4 tp=[3.25,3.25] jd=[-0.94715058051778001,-0.94692842483079265] hull=0.00022215568698730312 parameter_spread=3.9877818674541154e-05 quadratic_spread=2.2486031700793826e-09 defect=0.00020937505577482281
ENDGAME_LEG t=33/10 tp=[3.3000000000000003,3.3000000000000003] jd=[-1.1351632582801159,-1.1348655629020759] hull=0.00031562504210198259 parameter_spread=5.0498403205367447e-05 quadratic_spread=2.8731144535140456e-09 defect=0.00028207516858203409
ENDGAME_LEG t=67/20 tp=[3.3500000000000001,3.3500000000000001] jd=[-1.2711349941870462,-1.2707136899043461] hull=0.00052226803472315371 parameter_spread=6.8572482763713561e-05 quadratic_spread=3.9756612421593683e-09 defect=0.00045369157629819796
ENDGAME_LEG t=17/5 tp=[3.4000000000000004,3.4000000000000004] jd=[-1.2935984120645043,-1.2929027217196452] hull=0.0012052078972169509 parameter_spread=0.0001065102354987878 quadratic_spread=7.4961183041696051e-09 defect=0.0010986912540861837
ENDGAME_LEG t=69/20 tp=[3.4500000000000002,3.4500000000000002] jd=[-0.7858350459296084,-0.78113988399896306] hull=0.54781907530715057 parameter_spread=0.0091973751962676192 quadratic_spread=4.8422670468516691e-07 defect=0.53862132334394108

FIRST_FAILED_LEG min4
FAILURE High Order Enclosure Error: minimal time step reached
FAILURE_CURRENT_SIGMA [6.69541e-2,6.69542e-2]
FAILURE_STEP [9.53674e-7,9.53675e-7]
FAILURE_PHYSICAL_TIME_COORDINATE [3.45849,3.45878]
FAILURE_SELECTED_VELOCITY_COORDINATE_4 [-8.45964e3,8.48822e3]
FAILURE_OUTER_VELOCITY_COORDINATE_7 [-1.07918e2,1.15548e2]
FAILURE_OUTER_VELOCITY_COORDINATE_8 [-2.19464e2,2.21504e2]

CONCLUSION The fixed-clock t=3.4-to-3.45 leg destroys the useful graph enclosure before the fourth-minimum event.  Fixed-energy h reconstruction at the later Form-B switch cannot repair information already lost here.  The next representation must synchronize the exchange geometrically before this leg.
