ENDGAME_PARAMS precision_bits=160 tolerance=1e-24 order=32 sync_exchange=0 sync_preswitch=0 structured_form_b=0 sync_pair23=0 structured_section=0 graph_pair23_sync=1 graph_tangent_split=0 graph_c2=1 graph_pg2=1 graph_affine_remainder=1 graph_exchange_sandwich=0 graph_fixed_energy_h=0 graph_exchange_sync=0 graph_exchange_energy_project=0 graph_exchange_invariant_project=0 graph_exchange_velocity_project=0 driver=middle_escape_endgame_capd/v26-affine-remainder-2026-08-26
ENDGAME_LEG t=2/5 tp=[0.40000000000000002,0.40000000000000002] jd=[-0.12482947695652741,-0.12482887520008983] hull=1.3332135783639771e-05 parameter_spread=1.3332128160099724e-05 quadratic_spread=1.4527620893036463e-11 defect=9.6654043707332766e-15 generators=15 hull_component=4 defect_component=7
ENDGAME_LEG t=11/20 tp=[0.55000000000000004,0.55000000000000004] jd=[-0.56429266368855013,-0.56428556340202662] hull=1.0459495293065959e-05 parameter_spread=1.0459489052605276e-05 quadratic_spread=1.1784258645617038e-11 defect=3.0957728856589063e-14 generators=25 hull_component=7 defect_component=7
ENDGAME_LEG t=3/5 tp=[0.60000000000000009,0.60000000000000009] jd=[-0.62419513826829209,-0.62418494009442416] hull=2.5641535079910004e-05 parameter_spread=2.5641525203229045e-05 quadratic_spread=1.8535314769992936e-11 defect=8.1915783879639044e-14 generators=35 hull_component=8 defect_component=8
ENDGAME_LEG t=31/50 tp=[0.62000000000000011,0.62000000000000011] jd=[-0.5982240070076762,-0.59821179456132867] hull=4.6355898766508353e-05 parameter_spread=4.6355876872637515e-05 quadratic_spread=3.3527579513008302e-11 defect=1.7096971504752117e-13 generators=45 hull_component=8 defect_component=8
ENDGAME_LEG t=16/25 tp=[0.64000000000000001,0.64000000000000001] jd=[-0.51702686552144717,-0.5170127219335563] hull=6.6075548041813692e-05 parameter_spread=6.6075534039178866e-05 quadratic_spread=8.1677928499623373e-11 defect=4.0304485156735332e-13 generators=55 hull_component=7 defect_component=4
ENDGAME_LEG t=33/50 tp=[0.66000000000000003,0.66000000000000003] jd=[-0.39888327856659084,-0.39887090072800091] hull=3.9608795736439181e-05 parameter_spread=3.9608791758504982e-05 quadratic_spread=1.4943112110200331e-11 defect=7.6672071284273994e-13 generators=65 hull_component=4 defect_component=7
ENDGAME_LEG t=17/25 tp=[0.68000000000000005,0.68000000000000005] jd=[-0.31725341426968134,-0.3172438436625899] hull=5.6091983137426038e-05 parameter_spread=5.6091928724835564e-05 quadratic_spread=7.0290638101605455e-11 defect=7.8325510864088209e-13 generators=75 hull_component=4 defect_component=7
ENDGAME_LEG t=7/10 tp=[0.70000000000000007,0.70000000000000007] jd=[-0.27017866770497501,-0.27017074342591435] hull=4.3934273565830812e-05 parameter_spread=4.3934220994616653e-05 quadratic_spread=9.0610652975252947e-11 defect=7.9310692426149814e-13 generators=85 hull_component=4 defect_component=4
ENDGAME_LEG min1 tp=[0.75804006816948177,0.758040256654677] jd=[0,0] hull=2.482058017703531e-05 parameter_spread=2.4820540121165549e-05 quadratic_spread=1.8514119647039193e-10 defect=9.6658614590771862e-13 generators=95 hull_component=4 defect_component=4
ENDGAME_LEG t=17/20 tp=[0.85000000000000009,0.85000000000000009] jd=[0.92799945447021948,0.92800573883864346] hull=3.4266323750616173e-05 parameter_spread=3.4266074267750356e-05 quadratic_spread=2.4812820232629761e-10 defect=1.3546634949543964e-12 generators=105 hull_component=8 defect_component=8
ENDGAME_LEG t=9/10 tp=[0.90000000000000002,0.90000000000000002] jd=[0.80864871097067526,0.80865450939169325] hull=4.5950201229469955e-05 parameter_spread=4.5949857208135918e-05 quadratic_spread=3.42298457750294e-10 defect=1.7228762871583275e-12 generators=115 hull_component=8 defect_component=8
ENDGAME_LEG t=19/20 tp=[0.95000000000000007,0.95000000000000007] jd=[0.65759085901962022,0.65759425652250147] hull=7.0631515003520049e-05 parameter_spread=7.0630963418907605e-05 quadratic_spread=5.4891586193112683e-10 defect=2.668750514294989e-12 generators=125 hull_component=8 defect_component=8
ENDGAME_LEG t=1/1 tp=[1,1] jd=[0.52521226066355498,0.52521713434174222] hull=0.00015725204168433885 parameter_spread=0.00015725064432050757 quadratic_spread=1.3910154500228505e-09 defect=6.3483812624545511e-12 generators=135 hull_component=8 defect_component=8
ENDGAME_LEG switch13to23_formA tp=[1,1] jd=[0.52521226066355498,0.52521713434174222] hull=1.7704851969858542e-05 parameter_spread=1.7699328293056827e-05 quadratic_spread=5.5074509073371019e-09 defect=1.6225894377224471e-11 generators=144 hull_component=4 defect_component=4
ENDGAME_LEG t=21/20 tp=[1.05,1.05] jd=[1.0252755825843245,1.0254384972381476] hull=0.0001629146538230003 parameter_spread=0.00016287311192819171 quadratic_spread=4.1276405367051185e-08 defect=2.6548944153136192e-10 generators=154 hull_component=11 defect_component=11
ENDGAME_LEG t=11/10 tp=[1.1000000000000001,1.1000000000000001] jd=[1.1043956264254349,1.1043971583728658] hull=2.0125050007646517e-05 parameter_spread=2.0120819119965663e-05 quadratic_spread=3.9031924479882111e-09 defect=6.8813168053716387e-10 generators=164 hull_component=4 defect_component=11
ENDGAME_LEG t=23/20 tp=[1.1500000000000001,1.1500000000000001] jd=[0.92483856203338333,0.92484900720550789] hull=2.0499967215419405e-05 parameter_spread=2.0495709352470049e-05 quadratic_spread=3.8411496268915747e-09 defect=7.7951714998741334e-10 generators=174 hull_component=4 defect_component=11
ENDGAME_LEG t=6/5 tp=[1.2000000000000002,1.2000000000000002] jd=[0.69598216601061436,0.69599636214144622] hull=2.0530849816767068e-05 parameter_spread=2.052657722459857e-05 quadratic_spread=3.8096789106614946e-09 defect=8.5403144730581696e-10 generators=184 hull_component=4 defect_component=11
ENDGAME_LEG t=5/4 tp=[1.25,1.25] jd=[0.44450933597958076,0.44452555230641255] hull=2.0412057177172038e-05 parameter_spread=2.0407785779189119e-05 quadratic_spread=3.7910280979778409e-09 defect=9.2914429907437723e-10 generators=194 hull_component=4 defect_component=11
ENDGAME_LEG t=13/10 tp=[1.3,1.3] jd=[0.18201182935680324,0.1820290927091528] hull=2.0213009829799583e-05 parameter_spread=2.0208752888124979e-05 quadratic_spread=3.7802040312176295e-09 defect=1.0126484188224923e-09 generators=204 hull_component=4 defect_component=11
ENDGAME_LEG max1 tp=[1.334206128888245,1.334209418777069] jd=[0,0] hull=1.9996345314660085e-05 parameter_spread=1.9992100269470225e-05 quadratic_spread=3.7793424092787672e-09 defect=9.4476660949767351e-10 generators=214 hull_component=4 defect_component=7
ENDGAME_MAXIMUM max1 UoverU0=[1.0007350627074496,1.0007531202419753]
ENDGAME_LEG t=27/20 tp=[1.3500000000000001,1.3500000000000001] jd=[-0.084021204306774011,-0.084003699460761624] hull=1.99673655803063e-05 parameter_spread=1.9963135434965721e-05 quadratic_spread=3.7738049534226404e-09 defect=1.1123953236008889e-09 generators=224 hull_component=4 defect_component=11
ENDGAME_LEG t=7/5 tp=[1.4000000000000001,1.4000000000000001] jd=[-0.34703782650413323,-0.34702102439163568] hull=1.9694562326646403e-05 parameter_spread=1.9690369403955859e-05 quadratic_spread=3.7716109362723313e-09 defect=1.2405945771145573e-09 generators=234 hull_component=4 defect_component=11
ENDGAME_LEG t=29/20 tp=[1.4500000000000002,1.4500000000000002] jd=[-0.59935362610182719,-0.59933903245954079] hull=2.109157594780209e-05 parameter_spread=2.1090090553961603e-05 quadratic_spread=3.7714876168397001e-09 defect=1.4218346829850643e-09 generators=244 hull_component=3 defect_component=11
ENDGAME_LEG t=3/2 tp=[1.5,1.5] jd=[-0.82859346176820836,-0.82858435483592741] hull=2.4801665438975724e-05 parameter_spread=2.4799749729803773e-05 quadratic_spread=3.7723484424945221e-09 defect=1.72084069051584e-09 generators=254 hull_component=3 defect_component=11
ENDGAME_LEG t=31/20 tp=[1.55,1.55] jd=[-1.0039233554105405,-1.003915249586405] hull=3.2035859015458179e-05 parameter_spread=3.2033059371132613e-05 quadratic_spread=3.7808321067740553e-09 defect=2.4288783908282692e-09 generators=264 hull_component=3 defect_component=11
ENDGAME_LEG t=8/5 tp=[1.6000000000000001,1.6000000000000001] jd=[-0.46682163366882395,-0.46663670644125288] hull=0.00018492722757106305 parameter_spread=0.00018488253237104485 quadratic_spread=3.5703232181469583e-08 defect=8.9919678367432967e-09 generators=274 hull_component=11 defect_component=11
ENDGAME_LEG t=33/20 tp=[1.6500000000000001,1.6500000000000001] jd=[-0.43682354623389935,-0.43682137214066669] hull=3.1017461729502097e-05 parameter_spread=3.1015143356322873e-05 quadratic_spread=3.2428900239371967e-09 defect=3.717806778443032e-09 generators=284 hull_component=2 defect_component=11
ENDGAME_LEG t=17/10 tp=[1.7000000000000002,1.7000000000000002] jd=[-0.59537260078302401,-0.59535421560564683] hull=2.7005623293386569e-05 parameter_spread=2.7003372859662866e-05 quadratic_spread=4.0741645213443312e-09 defect=3.5665685039246787e-09 generators=294 hull_component=2 defect_component=11
ENDGAME_LEG t=7/4 tp=[1.75,1.75] jd=[-0.77397441102582609,-0.77394876927697076] hull=2.5641748855325834e-05 parameter_spread=2.5635980177428508e-05 quadratic_spread=5.4255940972838149e-09 defect=3.7459108828095985e-09 generators=304 hull_component=11 defect_component=11
ENDGAME_LEG switch23to13_formA tp=[1.75,1.75] jd=[-0.77397441102582609,-0.77394876927697076] hull=9.3746803694810742e-05 parameter_spread=9.3738408556528794e-05 quadratic_spread=2.7199739553185981e-09 defect=5.6751643266331773e-09 generators=313 hull_component=8 defect_component=8
ENDGAME_LEG t=9/5 tp=[1.8,1.8] jd=[-0.93706097685635081,-0.93703067193245004] hull=7.7970930592673613e-05 parameter_spread=7.7963064516273873e-05 quadratic_spread=2.9698400271393366e-09 defect=6.3329671702447482e-09 generators=323 hull_component=8 defect_component=8
ENDGAME_LEG t=37/20 tp=[1.8500000000000001,1.8500000000000001] jd=[-1.0464097347799797,-1.0463750871547974] hull=7.1102882523656365e-05 parameter_spread=7.109492648995288e-05 quadratic_spread=4.7055845004464674e-09 defect=7.6104109202616752e-09 generators=333 hull_component=8 defect_component=8
ENDGAME_LEG t=19/10 tp=[1.9000000000000001,1.9000000000000001] jd=[-0.97760282956581013,-0.97755665913025114] hull=6.9320123168226574e-05 parameter_spread=6.9308473646687336e-05 quadratic_spread=1.190374310138335e-08 defect=1.0042763587364624e-08 generators=343 hull_component=8 defect_component=8
ENDGAME_LEG min2 tp=[1.9341744832135308,1.9341772617148318] jd=[0,0] hull=0.00011319447728989375 parameter_spread=0.00011316256754131775 quadratic_spread=1.7819721332888545e-08 defect=1.4090027243126358e-08 generators=353 hull_component=8 defect_component=8
ENDGAME_LEG t=39/20 tp=[1.9500000000000002,1.9500000000000002] jd=[0.10147561841050452,0.10149789522404137] hull=7.6280525581430992e-05 parameter_spread=7.6255519058880818e-05 quadratic_spread=9.513183000508588e-09 defect=1.6977224413325948e-08 generators=363 hull_component=8 defect_component=8
ENDGAME_LEG t=2/1 tp=[2,2] jd=[0.23666746505190289,0.2366799116180473] hull=0.00014190996224807789 parameter_spread=0.00014183741409229457 quadratic_spread=2.4608823850664252e-08 defect=4.7939331932641951e-08 generators=373 hull_component=8 defect_component=8
ENDGAME_LEG t=21/10 tp=[2.1000000000000001,2.1000000000000001] jd=[0.55267329552114397,0.55268637467584447] hull=0.00017163740379729428 parameter_spread=0.00017160291228998013 quadratic_spread=1.3538814568881505e-08 defect=2.8900096665215464e-08 generators=383 hull_component=8 defect_component=8
ENDGAME_LEG t=11/5 tp=[2.2000000000000002,2.2000000000000002] jd=[0.33832680658742159,0.33833258610485961] hull=0.00015610892320456788 parameter_spread=0.00015608438115834132 quadratic_spread=1.2116034578771823e-08 defect=2.3034774369167784e-08 generators=393 hull_component=8 defect_component=8
ENDGAME_LEG t=23/10 tp=[2.3000000000000003,2.3000000000000003] jd=[0.18406137567381997,0.18414062089089744] hull=0.0001214105687564146 parameter_spread=0.0001213899400199114 quadratic_spread=1.3639973430656314e-08 defect=2.4151994798938775e-08 generators=403 hull_component=8 defect_component=11
ENDGAME_LEG t=12/5 tp=[2.4000000000000004,2.4000000000000004] jd=[1.2557950098589887,1.2558063207311418] hull=0.00010481926245109791 parameter_spread=0.00010478019398153916 quadratic_spread=1.4505930891357027e-08 defect=2.4562538667401834e-08 generators=413 hull_component=4 defect_component=4
ENDGAME_LEG t=5/2 tp=[2.5,2.5] jd=[0.87047159339042535,0.87049464176139091] hull=9.9062505613466698e-05 parameter_spread=9.9025590573647651e-05 quadratic_spread=1.4692164880691535e-08 defect=2.322602844458099e-08 generators=423 hull_component=4 defect_component=4
ENDGAME_LEG t=13/5 tp=[2.6000000000000001,2.6000000000000001] jd=[0.3672121698389943,0.36724287831857588] hull=9.2755118566759901e-05 parameter_spread=9.2719955515812135e-05 quadratic_spread=1.6572960384142332e-08 defect=2.202633838292504e-08 generators=433 hull_component=4 defect_component=4
ENDGAME_LEG max2 tp=[2.6696378665114011,2.6696433492641072] jd=[0,0] hull=8.9259615193567224e-05 parameter_spread=8.9225184362660663e-05 quadratic_spread=1.96285137403753e-08 defect=2.1663595685574804e-08 generators=443 hull_component=4 defect_component=7
ENDGAME_MAXIMUM max2 UoverU0=[1.0136381162018742,1.0137031357073532]
ENDGAME_LEG t=27/10 tp=[2.7000000000000002,2.7000000000000002] jd=[-0.1584537093255875,-0.15842789197468798] hull=8.9106062309985578e-05 parameter_spread=8.9091710996588256e-05 quadratic_spread=1.903609866607672e-08 defect=2.1570954800366071e-08 generators=453 hull_component=6 defect_component=7
ENDGAME_LEG t=14/5 tp=[2.8000000000000003,2.8000000000000003] jd=[-0.6412850408453098,-0.64128182716907511] hull=9.5006612370138448e-05 parameter_spread=9.4983156238026675e-05 quadratic_spread=2.2757294660940094e-08 defect=2.5812390384349172e-08 generators=463 hull_component=2 defect_component=7
ENDGAME_LEG t=57/20 tp=[2.8500000000000001,2.8500000000000001] jd=[-0.82574138181607304,-0.82569111615511259] hull=0.00011316458290156937 parameter_spread=0.00011313534024095299 quadratic_spread=2.5674224938673032e-08 defect=2.8691611126272431e-08 generators=473 hull_component=2 defect_component=7
ENDGAME_LEG t=29/10 tp=[2.9000000000000004,2.9000000000000004] jd=[-0.86996419139552095,-0.86969880238129071] hull=0.00026538901423028187 parameter_spread=0.00026525410208033911 quadratic_spread=6.441108418711521e-08 defect=7.0501065755654796e-08 generators=483 hull_component=11 defect_component=11
ENDGAME_LEG min3 tp=[2.9248896460645661,2.9249315530166662] jd=[0,0] hull=0.00021918589208589623 parameter_spread=0.00021909862183902676 quadratic_spread=3.360491960921641e-08 defect=5.3665327260248464e-08 generators=493 hull_component=7 defect_component=7
ENDGAME_LEG t=59/20 tp=[2.9500000000000002,2.9500000000000002] jd=[0.19671279336348615,0.19690126455806622] hull=0.00018847119458007859 parameter_spread=0.00018837138138912601 quadratic_spread=4.0433986144816103e-08 defect=6.0210383748830099e-08 generators=503 hull_component=11 defect_component=11
ENDGAME_LEG t=3/1 tp=[3,3] jd=[0.12314644189187662,0.12316731604760313] hull=0.000157923173308873 parameter_spread=0.00015783555675661254 quadratic_spread=4.1930958811524883e-08 defect=4.5685593448954258e-08 generators=513 hull_component=7 defect_component=7
ENDGAME_LEG max3 tp=[3.0353055149179808,3.0353106577839135] jd=[0,0] hull=0.00019415295622494548 parameter_spread=0.00019403613629645142 quadratic_spread=5.8601955101970862e-08 defect=5.821797339211243e-08 generators=523 hull_component=7 defect_component=7
ENDGAME_MAXIMUM max3 UoverU0=[1.2730331248175977,1.2732149404218776]
ENDGAME_LEG t=31/10 tp=[3.1000000000000001,3.1000000000000001] jd=[-0.27530944406296853,-0.27524721986295408] hull=0.00022774606554562727 parameter_spread=0.00022763137829088828 quadratic_spread=5.2465356261831789e-08 defect=6.2221898477166694e-08 generators=533 hull_component=7 defect_component=7
ENDGAME_LEG t=63/20 tp=[3.1500000000000004,3.1500000000000004] jd=[-0.5041004386438136,-0.50401535881514525] hull=0.00027177929698041572 parameter_spread=0.00027164550682728472 quadratic_spread=6.0507720966066492e-08 defect=7.3282432164917023e-08 generators=543 hull_component=7 defect_component=7
ENDGAME_LEG t=16/5 tp=[3.2000000000000002,3.2000000000000002] jd=[-0.73182311838944969,-0.73171734813819844] hull=0.0003264522497288322 parameter_spread=0.00032629277323868949 quadratic_spread=7.1725136864537776e-08 defect=8.7751353278173018e-08 generators=553 hull_component=7 defect_component=7
ENDGAME_LEG t=13/4 tp=[3.25,3.25] jd=[-0.9469181477913603,-0.9467902254974524] hull=0.00039907010173840813 parameter_spread=0.00039887340950859218 quadratic_spread=8.8527631518067117e-08 defect=1.0816459829789946e-07 generators=563 hull_component=7 defect_component=7
ENDGAME_LEG t=33/10 tp=[3.3000000000000003,3.3000000000000003] jd=[-1.1348660914214128,-1.1347097179895329] hull=0.00050540023074614423 parameter_spread=0.00050514324923830545 quadratic_spread=1.1671173955150974e-07 defect=1.4026976828726247e-07 generators=573 hull_component=7 defect_component=7
ENDGAME_LEG t=67/20 tp=[3.3500000000000001,3.3500000000000001] jd=[-1.2707322546822182,-1.2705296764868583] hull=0.00068636024726649743 parameter_spread=0.00068598649796666733 quadratic_spread=1.7357106302910064e-07 defect=2.0017823680096634e-07 generators=583 hull_component=7 defect_component=7
ENDGAME_LEG t=17/5 tp=[3.4000000000000004,3.4000000000000004] jd=[-1.2929528674406643,-1.2926387291017125] hull=0.001065756023827917 parameter_spread=0.0010650797722289778 quadratic_spread=4.3007994129455274e-07 defect=4.2763442742361758e-07 generators=593 hull_component=7 defect_component=8
ENDGAME_LEG t=69/20 tp=[3.4500000000000002,3.4500000000000002] jd=[-0.78205228112422664,-0.78054078815913353] hull=0.089936378315455867 parameter_spread=0.089761966573059404 quadratic_spread=2.7549119338566102e-05 defect=0.00017385968948986752 generators=603 hull_component=4 defect_component=4
ENDGAME_LEG min4 tp=[3.4685510414051675,3.468553868938427] jd=[0,0] hull=0.030854702002593062 parameter_spread=0.019263505126917671 quadratic_spread=0.00018724354015342874 defect=0.011403953335521966 generators=613 hull_component=4 defect_component=4
ENDGAME_LEG t=7/2 tp=[3.5,3.5] jd=[0.89608047345657305,0.89734950729354246] hull=0.021473585814617623 parameter_spread=0.01048382163900128 quadratic_spread=0.00041159167498146015 defect=0.016820495729436537 generators=623 hull_component=4 defect_component=4
ENDGAME_LEG switch13to23_formB tp=[3.5,3.5] jd=[0.89608047345657305,0.89734950729354246] hull=0.020845836864855843 parameter_spread=0.012089608208171804 quadratic_spread=0.0001267308464713009 defect=0.0086762276232807776 generators=632 hull_component=4 defect_component=4
ENDGAME_LEG pair23_section_1 tp=[3.5129519168526389,3.5132415273163211] jd=[1.125239447745783,1.1297693459206331] hull=0.02377813072331007 parameter_spread=0.014287632820233449 quadratic_spread=0.0001077743147159404 defect=0.0094467280390543081 generators=642 hull_component=4 defect_component=4
ENDGAME_LEG pair23_section_2 tp=[3.5171572939665299,3.5173895410118847] jd=[1.350796733666048,1.3538421594371186] hull=0.023819805923230821 parameter_spread=0.014379127417757364 quadratic_spread=8.216294615515988e-05 defect=0.0094038353425405109 generators=652 hull_component=4 defect_component=4
ENDGAME_LEG pair23_section_3 tp=[3.5204414451522239,3.5207240122471837] jd=[1.5119945395486922,1.5144918487054038] hull=0.024322204593694489 parameter_spread=0.014415705373553127 quadratic_spread=7.2827314736738258e-05 defect=0.0098644201134785899 generators=662 hull_component=4 defect_component=4
ENDGAME_LEG pair23_section_4 tp=[3.5276198801391669,3.5279653509132838] jd=[1.646260869554194,1.6482159287991012] hull=0.024062873517868417 parameter_spread=0.01451633195840721 quadratic_spread=8.5446459628291436e-05 defect=0.0095051419051320665 generators=672 hull_component=4 defect_component=4
ENDGAME_LEG pair23_section_5 tp=[3.5406887711093651,3.5410842395642721] jd=[1.755592979168892,1.7569043286313724] hull=0.024262408765613655 parameter_spread=0.014841619674189004 quadratic_spread=0.00010377956072777894 defect=0.0093906741573293769 generators=682 hull_component=4 defect_component=4
ENDGAME_LEG pair23_section_6 tp=[3.5619697149749441,3.5623793335005072] jd=[1.8331095820067906,1.8343407348669394] hull=0.024740779255252636 parameter_spread=0.014919986885634036 quadratic_spread=0.00012003596730967017 defect=0.0097970382577709791 generators=692 hull_component=4 defect_component=4
ENDGAME_LEG pair23_section_7 tp=[3.5984498730948467,3.5987814553702449] jd=[1.8860779882543071,1.8881613242184829] hull=0.024447704560527046 parameter_spread=0.014336090447519944 quadratic_spread=0.00013963061437322484 defect=0.0100771656428673 generators=702 hull_component=4 defect_component=4
ENDGAME_LEG pair23_section_8 tp=[3.6314139846132081,3.6323107114255366] jd=[2.0431524926956461,2.0464836104907262] hull=0.02475224980155279 parameter_spread=0.014657216227596545 quadratic_spread=0.00010048505297839661 defect=0.010065422952957374 generators=712 hull_component=4 defect_component=4
ENDGAME_LEG pair23_section_9 tp=[3.6370075347548538,3.6377748874275091] jd=[2.2672960121198997,2.2698434513350922] hull=0.024684950415565086 parameter_spread=0.014627441600288324 quadratic_spread=0.00010584000678601041 defect=0.010027534498555975 generators=722 hull_component=4 defect_component=4
ENDGAME_LEG pair23_section_10 tp=[3.6400972811500139,3.6409147286940513] jd=[2.4215699845489498,2.4243291638693383] hull=0.024731741399327312 parameter_spread=0.014633143364561825 quadratic_spread=0.00010607514919976099 defect=0.010068556190087436 generators=732 hull_component=4 defect_component=4
ENDGAME_LEG pair23_section_11 tp=[3.6473384793642349,3.6482386288815203] jd=[2.52727616062095,2.5300910563219765] hull=0.02471176289609095 parameter_spread=0.014643249798435091 quadratic_spread=0.00010789400467243547 defect=0.010038673537810652 generators=742 hull_component=4 defect_component=4
ENDGAME_LEG pair23_section_12 tp=[3.6608704500675961,3.6618464515728766] jd=[2.5867815461205081,2.5898181652882086] hull=0.024725943063774996 parameter_spread=0.014678069393159191 quadratic_spread=0.00011156492199122105 defect=0.010019276691171112 generators=752 hull_component=4 defect_component=4
ENDGAME_LEG pair23_section_13 tp=[3.6828760690989362,3.6838910729444976] jd=[2.5999707082600128,2.6037054196021092] hull=0.024797276468301283 parameter_spread=0.014688290191702667 quadratic_spread=0.00011672934172407588 defect=0.010081364851139892 generators=762 hull_component=4 defect_component=4
ENDGAME_LEG pair23_section_14 tp=[3.7204004022523502,3.7212735937458583] jd=[2.5772625152843012,2.5821684419239364] hull=0.024741701599651444 parameter_spread=0.014554185009590303 quadratic_spread=0.00012585803031412194 defect=0.010157294565282981 generators=772 hull_component=4 defect_component=4
ENDGAME_LEG pair23_section_15 tp=[3.75174829780737,3.7533147669821116] jd=[2.6824799853691252,2.6869469857296027] hull=0.024815538020366124 parameter_spread=0.014652502405018667 quadratic_spread=0.00010992430498458031 defect=0.010134237960797956 generators=782 hull_component=4 defect_component=4
ENDGAME_LEG pair23_section_16 tp=[3.757608551853441,3.7590311273505903] jd=[2.9020835646563619,2.9079529701250597] hull=0.024791962048066597 parameter_spread=0.014641934605695208 quadratic_spread=0.0001125500501080952 defect=0.010121098676512742 generators=792 hull_component=4 defect_component=4
ENDGAME_LEG pair23_section_17 tp=[3.7606893292175214,3.7621617608002946] jd=[3.0540766323414439,3.0601866156609967] hull=0.024809531068821035 parameter_spread=0.014644017189505719 quadratic_spread=0.00011263974992721824 defect=0.010136567650931835 generators=802 hull_component=4 defect_component=4
ENDGAME_LEG pair23_section_18 tp=[3.767961635394228,3.7695319206077658] jd=[3.1518471633585268,3.1584402283893587] hull=0.02480089603647477 parameter_spread=0.014647279462289706 quadratic_spread=0.00011347989108967395 defect=0.010124748679006663 generators=812 hull_component=4 defect_component=4
ENDGAME_LEG pair23_section_19 tp=[3.781587793877828,3.7832632926058261] jd=[3.1966349205970523,3.2040616496527954] hull=0.024805700259770767 parameter_spread=0.014658152637497136 quadratic_spread=0.00011532444984399021 defect=0.010119138888076968 generators=822 hull_component=4 defect_component=4
ENDGAME_LEG pair23_section_20 tp=[3.8037443560323401,3.8054975250556513] jd=[3.1887039744030337,3.1970419582405913] hull=0.024835695044430738 parameter_spread=0.014660422522748271 quadratic_spread=0.00011819798438504003 defect=0.010147263184929086 generators=832 hull_component=4 defect_component=4
ENDGAME_LEG pair23_section_21 tp=[3.8415408749763373,3.8432103858545004] jd=[3.1367691102444022,3.1465000464588746] hull=0.0248242828095958 parameter_spread=0.014603947697989977 quadratic_spread=0.0001238062145358979 defect=0.010191207582940072 generators=842 hull_component=4 defect_component=4
ENDGAME_LEG t=77/20 tp=[3.8500000000000001,3.8500000000000001] jd=[3.1326634205047812,3.1433154126055096] hull=0.024703695018354434 parameter_spread=0.0145199650655426 quadratic_spread=0.00011677479791908518 defect=0.012623878533297146 generators=852 hull_component=4 defect_component=3
TERMINAL_BOX 4 0.29000100000000001 0.29000200000000004 0.15519507343892641 0.15622421283329327 -0.32186438970147613 -0.31421392987321306 0.072133402549571499 0.084532442446065295 0.4141348276892205 0.43724658226522783 -0.80089526784881726 -0.79753189265641877 0.96912575753497132 0.97344382934098228 -1.4663564338945996 -1.4586472629973064 1.9177926467123203 1.9289115906871235 -9.2652888022009705 -9.2405851071826177
TERMINAL inf_d=0.87134187692821363
TERMINAL inf_rhodot=2.3972568351902148
TERMINAL inf_Erho=0.14216537881947156
TERMINAL sup_h=-9.2405851071826177 sup_Delta=2.2650891774810034 inf_margin=2.9754959297016152
PASS_MIDDLE_ESCAPE_ENDGAME u=[290001/1000000,290002/1000000] t_terminal=77/20 eta=4 method=CAPD-6.1.0-MPFR capd_commit=731079217a9254ea2948d742df2b170895effe7f
