Pinned tied-family first-maximum certificate
Date: 2026-08-25
Evidence class: PROVED BY COMPUTER-ASSISTED ARGUMENT

CAPD version: 6.1.0
CAPD commit: 731079217a9254ea2948d742df2b170895effe7f
Arithmetic: MPFR interval arithmetic, 80-bit precision
Taylor order: 24
Absolute and relative tolerance: 1e-14
Parameter interval: [29/100, 14501/50000]
Adjacent certificate tiles:
  [29/100, 29001/100000]
  [29001/100000, 14501/50000]

Reproduction command:

  scripts/run_tied_first_maximum_capd.sh \
    /private/tmp/pythagorean-capd \
    /private/tmp/pythagorean-capd/build-mp

The left-tile computation was run twice from independently compiled binaries.
Its second replay produced:

DIRECT_LC_EVENT_PROBE kind=checkpoint tp=[0.4,0.4] jd=[-0.12483,-0.124824] hull=0.000133441
DIRECT_LC_EVENT_PROBE kind=checkpoint tp=[0.55,0.55] jd=[-0.5643,-0.564229] hull=0.000105211
DIRECT_LC_EVENT_PROBE kind=checkpoint tp=[0.6,0.6] jd=[-0.624206,-0.624103] hull=0.000258138
DIRECT_LC_EVENT_PROBE kind=checkpoint tp=[0.62,0.62] jd=[-0.598237,-0.598114] hull=0.000467608
DIRECT_LC_EVENT_PROBE kind=checkpoint tp=[0.64,0.64] jd=[-0.517042,-0.516899] hull=0.000671811
DIRECT_LC_EVENT_PROBE kind=checkpoint tp=[0.66,0.66] jd=[-0.398897,-0.398771] hull=0.000451614
DIRECT_LC_EVENT_PROBE kind=checkpoint tp=[0.68,0.68] jd=[-0.317266,-0.317164] hull=0.000660333
DIRECT_LC_EVENT_PROBE kind=checkpoint tp=[0.7,0.7] jd=[-0.270191,-0.270103] hull=0.000580246
DIRECT_LC_EVENT_PROBE kind=minimum tp=[0.758038,0.758043] UoverU0=[5.18081,5.18335] hull=0.000472834
DIRECT_LC_EVENT_PROBE kind=outgoing_checkpoint tp=[0.85,0.85] jd=[0.927941,0.928108] hull=0.0007322
DIRECT_LC_EVENT_PROBE kind=outgoing_checkpoint tp=[0.9,0.9] jd=[0.808569,0.808775] hull=0.00102537
DIRECT_LC_EVENT_PROBE kind=outgoing_checkpoint tp=[0.95,0.95] jd=[0.65748,0.657729] hull=0.0016392
DIRECT_LC_EVENT_PROBE kind=outgoing_checkpoint tp=[1,1] jd=[0.524989,0.525407] hull=0.00386073
DIRECT_LC_EVENT_PROBE kind=pair23_switch tp=[1,1] jd=[0.524989,0.525407] hull=0.0154326
DIRECT_LC_EVENT_PROBE kind=pair23_checkpoint tp=[1.05,1.05] jd=[1.02099,1.02858] hull=0.0158049
DIRECT_LC_EVENT_PROBE kind=pair23_checkpoint tp=[1.1,1.1] jd=[1.09655,1.11225] hull=0.0205829
DIRECT_LC_EVENT_PROBE kind=pair23_checkpoint tp=[1.15,1.15] jd=[0.914179,0.935582] hull=0.024556
DIRECT_LC_EVENT_PROBE kind=pair23_checkpoint tp=[1.2,1.2] jd=[0.6826,0.709478] hull=0.0282954
DIRECT_LC_EVENT_PROBE kind=pair23_checkpoint tp=[1.25,1.25] jd=[0.428128,0.46102] hull=0.0328925
DIRECT_LC_EVENT_PROBE kind=pair23_checkpoint tp=[1.3,1.3] jd=[0.162062,0.2021] hull=0.0400373
DIRECT_LC_EVENT_PROBE kind=maximum tp=[1.32917,1.33927] UoverU0=[0.983329,1.01875] z=[-0.00745231,0.0316286]+[-0.0498189,-0.0117876]i P=[-0.0557529,-0.00985435]x[-0.0134131,0.00886216] hull=0.0458986
PASS_TIED_FIRST_MAXIMUM_INTERVAL u=[29/100,29001/100000] method=CAPD-6.1.0-MPFR capd_commit=731079217a9254ea2948d742df2b170895effe7f

The abutting right-tile computation produced:

DIRECT_LC_EVENT_PROBE kind=checkpoint tp=[0.4,0.4] jd=[-0.124824,-0.124818] hull=0.000133436
DIRECT_LC_EVENT_PROBE kind=checkpoint tp=[0.55,0.55] jd=[-0.564229,-0.564158] hull=0.000105227
DIRECT_LC_EVENT_PROBE kind=checkpoint tp=[0.6,0.6] jd=[-0.624104,-0.624001] hull=0.000258204
DIRECT_LC_EVENT_PROBE kind=checkpoint tp=[0.62,0.62] jd=[-0.598114,-0.597992] hull=0.000467718
DIRECT_LC_EVENT_PROBE kind=checkpoint tp=[0.64,0.64] jd=[-0.5169,-0.516757] hull=0.000672017
DIRECT_LC_EVENT_PROBE kind=checkpoint tp=[0.66,0.66] jd=[-0.398773,-0.398647] hull=0.000451593
DIRECT_LC_EVENT_PROBE kind=checkpoint tp=[0.68,0.68] jd=[-0.31717,-0.317069] hull=0.000660166
DIRECT_LC_EVENT_PROBE kind=checkpoint tp=[0.7,0.7] jd=[-0.270112,-0.270024] hull=0.000580149
DIRECT_LC_EVENT_PROBE kind=minimum tp=[0.75804,0.758045] UoverU0=[5.17942,5.18196] hull=0.000472733
DIRECT_LC_EVENT_PROBE kind=outgoing_checkpoint tp=[0.85,0.85] jd=[0.928004,0.928171] hull=0.00073195
DIRECT_LC_EVENT_PROBE kind=outgoing_checkpoint tp=[0.9,0.9] jd=[0.808627,0.808833] hull=0.00102492
DIRECT_LC_EVENT_PROBE kind=outgoing_checkpoint tp=[0.95,0.95] jd=[0.657514,0.657763] hull=0.00163812
DIRECT_LC_EVENT_PROBE kind=outgoing_checkpoint tp=[1,1] jd=[0.52494,0.525358] hull=0.00385508
DIRECT_LC_EVENT_PROBE kind=pair23_switch tp=[1,1] jd=[0.52494,0.525358] hull=0.0154007
DIRECT_LC_EVENT_PROBE kind=pair23_checkpoint tp=[1.05,1.05] jd=[1.01925,1.02701] hull=0.0157743
DIRECT_LC_EVENT_PROBE kind=pair23_checkpoint tp=[1.1,1.1] jd=[1.09639,1.11244] hull=0.0206506
DIRECT_LC_EVENT_PROBE kind=pair23_checkpoint tp=[1.15,1.15] jd=[0.914053,0.935917] hull=0.0246982
DIRECT_LC_EVENT_PROBE kind=pair23_checkpoint tp=[1.2,1.2] jd=[0.682458,0.709904] hull=0.0285082
DIRECT_LC_EVENT_PROBE kind=pair23_checkpoint tp=[1.25,1.25] jd=[0.427946,0.461527] hull=0.0335815
DIRECT_LC_EVENT_PROBE kind=pair23_checkpoint tp=[1.3,1.3] jd=[0.161816,0.202691] hull=0.0408741
DIRECT_LC_EVENT_PROBE kind=maximum tp=[1.32908,1.33943] UoverU0=[0.983016,1.01907] z=[-0.00792025,0.0319398]+[-0.0500738,-0.0113187]i P=[-0.0561842,-0.00917817]x[-0.0136236,0.00915335] hull=0.0470061
PASS_TIED_FIRST_MAXIMUM_INTERVAL u=[29001/100000,14501/50000] method=CAPD-6.1.0-MPFR capd_commit=731079217a9254ea2948d742df2b170895effe7f

Every accepted interval step is also audited internally for strictly positive
selected-pair radius and strictly positive squared distances to both
unselected pairs.  A PASS marker is unreachable if any collision-separation
or prescribed J-sign test fails.
