STATUS=VALIDATED_NUMERICAL_RESULT_FINITE_SEGMENT_ONLY
DATE=2026-08-24
CAPD_COMMIT=731079217a9254ea2948d742df2b170895effe7f
COMMAND=bash scripts/fable_run_capd_burrau_lc.sh /private/tmp/fable-capd /private/tmp/fable-capd/build-mp 256 1e-40 50
NOTE=Post-adversarial-repair replay, deliberately interrupted after the chart passed the deep encounter; no terminal PASS_BURRAU_LC marker and no nonperiodicity theorem are claimed.
CONSTRUCTION_DURATION_CERTIFICATE=end_time_left_minus_start_time_right_after_flow
LC_ENTRY_1_TP=0.37529870223999023
LC_EXIT_1_TP=0.3771233269572411
LC_EXIT_1_SIGMA_STEPS=73
LC_ENTRY_2_TP=0.75994122558636734
LC_EXIT_2_TP=0.76162627266544114
LC_EXIT_2_SIGMA_STEPS=19
LC_ENTRY_3_TP=1.7513821338764344
LC_EXIT_3_TP=1.7531973343689478
LC_EXIT_3_SIGMA_STEPS=76
DEEP_LC_ENTRY_TP=3.1655068853876505
DEEP_LC_ENTRY_PHYSICAL_HULL_WIDTH=3.9323703448952603e-06
DEEP_LC_EXIT_TP=3.1670113440018755
DEEP_LC_EXIT_SIGMA_STEPS=140
DEEP_LC_EXIT_CHART_HULL_WIDTH=0.00019142597207827262
DEEP_EXIT_RECONSTRUCTED_PHYSICAL_HULL_WIDTH=4.971428028073183e-05
ALL_ACCEPTED_LC_STEP_ENCLOSURES_PROVED_W2_POSITIVE=true
ALL_DAMPED_ENTRY_EXIT_GAP_GATES_PASSED=true
