progress t=0.6543894195556641 steps=500 hull_width=1.9333066497744893e-39
progress t=1.3541979217529299 steps=1000 hull_width=1.3663471456133506e-28
progress t=2.0684198760986332 steps=1500 hull_width=1.0438483996530052e-18
progress t=2.9610971832275395 steps=2000 hull_width=3.1161999289563833e-18
progress t=3.7626642608642582 steps=2500 hull_width=6.483616181767779e-17
progress t=4.4677194976806645 steps=3000 hull_width=1.1767868915664585e-14
progress t=5.1721231842041018 steps=3500 hull_width=3.8236175335823807e-15
progress t=5.9626795196533209 steps=4000 hull_width=3.223906116777501e-16
progress t=6.8745157623291018 steps=4500 hull_width=3.7139802638733226e-14
progress t=7.5866129302978518 steps=5000 hull_width=1.1917162561693583e-12
progress t=8.2834097290039068 steps=5500 hull_width=2.8361555866326593e-13
progress t=8.3251484000682847 steps=6000 hull_width=4.7539059644916041e-12
escape certificate fired at t=8.4198680961132055 margin=0.91226936025721994
end_time=8.4198680961132055
steps=6213 event_steps=299 min_event_kinetic=0.14652390868958312 final_hull_width=7.5454428732974582e-12
final state box (outward-rounded to double):
  [-0.24055961353027799, -0.24055961352997191]
  [0.73105293784449066, 0.73105293784495384]
  [-0.085033200734047298, -0.085033200733790199]
  [0.29111158725116948, 0.29111158725138964]
  [-2.5125513563757438, -2.5125513563720179]
  [4.2121476024854081, 4.2121476024929532]
  [1.1015631309046297, 1.1015631309058225]
  [2.0544193174529166, 2.054419317454943]
PASS_TIED_EVENT p=5 q=13
