# Tiling campaign: 100 adjacent tiles of width 1e-10 covering
# [2900000001/10000000000, 2900000101/10000000000], 8-way parallel,
# driver middle_escape_endgame_capd (commit 92bd587 lineage), 80-bit MPFR, tol 1e-14, order 24.
# One line per slice: the run command's u-interval and its PASS line.
2900000001/10000000000..1450000001/5000000000: PASS_MIDDLE_ESCAPE_ENDGAME u=[2900000001/10000000000,1450000001/5000000000] terminal_tp=[4.3014777469550456,4.3015923502237472] eta=4 steps=3537 max_hull=0.0013733930231309647 method=CAPD-6.1.0-MPFR capd_commit=731079217a9254ea2948d742df2b170895effe7f
1450000001/5000000000..2900000003/10000000000: PASS_MIDDLE_ESCAPE_ENDGAME u=[1450000001/5000000000,2900000003/10000000000] terminal_tp=[4.3014779302033581,4.3015925335680594] eta=4 steps=3537 max_hull=0.0013733943691501109 method=CAPD-6.1.0-MPFR capd_commit=731079217a9254ea2948d742df2b170895effe7f
2900000003/10000000000..725000001/2500000000: PASS_MIDDLE_ESCAPE_ENDGAME u=[2900000003/10000000000,725000001/2500000000] terminal_tp=[4.3014781134513891,4.3015927169122055] eta=4 steps=3537 max_hull=0.0013733957165917013 method=CAPD-6.1.0-MPFR capd_commit=731079217a9254ea2948d742df2b170895effe7f
725000001/2500000000..580000001/2000000000: PASS_MIDDLE_ESCAPE_ENDGAME u=[725000001/2500000000,580000001/2000000000] terminal_tp=[4.3014782966998979,4.3015929002566526] eta=4 steps=3537 max_hull=0.001373397061878965 method=CAPD-6.1.0-MPFR capd_commit=731079217a9254ea2948d742df2b170895effe7f
580000001/2000000000..1450000003/5000000000: PASS_MIDDLE_ESCAPE_ENDGAME u=[580000001/2000000000,1450000003/5000000000] terminal_tp=[4.3014784799481376,4.3015930836009426] eta=4 steps=3537 max_hull=0.001373398408527321 method=CAPD-6.1.0-MPFR capd_commit=731079217a9254ea2948d742df2b170895effe7f
1450000003/5000000000..2900000007/10000000000: PASS_MIDDLE_ESCAPE_ENDGAME u=[1450000003/5000000000,2900000007/10000000000] terminal_tp=[4.3014786631964315,4.3015932669452734] eta=4 steps=3537 max_hull=0.0013733997550197635 method=CAPD-6.1.0-MPFR capd_commit=731079217a9254ea2948d742df2b170895effe7f
2900000007/10000000000..362500001/1250000000: PASS_MIDDLE_ESCAPE_ENDGAME u=[2900000007/10000000000,362500001/1250000000] terminal_tp=[4.3014788464449243,4.3015934502897339] eta=4 steps=3537 max_hull=0.0013734011006669852 method=CAPD-6.1.0-MPFR capd_commit=731079217a9254ea2948d742df2b170895effe7f
362500001/1250000000..2900000009/10000000000: PASS_MIDDLE_ESCAPE_ENDGAME u=[362500001/1250000000,2900000009/10000000000] terminal_tp=[4.3014790296933159,4.3015936336341403] eta=4 steps=3537 max_hull=0.0013734024468886263 method=CAPD-6.1.0-MPFR capd_commit=731079217a9254ea2948d742df2b170895effe7f
2900000009/10000000000..290000001/1000000000: PASS_MIDDLE_ESCAPE_ENDGAME u=[2900000009/10000000000,290000001/1000000000] terminal_tp=[4.3014792129417252,4.3015938169785652] eta=4 steps=3537 max_hull=0.0013734037931188434 method=CAPD-6.1.0-MPFR capd_commit=731079217a9254ea2948d742df2b170895effe7f
290000001/1000000000..2900000011/10000000000: PASS_MIDDLE_ESCAPE_ENDGAME u=[290000001/1000000000,2900000011/10000000000] terminal_tp=[4.3014793961899702,4.3015940003228987] eta=4 steps=3537 max_hull=0.001373405140215769 method=CAPD-6.1.0-MPFR capd_commit=731079217a9254ea2948d742df2b170895effe7f
2900000011/10000000000..725000003/2500000000: PASS_MIDDLE_ESCAPE_ENDGAME u=[2900000011/10000000000,725000003/2500000000] terminal_tp=[4.3014795794385137,4.3015941836674214] eta=4 steps=3537 max_hull=0.0013734064860073643 method=CAPD-6.1.0-MPFR capd_commit=731079217a9254ea2948d742df2b170895effe7f
725000003/2500000000..2900000013/10000000000: PASS_MIDDLE_ESCAPE_ENDGAME u=[725000003/2500000000,2900000013/10000000000] terminal_tp=[4.3014797626869541,4.3015943670118881] eta=4 steps=3537 max_hull=0.0013734078323791245 method=CAPD-6.1.0-MPFR capd_commit=731079217a9254ea2948d742df2b170895effe7f
2900000013/10000000000..1450000007/5000000000: PASS_MIDDLE_ESCAPE_ENDGAME u=[2900000013/10000000000,1450000007/5000000000] terminal_tp=[4.3014799459355393,4.3015945503564526] eta=4 steps=3537 max_hull=0.0013734091781597132 method=CAPD-6.1.0-MPFR capd_commit=731079217a9254ea2948d742df2b170895effe7f
1450000007/5000000000..580000003/2000000000: PASS_MIDDLE_ESCAPE_ENDGAME u=[1450000007/5000000000,580000003/2000000000] terminal_tp=[4.301480129184049,4.3015947337009788] eta=4 steps=3537 max_hull=0.0013734105243961283 method=CAPD-6.1.0-MPFR capd_commit=731079217a9254ea2948d742df2b170895effe7f
580000003/2000000000..181250001/625000000: PASS_MIDDLE_ESCAPE_ENDGAME u=[580000003/2000000000,181250001/625000000] terminal_tp=[4.3014803124325063,4.3015949170454801] eta=4 steps=3537 max_hull=0.0013734118709717747 method=CAPD-6.1.0-MPFR capd_commit=731079217a9254ea2948d742df2b170895effe7f
181250001/625000000..2900000017/10000000000: PASS_MIDDLE_ESCAPE_ENDGAME u=[181250001/625000000,2900000017/10000000000] terminal_tp=[4.3014804956810169,4.3015951003900215] eta=4 steps=3537 max_hull=0.0013734132173916806 method=CAPD-6.1.0-MPFR capd_commit=731079217a9254ea2948d742df2b170895effe7f
2900000017/10000000000..1450000009/5000000000: PASS_MIDDLE_ESCAPE_ENDGAME u=[2900000017/10000000000,1450000009/5000000000] terminal_tp=[4.3014806789294671,4.3015952837345344] eta=4 steps=3537 max_hull=0.001373414564191203 method=CAPD-6.1.0-MPFR capd_commit=731079217a9254ea2948d742df2b170895effe7f
1450000009/5000000000..2900000019/10000000000: PASS_MIDDLE_ESCAPE_ENDGAME u=[1450000009/5000000000,2900000019/10000000000] terminal_tp=[4.3014808621783009,4.3015954670792897] eta=4 steps=3537 max_hull=0.0013734159092820264 method=CAPD-6.1.0-MPFR capd_commit=731079217a9254ea2948d742df2b170895effe7f
2900000019/10000000000..145000001/500000000: PASS_MIDDLE_ESCAPE_ENDGAME u=[2900000019/10000000000,145000001/500000000] terminal_tp=[4.3014810454266446,4.3015956504237538] eta=4 steps=3537 max_hull=0.0013734172567679273 method=CAPD-6.1.0-MPFR capd_commit=731079217a9254ea2948d742df2b170895effe7f
145000001/500000000..2900000021/10000000000: PASS_MIDDLE_ESCAPE_ENDGAME u=[145000001/500000000,2900000021/10000000000] terminal_tp=[4.301481228675252,4.3015958337683857] eta=4 steps=3537 max_hull=0.0013734186031133075 method=CAPD-6.1.0-MPFR capd_commit=731079217a9254ea2948d742df2b170895effe7f
2900000021/10000000000..1450000011/5000000000: PASS_MIDDLE_ESCAPE_ENDGAME u=[2900000021/10000000000,1450000011/5000000000] terminal_tp=[4.3014814119242484,4.3015960171132637] eta=4 steps=3537 max_hull=0.001373419947727679 method=CAPD-6.1.0-MPFR capd_commit=731079217a9254ea2948d742df2b170895effe7f
1450000011/5000000000..2900000023/10000000000: PASS_MIDDLE_ESCAPE_ENDGAME u=[1450000011/5000000000,2900000023/10000000000] terminal_tp=[4.3014815951726479,4.3015962004577846] eta=4 steps=3537 max_hull=0.0013734212952392405 method=CAPD-6.1.0-MPFR capd_commit=731079217a9254ea2948d742df2b170895effe7f
2900000023/10000000000..362500003/1250000000: PASS_MIDDLE_ESCAPE_ENDGAME u=[2900000023/10000000000,362500003/1250000000] terminal_tp=[4.3014817784212669,4.3015963838024476] eta=4 steps=3537 max_hull=0.0013734226418137478 method=CAPD-6.1.0-MPFR capd_commit=731079217a9254ea2948d742df2b170895effe7f
362500003/1250000000..116000001/400000000: PASS_MIDDLE_ESCAPE_ENDGAME u=[362500003/1250000000,116000001/400000000] terminal_tp=[4.301481961670051,4.3015965671472198] eta=4 steps=3537 max_hull=0.0013734239877050271 method=CAPD-6.1.0-MPFR capd_commit=731079217a9254ea2948d742df2b170895effe7f
116000001/400000000..1450000013/5000000000: PASS_MIDDLE_ESCAPE_ENDGAME u=[116000001/400000000,1450000013/5000000000] terminal_tp=[4.3014821449188103,4.3015967504919841] eta=4 steps=3537 max_hull=0.0013734253338124887 method=CAPD-6.1.0-MPFR capd_commit=731079217a9254ea2948d742df2b170895effe7f
1450000013/5000000000..2900000027/10000000000: PASS_MIDDLE_ESCAPE_ENDGAME u=[1450000013/5000000000,2900000027/10000000000] terminal_tp=[4.3014823281673831,4.3015969338366418] eta=4 steps=3537 max_hull=0.0013734266808913911 method=CAPD-6.1.0-MPFR capd_commit=731079217a9254ea2948d742df2b170895effe7f
2900000027/10000000000..725000007/2500000000: PASS_MIDDLE_ESCAPE_ENDGAME u=[2900000027/10000000000,725000007/2500000000] terminal_tp=[4.3014825114163058,4.3015971171815224] eta=4 steps=3537 max_hull=0.0013734280264163718 method=CAPD-6.1.0-MPFR capd_commit=731079217a9254ea2948d742df2b170895effe7f
725000007/2500000000..2900000029/10000000000: PASS_MIDDLE_ESCAPE_ENDGAME u=[725000007/2500000000,2900000029/10000000000] terminal_tp=[4.301482694664915,4.3015973005262191] eta=4 steps=3537 max_hull=0.0013734293735109438 method=CAPD-6.1.0-MPFR capd_commit=731079217a9254ea2948d742df2b170895effe7f
2900000029/10000000000..290000003/1000000000: PASS_MIDDLE_ESCAPE_ENDGAME u=[2900000029/10000000000,290000003/1000000000] terminal_tp=[4.3014828779137924,4.3015974838710864] eta=4 steps=3537 max_hull=0.0013734307194435257 method=CAPD-6.1.0-MPFR capd_commit=731079217a9254ea2948d742df2b170895effe7f
290000003/1000000000..2900000031/10000000000: PASS_MIDDLE_ESCAPE_ENDGAME u=[290000003/1000000000,2900000031/10000000000] terminal_tp=[4.3014830611626955,4.3015976672159777] eta=4 steps=3537 max_hull=0.0013734320653491345 method=CAPD-6.1.0-MPFR capd_commit=731079217a9254ea2948d742df2b170895effe7f
2900000031/10000000000..90625001/312500000: PASS_MIDDLE_ESCAPE_ENDGAME u=[2900000031/10000000000,90625001/312500000] terminal_tp=[4.3014832444115587,4.301597850560853] eta=4 steps=3537 max_hull=0.0013734334115334181 method=CAPD-6.1.0-MPFR capd_commit=731079217a9254ea2948d742df2b170895effe7f
90625001/312500000..2900000033/10000000000: PASS_MIDDLE_ESCAPE_ENDGAME u=[90625001/312500000,2900000033/10000000000] terminal_tp=[4.3014834276603118,4.3015980339056687] eta=4 steps=3537 max_hull=0.001373434758334371 method=CAPD-6.1.0-MPFR capd_commit=731079217a9254ea2948d742df2b170895effe7f
2900000033/10000000000..1450000017/5000000000: PASS_MIDDLE_ESCAPE_ENDGAME u=[2900000033/10000000000,1450000017/5000000000] terminal_tp=[4.3014836109091652,4.3015982172505538] eta=4 steps=3537 max_hull=0.0013734361047544996 method=CAPD-6.1.0-MPFR capd_commit=731079217a9254ea2948d742df2b170895effe7f
1450000017/5000000000..580000007/2000000000: PASS_MIDDLE_ESCAPE_ENDGAME u=[1450000017/5000000000,580000007/2000000000] terminal_tp=[4.3014837941581066,4.3015984005955001] eta=4 steps=3537 max_hull=0.001373437450859324 method=CAPD-6.1.0-MPFR capd_commit=731079217a9254ea2948d742df2b170895effe7f
580000007/2000000000..725000009/2500000000: PASS_MIDDLE_ESCAPE_ENDGAME u=[580000007/2000000000,725000009/2500000000] terminal_tp=[4.301483977406976,4.3015985839404101] eta=4 steps=3537 max_hull=0.0013734387973970662 method=CAPD-6.1.0-MPFR capd_commit=731079217a9254ea2948d742df2b170895effe7f
725000009/2500000000..2900000037/10000000000: PASS_MIDDLE_ESCAPE_ENDGAME u=[725000009/2500000000,2900000037/10000000000] terminal_tp=[4.301484160655888,4.3015987672853537] eta=4 steps=3537 max_hull=0.0013734401438295868 method=CAPD-6.1.0-MPFR capd_commit=731079217a9254ea2948d742df2b170895effe7f
2900000037/10000000000..1450000019/5000000000: PASS_MIDDLE_ESCAPE_ENDGAME u=[2900000037/10000000000,1450000019/5000000000] terminal_tp=[4.3014843439050496,4.3015989506304582] eta=4 steps=3537 max_hull=0.0013734414891843454 method=CAPD-6.1.0-MPFR capd_commit=731079217a9254ea2948d742df2b170895effe7f
1450000019/5000000000..2900000039/10000000000: PASS_MIDDLE_ESCAPE_ENDGAME u=[1450000019/5000000000,2900000039/10000000000] terminal_tp=[4.3014845271538196,4.3015991339753308] eta=4 steps=3537 max_hull=0.0013734428364742003 method=CAPD-6.1.0-MPFR capd_commit=731079217a9254ea2948d742df2b170895effe7f
2900000039/10000000000..72500001/250000000: PASS_MIDDLE_ESCAPE_ENDGAME u=[2900000039/10000000000,72500001/250000000] terminal_tp=[4.3014847104026153,4.3015993173202283] eta=4 steps=3537 max_hull=0.0013734441837367337 method=CAPD-6.1.0-MPFR capd_commit=731079217a9254ea2948d742df2b170895effe7f
72500001/250000000..2900000041/10000000000: PASS_MIDDLE_ESCAPE_ENDGAME u=[72500001/250000000,2900000041/10000000000] terminal_tp=[4.3014848936516934,4.3015995006653043] eta=4 steps=3537 max_hull=0.0013734455297681897 method=CAPD-6.1.0-MPFR capd_commit=731079217a9254ea2948d742df2b170895effe7f
2900000041/10000000000..1450000021/5000000000: PASS_MIDDLE_ESCAPE_ENDGAME u=[2900000041/10000000000,1450000021/5000000000] terminal_tp=[4.3014850769008559,4.3015996840104407] eta=4 steps=3537 max_hull=0.001373446875500652 method=CAPD-6.1.0-MPFR capd_commit=731079217a9254ea2948d742df2b170895effe7f
1450000021/5000000000..2900000043/10000000000: PASS_MIDDLE_ESCAPE_ENDGAME u=[1450000021/5000000000,2900000043/10000000000] terminal_tp=[4.3014852601501063,4.3015998673556384] eta=4 steps=3537 max_hull=0.0013734482209107814 method=CAPD-6.1.0-MPFR capd_commit=731079217a9254ea2948d742df2b170895effe7f
2900000043/10000000000..725000011/2500000000: PASS_MIDDLE_ESCAPE_ENDGAME u=[2900000043/10000000000,725000011/2500000000] terminal_tp=[4.3014854433990424,4.3016000507006522] eta=4 steps=3537 max_hull=0.001373449567895304 method=CAPD-6.1.0-MPFR capd_commit=731079217a9254ea2948d742df2b170895effe7f
725000011/2500000000..580000009/2000000000: PASS_MIDDLE_ESCAPE_ENDGAME u=[725000011/2500000000,580000009/2000000000] terminal_tp=[4.3014856266480459,4.3016002340457149] eta=4 steps=3537 max_hull=0.0013734509146568154 method=CAPD-6.1.0-MPFR capd_commit=731079217a9254ea2948d742df2b170895effe7f
580000009/2000000000..1450000023/5000000000: PASS_MIDDLE_ESCAPE_ENDGAME u=[580000009/2000000000,1450000023/5000000000] terminal_tp=[4.3014858098972217,4.3016004173908904] eta=4 steps=3537 max_hull=0.001373452260703589 method=CAPD-6.1.0-MPFR capd_commit=731079217a9254ea2948d742df2b170895effe7f
1450000023/5000000000..2900000047/10000000000: PASS_MIDDLE_ESCAPE_ENDGAME u=[1450000023/5000000000,2900000047/10000000000] terminal_tp=[4.3014859931462999,4.3016006007360144] eta=4 steps=3537 max_hull=0.0013734536073060815 method=CAPD-6.1.0-MPFR capd_commit=731079217a9254ea2948d742df2b170895effe7f
2900000047/10000000000..181250003/625000000: PASS_MIDDLE_ESCAPE_ENDGAME u=[2900000047/10000000000,181250003/625000000] terminal_tp=[4.3014861763953958,4.3016007840811579] eta=4 steps=3537 max_hull=0.0013734549539162221 method=CAPD-6.1.0-MPFR capd_commit=731079217a9254ea2948d742df2b170895effe7f
181250003/625000000..2900000049/10000000000: PASS_MIDDLE_ESCAPE_ENDGAME u=[181250003/625000000,2900000049/10000000000] terminal_tp=[4.3014863596446249,4.3016009674263893] eta=4 steps=3537 max_hull=0.0013734563000006126 method=CAPD-6.1.0-MPFR capd_commit=731079217a9254ea2948d742df2b170895effe7f
2900000049/10000000000..58000001/200000000: PASS_MIDDLE_ESCAPE_ENDGAME u=[2900000049/10000000000,58000001/200000000] terminal_tp=[4.3014865428937261,4.3016011507715506] eta=4 steps=3537 max_hull=0.0013734576467783364 method=CAPD-6.1.0-MPFR capd_commit=731079217a9254ea2948d742df2b170895effe7f
58000001/200000000..2900000051/10000000000: PASS_MIDDLE_ESCAPE_ENDGAME u=[58000001/200000000,2900000051/10000000000] terminal_tp=[4.3014867261429499,4.3016013341167953] eta=4 steps=3537 max_hull=0.0013734589930731852 method=CAPD-6.1.0-MPFR capd_commit=731079217a9254ea2948d742df2b170895effe7f
2900000051/10000000000..725000013/2500000000: PASS_MIDDLE_ESCAPE_ENDGAME u=[2900000051/10000000000,725000013/2500000000] terminal_tp=[4.3014869093920778,4.3016015174619886] eta=4 steps=3537 max_hull=0.0013734603399133613 method=CAPD-6.1.0-MPFR capd_commit=731079217a9254ea2948d742df2b170895effe7f
725000013/2500000000..2900000053/10000000000: PASS_MIDDLE_ESCAPE_ENDGAME u=[725000013/2500000000,2900000053/10000000000] terminal_tp=[4.3014870926413318,4.3016017008072671] eta=4 steps=3537 max_hull=0.0013734616862581671 method=CAPD-6.1.0-MPFR capd_commit=731079217a9254ea2948d742df2b170895effe7f
2900000053/10000000000..1450000027/5000000000: PASS_MIDDLE_ESCAPE_ENDGAME u=[2900000053/10000000000,1450000027/5000000000] terminal_tp=[4.3014872758906062,4.3016018841525661] eta=4 steps=3537 max_hull=0.0013734630326037041 method=CAPD-6.1.0-MPFR capd_commit=731079217a9254ea2948d742df2b170895effe7f
1450000027/5000000000..580000011/2000000000: PASS_MIDDLE_ESCAPE_ENDGAME u=[1450000027/5000000000,580000011/2000000000] terminal_tp=[4.3014874591399979,4.301602067497944] eta=4 steps=3537 max_hull=0.0013734643784884008 method=CAPD-6.1.0-MPFR capd_commit=731079217a9254ea2948d742df2b170895effe7f
580000011/2000000000..362500007/1250000000: PASS_MIDDLE_ESCAPE_ENDGAME u=[580000011/2000000000,362500007/1250000000] terminal_tp=[4.3014876423892288,4.3016022508432323] eta=4 steps=3537 max_hull=0.0013734657252288142 method=CAPD-6.1.0-MPFR capd_commit=731079217a9254ea2948d742df2b170895effe7f
362500007/1250000000..2900000057/10000000000: PASS_MIDDLE_ESCAPE_ENDGAME u=[362500007/1250000000,2900000057/10000000000] terminal_tp=[4.3014878256383762,4.3016024341884771] eta=4 steps=3537 max_hull=0.0013734670724513895 method=CAPD-6.1.0-MPFR capd_commit=731079217a9254ea2948d742df2b170895effe7f
2900000057/10000000000..1450000029/5000000000: PASS_MIDDLE_ESCAPE_ENDGAME u=[2900000057/10000000000,1450000029/5000000000] terminal_tp=[4.3014880088875964,4.3016026175337743] eta=4 steps=3537 max_hull=0.0013734684194309755 method=CAPD-6.1.0-MPFR capd_commit=731079217a9254ea2948d742df2b170895effe7f
1450000029/5000000000..2900000059/10000000000: PASS_MIDDLE_ESCAPE_ENDGAME u=[1450000029/5000000000,2900000059/10000000000] terminal_tp=[4.3014881921373744,4.3016028008794196] eta=4 steps=3537 max_hull=0.0013734697638796047 method=CAPD-6.1.0-MPFR capd_commit=731079217a9254ea2948d742df2b170895effe7f
2900000059/10000000000..145000003/500000000: PASS_MIDDLE_ESCAPE_ENDGAME u=[2900000059/10000000000,145000003/500000000] terminal_tp=[4.3014883753864739,4.301602984224659] eta=4 steps=3537 max_hull=0.0013734711116178066 method=CAPD-6.1.0-MPFR capd_commit=731079217a9254ea2948d742df2b170895effe7f
145000003/500000000..2900000061/10000000000: PASS_MIDDLE_ESCAPE_ENDGAME u=[145000003/500000000,2900000061/10000000000] terminal_tp=[4.3014885586361125,4.3016031675702351] eta=4 steps=3537 max_hull=0.0013734724569133684 method=CAPD-6.1.0-MPFR capd_commit=731079217a9254ea2948d742df2b170895effe7f
2900000061/10000000000..1450000031/5000000000: PASS_MIDDLE_ESCAPE_ENDGAME u=[2900000061/10000000000,1450000031/5000000000] terminal_tp=[4.3014887418852599,4.3016033509155189] eta=4 steps=3537 max_hull=0.0013734738046144112 method=CAPD-6.1.0-MPFR capd_commit=731079217a9254ea2948d742df2b170895effe7f
1450000031/5000000000..2900000063/10000000000: PASS_MIDDLE_ESCAPE_ENDGAME u=[1450000031/5000000000,2900000063/10000000000] terminal_tp=[4.3014889251347297,4.3016035342610079] eta=4 steps=3537 max_hull=0.0013734751508926687 method=CAPD-6.1.0-MPFR capd_commit=731079217a9254ea2948d742df2b170895effe7f
2900000063/10000000000..45312501/156250000: PASS_MIDDLE_ESCAPE_ENDGAME u=[2900000063/10000000000,45312501/156250000] terminal_tp=[4.3014891083842501,4.3016037176065351] eta=4 steps=3537 max_hull=0.0013734764970296943 method=CAPD-6.1.0-MPFR capd_commit=731079217a9254ea2948d742df2b170895effe7f
45312501/156250000..580000013/2000000000: PASS_MIDDLE_ESCAPE_ENDGAME u=[45312501/156250000,580000013/2000000000] terminal_tp=[4.3014892916334659,4.3016039009518847] eta=4 steps=3537 max_hull=0.0013734778446939377 method=CAPD-6.1.0-MPFR capd_commit=731079217a9254ea2948d742df2b170895effe7f
580000013/2000000000..1450000033/5000000000: PASS_MIDDLE_ESCAPE_ENDGAME u=[580000013/2000000000,1450000033/5000000000] terminal_tp=[4.3014894748831516,4.3016040842975292] eta=4 steps=3537 max_hull=0.0013734791902404266 method=CAPD-6.1.0-MPFR capd_commit=731079217a9254ea2948d742df2b170895effe7f
1450000033/5000000000..2900000067/10000000000: PASS_MIDDLE_ESCAPE_ENDGAME u=[1450000033/5000000000,2900000067/10000000000] terminal_tp=[4.3014896581326605,4.3016042676430724] eta=4 steps=3537 max_hull=0.0013734805367187073 method=CAPD-6.1.0-MPFR capd_commit=731079217a9254ea2948d742df2b170895effe7f
2900000067/10000000000..725000017/2500000000: PASS_MIDDLE_ESCAPE_ENDGAME u=[2900000067/10000000000,725000017/2500000000] terminal_tp=[4.3014898413820095,4.3016044509885267] eta=4 steps=3537 max_hull=0.0013734818840420175 method=CAPD-6.1.0-MPFR capd_commit=731079217a9254ea2948d742df2b170895effe7f
725000017/2500000000..2900000069/10000000000: PASS_MIDDLE_ESCAPE_ENDGAME u=[725000017/2500000000,2900000069/10000000000] terminal_tp=[4.3014900246318222,4.3016046343342724] eta=4 steps=3537 max_hull=0.0013734832292759454 method=CAPD-6.1.0-MPFR capd_commit=731079217a9254ea2948d742df2b170895effe7f
2900000069/10000000000..290000007/1000000000: PASS_MIDDLE_ESCAPE_ENDGAME u=[2900000069/10000000000,290000007/1000000000] terminal_tp=[4.301490207881316,4.3016048176798307] eta=4 steps=3537 max_hull=0.0013734845761081791 method=CAPD-6.1.0-MPFR capd_commit=731079217a9254ea2948d742df2b170895effe7f
290000007/1000000000..2900000071/10000000000: PASS_MIDDLE_ESCAPE_ENDGAME u=[290000007/1000000000,2900000071/10000000000] terminal_tp=[4.3014903911307067,4.3016050010253339] eta=4 steps=3537 max_hull=0.0013734859235194122 method=CAPD-6.1.0-MPFR capd_commit=731079217a9254ea2948d742df2b170895effe7f
2900000071/10000000000..362500009/1250000000: PASS_MIDDLE_ESCAPE_ENDGAME u=[2900000071/10000000000,362500009/1250000000] terminal_tp=[4.3014905743804901,4.301605184371085] eta=4 steps=3537 max_hull=0.0013734872691799692 method=CAPD-6.1.0-MPFR capd_commit=731079217a9254ea2948d742df2b170895effe7f
362500009/1250000000..2900000073/10000000000: PASS_MIDDLE_ESCAPE_ENDGAME u=[362500009/1250000000,2900000073/10000000000] terminal_tp=[4.3014907576301429,4.3016053677167641] eta=4 steps=3537 max_hull=0.0013734886155479843 method=CAPD-6.1.0-MPFR capd_commit=731079217a9254ea2948d742df2b170895effe7f
2900000073/10000000000..1450000037/5000000000: PASS_MIDDLE_ESCAPE_ENDGAME u=[2900000073/10000000000,1450000037/5000000000] terminal_tp=[4.3014909408796402,4.3016055510623561] eta=4 steps=3537 max_hull=0.0013734899627450697 method=CAPD-6.1.0-MPFR capd_commit=731079217a9254ea2948d742df2b170895effe7f
1450000037/5000000000..116000003/400000000: PASS_MIDDLE_ESCAPE_ENDGAME u=[1450000037/5000000000,116000003/400000000] terminal_tp=[4.3014911241294254,4.3016057344081311] eta=4 steps=3537 max_hull=0.0013734913086812803 method=CAPD-6.1.0-MPFR capd_commit=731079217a9254ea2948d742df2b170895effe7f
116000003/400000000..725000019/2500000000: PASS_MIDDLE_ESCAPE_ENDGAME u=[116000003/400000000,725000019/2500000000] terminal_tp=[4.3014913073789884,4.3016059177537791] eta=4 steps=3537 max_hull=0.0013734926557578619 method=CAPD-6.1.0-MPFR capd_commit=731079217a9254ea2948d742df2b170895effe7f
725000019/2500000000..2900000077/10000000000: PASS_MIDDLE_ESCAPE_ENDGAME u=[725000019/2500000000,2900000077/10000000000] terminal_tp=[4.3014914906285835,4.3016061010994546] eta=4 steps=3537 max_hull=0.0013734940027771679 method=CAPD-6.1.0-MPFR capd_commit=731079217a9254ea2948d742df2b170895effe7f
2900000077/10000000000..1450000039/5000000000: PASS_MIDDLE_ESCAPE_ENDGAME u=[2900000077/10000000000,1450000039/5000000000] terminal_tp=[4.3014916738785596,4.30160628444537] eta=4 steps=3537 max_hull=0.0013734953481041986 method=CAPD-6.1.0-MPFR capd_commit=731079217a9254ea2948d742df2b170895effe7f
1450000039/5000000000..2900000079/10000000000: PASS_MIDDLE_ESCAPE_ENDGAME u=[1450000039/5000000000,2900000079/10000000000] terminal_tp=[4.3014918571279699,4.3016064677909478] eta=4 steps=3537 max_hull=0.001373496696181295 method=CAPD-6.1.0-MPFR capd_commit=731079217a9254ea2948d742df2b170895effe7f
2900000079/10000000000..36250001/125000000: PASS_MIDDLE_ESCAPE_ENDGAME u=[2900000079/10000000000,36250001/125000000] terminal_tp=[4.3014920403777408,4.3016066511367539] eta=4 steps=3537 max_hull=0.0013734980426608645 method=CAPD-6.1.0-MPFR capd_commit=731079217a9254ea2948d742df2b170895effe7f
36250001/125000000..2900000081/10000000000: PASS_MIDDLE_ESCAPE_ENDGAME u=[36250001/125000000,2900000081/10000000000] terminal_tp=[4.301492223627756,4.3016068344827172] eta=4 steps=3537 max_hull=0.0013734993880840825 method=CAPD-6.1.0-MPFR capd_commit=731079217a9254ea2948d742df2b170895effe7f
2900000081/10000000000..1450000041/5000000000: PASS_MIDDLE_ESCAPE_ENDGAME u=[2900000081/10000000000,1450000041/5000000000] terminal_tp=[4.3014924068773936,4.3016070178284576] eta=4 steps=3537 max_hull=0.0013735007353804949 method=CAPD-6.1.0-MPFR capd_commit=731079217a9254ea2948d742df2b170895effe7f
1450000041/5000000000..2900000083/10000000000: PASS_MIDDLE_ESCAPE_ENDGAME u=[1450000041/5000000000,2900000083/10000000000] terminal_tp=[4.3014925901274106,4.3016072011744377] eta=4 steps=3537 max_hull=0.0013735020809867225 method=CAPD-6.1.0-MPFR capd_commit=731079217a9254ea2948d742df2b170895effe7f
2900000083/10000000000..725000021/2500000000: PASS_MIDDLE_ESCAPE_ENDGAME u=[2900000083/10000000000,725000021/2500000000] terminal_tp=[4.3014927733770483,4.3016073845201941] eta=4 steps=3537 max_hull=0.0013735034284709507 method=CAPD-6.1.0-MPFR capd_commit=731079217a9254ea2948d742df2b170895effe7f
725000021/2500000000..580000017/2000000000: PASS_MIDDLE_ESCAPE_ENDGAME u=[725000021/2500000000,580000017/2000000000] terminal_tp=[4.3014929566268796,4.3016075678660757] eta=4 steps=3537 max_hull=0.0013735047751435542 method=CAPD-6.1.0-MPFR capd_commit=731079217a9254ea2948d742df2b170895effe7f
580000017/2000000000..1450000043/5000000000: PASS_MIDDLE_ESCAPE_ENDGAME u=[580000017/2000000000,1450000043/5000000000] terminal_tp=[4.3014931398766061,4.3016077512119022] eta=4 steps=3537 max_hull=0.0013735061223995695 method=CAPD-6.1.0-MPFR capd_commit=731079217a9254ea2948d742df2b170895effe7f
1450000043/5000000000..2900000087/10000000000: PASS_MIDDLE_ESCAPE_ENDGAME u=[1450000043/5000000000,2900000087/10000000000] terminal_tp=[4.3014933231265653,4.3016079345578779] eta=4 steps=3537 max_hull=0.0013735074686593094 method=CAPD-6.1.0-MPFR capd_commit=731079217a9254ea2948d742df2b170895effe7f
2900000087/10000000000..362500011/1250000000: PASS_MIDDLE_ESCAPE_ENDGAME u=[2900000087/10000000000,362500011/1250000000] terminal_tp=[4.3014935063765112,4.3016081179038546] eta=4 steps=3537 max_hull=0.0013735088150737744 method=CAPD-6.1.0-MPFR capd_commit=731079217a9254ea2948d742df2b170895effe7f
362500011/1250000000..2900000089/10000000000: PASS_MIDDLE_ESCAPE_ENDGAME u=[362500011/1250000000,2900000089/10000000000] terminal_tp=[4.3014936896265024,4.3016083012498649] eta=4 steps=3537 max_hull=0.0013735101613735513 method=CAPD-6.1.0-MPFR capd_commit=731079217a9254ea2948d742df2b170895effe7f
2900000089/10000000000..290000009/1000000000: PASS_MIDDLE_ESCAPE_ENDGAME u=[2900000089/10000000000,290000009/1000000000] terminal_tp=[4.3014938728766152,4.3016084845959588] eta=4 steps=3537 max_hull=0.001373511507194609 method=CAPD-6.1.0-MPFR capd_commit=731079217a9254ea2948d742df2b170895effe7f
290000009/1000000000..2900000091/10000000000: PASS_MIDDLE_ESCAPE_ENDGAME u=[290000009/1000000000,2900000091/10000000000] terminal_tp=[4.3014940561264829,4.3016086679419105] eta=4 steps=3537 max_hull=0.0013735128542607452 method=CAPD-6.1.0-MPFR capd_commit=731079217a9254ea2948d742df2b170895effe7f
2900000091/10000000000..725000023/2500000000: PASS_MIDDLE_ESCAPE_ENDGAME u=[2900000091/10000000000,725000023/2500000000] terminal_tp=[4.3014942393764288,4.3016088512879174] eta=4 steps=3537 max_hull=0.0013735142010587007 method=CAPD-6.1.0-MPFR capd_commit=731079217a9254ea2948d742df2b170895effe7f
725000023/2500000000..2900000093/10000000000: PASS_MIDDLE_ESCAPE_ENDGAME u=[725000023/2500000000,2900000093/10000000000] terminal_tp=[4.3014944226263783,4.3016090346339348] eta=4 steps=3537 max_hull=0.0013735155479332182 method=CAPD-6.1.0-MPFR capd_commit=731079217a9254ea2948d742df2b170895effe7f
2900000093/10000000000..1450000047/5000000000: PASS_MIDDLE_ESCAPE_ENDGAME u=[2900000093/10000000000,1450000047/5000000000] terminal_tp=[4.3014946058764876,4.3016092179800571] eta=4 steps=3537 max_hull=0.0013735168941501682 method=CAPD-6.1.0-MPFR capd_commit=731079217a9254ea2948d742df2b170895effe7f
1450000047/5000000000..580000019/2000000000: PASS_MIDDLE_ESCAPE_ENDGAME u=[1450000047/5000000000,580000019/2000000000] terminal_tp=[4.3014947891264317,4.301609401326087] eta=4 steps=3537 max_hull=0.0013735182412385443 method=CAPD-6.1.0-MPFR capd_commit=731079217a9254ea2948d742df2b170895effe7f
580000019/2000000000..90625003/312500000: PASS_MIDDLE_ESCAPE_ENDGAME u=[580000019/2000000000,90625003/312500000] terminal_tp=[4.3014949723767488,4.3016095846723523] eta=4 steps=3537 max_hull=0.0013735195866726134 method=CAPD-6.1.0-MPFR capd_commit=731079217a9254ea2948d742df2b170895effe7f
90625003/312500000..2900000097/10000000000: PASS_MIDDLE_ESCAPE_ENDGAME u=[90625003/312500000,2900000097/10000000000] terminal_tp=[4.3014951556266343,4.3016097680183618] eta=4 steps=3537 max_hull=0.0013735209342273008 method=CAPD-6.1.0-MPFR capd_commit=731079217a9254ea2948d742df2b170895effe7f
2900000097/10000000000..1450000049/5000000000: PASS_MIDDLE_ESCAPE_ENDGAME u=[2900000097/10000000000,1450000049/5000000000] terminal_tp=[4.3014953388766521,4.3016099513644601] eta=4 steps=3537 max_hull=0.0013735222812554242 method=CAPD-6.1.0-MPFR capd_commit=731079217a9254ea2948d742df2b170895effe7f
1450000049/5000000000..2900000099/10000000000: PASS_MIDDLE_ESCAPE_ENDGAME u=[1450000049/5000000000,2900000099/10000000000] terminal_tp=[4.3014955221267996,4.3016101347106455] eta=4 steps=3537 max_hull=0.0013735236277664291 method=CAPD-6.1.0-MPFR capd_commit=731079217a9254ea2948d742df2b170895effe7f
2900000099/10000000000..29000001/100000000: PASS_MIDDLE_ESCAPE_ENDGAME u=[2900000099/10000000000,29000001/100000000] terminal_tp=[4.3014957053768699,4.3016103180567917] eta=4 steps=3537 max_hull=0.0013735249747376876 method=CAPD-6.1.0-MPFR capd_commit=731079217a9254ea2948d742df2b170895effe7f
29000001/100000000..2900000101/10000000000: PASS_MIDDLE_ESCAPE_ENDGAME u=[29000001/100000000,2900000101/10000000000] terminal_tp=[4.3014958886271559,4.3016105014030774] eta=4 steps=3537 max_hull=0.0013735263207955686 method=CAPD-6.1.0-MPFR capd_commit=731079217a9254ea2948d742df2b170895effe7f
# Campaign summary:
=== CAMPAIGN RESULT ===
certified measure: 1/100000000 of 1/100000000 (100.00%)
COMPLETE: every real u in [2900000001/10000000000,2900000101/10000000000] certified nonperiodic
exit=0
