ENDGAME_PARAMS precision_bits=96 tolerance=1e-16 order=26 sync_exchange=1 driver=middle_escape_endgame_capd/v6-sync-2026-08-25
C0_PHASE_DONE pair13_launch steps=612 hull=1.7763812349085656e-07
C0_SWITCH pair23_first tp=[1.0004256918411787,1.0004256925008395] hull=1.7747359132065859e-08
C0_PHASE_DONE pair23_first steps=1197 hull=3.6693848201540083e-08
C0_SWITCH pair13_middle tp=[1.7511404668866251,1.7511404699000954] hull=1.2252098036506937e-07
c0 pair13_middle tp=2.9569769796866696 steps=2000 hull=9.408445720663489e-07
C0_SYNC_AUDIT section=[-0.59999999999999998,-0.59999999999999998] sigma_return=[14.497037767735202,14.497038055149476] steps=20
C0_SYNC_EXCHANGE ordinal=1 wr=[-0.59999999999999998,-0.59999999999999998] tp=[3.3421317083639219,3.3421319191138172] zr=[0.36790264678861934,0.36790304542386937] hull=4.3193135543622795e-06
C0_SYNC_AUDIT section=[-0.5,-0.5] sigma_return=[0.19921246164980902,0.19921269705544306] steps=22
C0_SYNC_EXCHANGE ordinal=2 wr=[-0.5,-0.5] tp=[3.4156766586017899,3.4156767792939249] zr=[0.64096648698328862,0.64096755428903984] hull=1.3684154894941074e-05
C0_SYNC_AUDIT section=[-0.39999999999999997,-0.39999999999999997] sigma_return=[0.12935963018680163,0.12936021656743243] steps=40
C0_SYNC_EXCHANGE ordinal=3 wr=[-0.39999999999999997,-0.39999999999999997] tp=[3.4470868261893775,3.4470869083548683] zr=[1.0249917572620644,1.0250021050532865] hull=0.00026854140660642254
C0_SYNC_AUDIT section=[-0.29999999999999999,-0.29999999999999999] sigma_return=[0.075151423118030719,0.075152870631694665] steps=67
C0_SYNC_EXCHANGE ordinal=4 wr=[-0.29999999999999999,-0.29999999999999999] tp=[3.4577769709347326,3.4577770631669127] zr=[1.3011283533654103,1.301132051733821] hull=0.00018469359903124143
C0_SYNC_AUDIT section=[-0.19999999999999998,-0.19999999999999998] sigma_return=[0.084639794901411117,0.084640305531504423] steps=16
C0_SYNC_EXCHANGE ordinal=5 wr=[-0.19999999999999998,-0.19999999999999998] tp=[3.4642384818384526,3.4642385771081901] zr=[1.0997739684312036,1.0997763072821556] hull=0.00012394573214050605
C0_SYNC_AUDIT section=[0,0] sigma_return=[0.19484441966773555,0.19484509353169957] steps=31
C0_SYNC_EXCHANGE ordinal=6 wr=[0,0] tp=[3.469398360150854,3.4693985023238794] zr=[0.99360835534397862,0.99361118629274203] hull=0.00012723866906734027
C0_PHASE_DONE pair13_middle steps=2129 hull=0.00046354871139883105
C0_SWITCH pair23_escape tp=[3.5005660114176038,3.500566751667018] hull=0.00027137859023587327
TERMINAL tp=[4.3003083736415997,4.3003242990473982] inf_d=1.8655664923833537 inf_rhodot=2.0484170333080609 inf_Erho=0.82233239135973091 sup_h=-9.2745055179032434 sup_Delta=0.20545354142785377 inf_margin=5.0690519764753903
TERMINAL_BOX 4 0.29000000000000004 0.29000000100000001 0.12187717512133965 0.12191730234511926 -0.37293541438964645 -0.37291807147412254 0.22000547230300663 0.22012447574688648 0.072203661777146433 0.072503694270857025 -1.3944128637549029 -1.3942500945869964 1.7650773644540509 1.7652284009519406 -1.2295068769586974 -1.2292813897521637 1.6396250410201751 1.6398429962992545 -9.2748112569437193 -9.2745055179032434
PASS_MIDDLE_ESCAPE_ENDGAME u=[29000000000/100000000000,29000000100/100000000000] terminal_tp=[4.3003083736415997,4.3003242990473982] eta=4 steps=3344 max_hull=0.00046354871139883105 method=CAPD-6.1.0-MPFR capd_commit=731079217a9254ea2948d742df2b170895effe7f
