ENDGAME_PARAMS precision_bits=80 tolerance=1e-14 order=24 sync_exchange=1 driver=middle_escape_endgame_capd/v6-sync-2026-08-25
C0_PHASE_DONE pair13_launch steps=612 hull=1.776381234921675e-07
C0_SWITCH pair23_first tp=[1.0004256918411787,1.0004256925008395] hull=1.7747359143762464e-08
C0_PHASE_DONE pair23_first steps=1197 hull=3.6693848216659933e-08
C0_SWITCH pair13_middle tp=[1.7511404668866251,1.7511404699000952] hull=1.2252098039423459e-07
c0 pair13_middle tp=2.9569769796866674 steps=2000 hull=9.4084457489040714e-07
C0_SYNC_AUDIT section=[-0.59999999999999998,-0.59999999999999998] sigma_return=[14.497037767735202,14.497038055149478] steps=20
C0_SYNC_EXCHANGE ordinal=1 wr=[-0.59999999999999998,-0.59999999999999998] tp=[3.3421317083639215,3.3421319191138177] zr=[0.36790264678861878,0.36790304542386992] hull=4.3193135666266788e-06
C0_SYNC_AUDIT section=[-0.5,-0.5] sigma_return=[0.19921246164980869,0.19921269705544339] steps=22
C0_SYNC_EXCHANGE ordinal=2 wr=[-0.5,-0.5] tp=[3.4156766586017899,3.4156767792939253] zr=[0.64096648698328718,0.64096755428904129] hull=1.3684154936202473e-05
C0_SYNC_AUDIT section=[-0.39999999999999997,-0.39999999999999997] sigma_return=[0.12935963018680074,0.12936021656743332] steps=40
C0_SYNC_EXCHANGE ordinal=3 wr=[-0.39999999999999997,-0.39999999999999997] tp=[3.4470868261893775,3.4470869083548683] zr=[1.0249917572620484,1.0250021050533027] hull=0.00026854140746092943
C0_SYNC_AUDIT section=[-0.29999999999999999,-0.29999999999999999] sigma_return=[0.075151423118028235,0.07515287063169715] steps=67
C0_SYNC_EXCHANGE ordinal=4 wr=[-0.29999999999999999,-0.29999999999999999] tp=[3.4577769709347326,3.4577770631669131] zr=[1.3011283533654034,1.3011320517338278] hull=0.00018469359971079281
C0_SYNC_AUDIT section=[-0.19999999999999998,-0.19999999999999998] sigma_return=[0.084639794901410201,0.084640305531505339] steps=16
C0_SYNC_EXCHANGE ordinal=5 wr=[-0.19999999999999998,-0.19999999999999998] tp=[3.4642384818384526,3.4642385771081901] zr=[1.0997739684311978,1.0997763072821616] hull=0.00012394573273082494
C0_SYNC_AUDIT section=[0,0] sigma_return=[0.19484441966773389,0.19484509353170121] steps=31
C0_SYNC_EXCHANGE ordinal=6 wr=[0,0] tp=[3.4693983601508536,3.4693985023238798] zr=[0.99360835534397096,0.99361118629274969] hull=0.00012723866968700532
C0_PHASE_DONE pair13_middle steps=2129 hull=0.00046354871345593191
C0_SWITCH pair23_escape tp=[3.5005660114175985,3.5005667516670163] hull=0.00027137859153697973
TERMINAL tp=[4.3003083736405721,4.3003242990464523] inf_d=1.8655664923807538 inf_rhodot=2.0484170333066474 inf_Erho=0.82233239135505831 sup_h=-9.2745055179025027 sup_Delta=0.20545354142901009 inf_margin=5.069051976473494
TERMINAL_BOX 4 0.29000000000000004 0.29000000100000001 0.12187717511983089 0.12191730234380657 -0.37293541439015176 -0.37291807147454492 0.22000547230634962 0.22012447575079286 0.072203661765346316 0.0725036942604807 -1.3944128637541151 -1.394250094585358 1.7650773644520321 1.7652284009507233 -1.2295068769595774 -1.229281389751858 1.6396250410199564 1.6398429963002006 -9.2748112569444547 -9.2745055179025027
PASS_MIDDLE_ESCAPE_ENDGAME u=[29000000000/100000000000,29000000100/100000000000] terminal_tp=[4.3003083736405721,4.3003242990464523] eta=4 steps=3344 max_hull=0.00046354871345593191 method=CAPD-6.1.0-MPFR capd_commit=731079217a9254ea2948d742df2b170895effe7f
