PGRAPH_PARAMS mode=1 precision_bits=160 tolerance=1e-24 order=32 driver=parameter_graph_capd/2026-08-25
SELFTEST map_hessian_storage=taylor
SELFTEST pg2_toy_containment=PASS
PGRAPH_LEG t=2/5 tp=[0.40000000000000002,0.40000000000000002] hull=1.3332205659482718e-09 tan=1.3332205659482027e-09 q=0 def=1.1543056193687861e-22
PGRAPH_LEG t=3/5 tp=[0.60000000000000009,0.60000000000000009] hull=2.5640546496715124e-09 tan=2.5640546496705979e-09 q=0 def=9.1435981833499299e-22
PGRAPH_LEG t=7/10 tp=[0.70000000000000007,0.70000000000000007] hull=4.3935293732762189e-09 tan=4.3935293732732038e-09 q=0 def=8.0121004704627464e-21
PGRAPH_LEG t=4/5 tp=[0.80000000000000004,0.80000000000000004] hull=2.7142058523048943e-09 tan=2.7142058522920465e-09 q=0 def=1.2847785414840071e-20
PGRAPH_LEG t=9/10 tp=[0.90000000000000002,0.90000000000000002] hull=4.595295472871332e-09 tan=4.5952954728436934e-09 q=0 def=2.763835635359276e-20
PGRAPH_LEG t=1/1 tp=[1,1] hull=1.5728484146333758e-08 tan=1.5728484146221189e-08 q=0 def=1.1257023351637498e-19
PGRAPH_LEG S1_formA_13to23 tp=[1,1] hull=1.7707059297961666e-09 tan=1.7707059290430149e-09 q=0 def=7.5315147724694255e-19
PGRAPH_LEG t=21/20 tp=[1.05,1.05] hull=1.6242002599432175e-08 tan=1.6242002599175018e-08 q=0 def=7.6670793782020396e-19
PGRAPH_LEG t=11/10 tp=[1.1000000000000001,1.1000000000000001] hull=2.0131084842001971e-09 tan=2.0131084832691292e-09 q=0 def=9.3106801909629761e-19
PGRAPH_LEG t=6/5 tp=[1.2000000000000002,1.2000000000000002] hull=2.0539129488710495e-09 tan=2.0539129477055942e-09 q=0 def=1.165455279458566e-18
PGRAPH_LEG t=13/10 tp=[1.3,1.3] hull=2.022309307247156e-09 tan=2.0223093058985997e-09 q=0 def=1.3485564292770687e-18
PGRAPH_LEG t=27/20 tp=[1.3500000000000001,1.3500000000000001] hull=1.997845220972117e-09 tan=1.9978452195238201e-09 q=0 def=1.5189043345776346e-18
PGRAPH_LEG t=7/5 tp=[1.4000000000000001,1.4000000000000001] hull=1.9707151760913599e-09 tan=1.9707151744948318e-09 q=0 def=1.7990065148505174e-18
PGRAPH_LEG t=3/2 tp=[1.5,1.5] hull=2.4816427010242905e-09 tan=2.4816426995438758e-09 q=0 def=2.8907016513351119e-18
PGRAPH_LEG t=8/5 tp=[1.6000000000000001,1.6000000000000001] hull=1.8452013410955114e-08 tan=1.8452013390935874e-08 q=0 def=2.0019240727221611e-17
PGRAPH_LEG t=33/20 tp=[1.6500000000000001,1.6500000000000001] hull=3.1138894491484202e-09 tan=3.1138894366788532e-09 q=0 def=3.8970381886784732e-17
PGRAPH_LEG t=17/10 tp=[1.7000000000000002,1.7000000000000002] hull=2.7170978088768724e-09 tan=2.717097792237727e-09 q=0 def=4.9635105011245586e-17
PGRAPH_LEG t=7/4 tp=[1.75,1.75] hull=2.6236763771491003e-09 tan=2.6236763180083765e-09 q=0 def=5.9140723428671306e-17
PGRAPH_LEG S2_formA_23to13 tp=[1.75,1.75] hull=9.4817445481805159e-09 tan=9.481744441032385e-09 q=0 def=1.2718898843842872e-16
PGRAPH_LEG t=9/5 tp=[1.8,1.8] hull=7.97241664223486e-09 tan=7.9724164682537649e-09 q=0 def=1.7673698556277605e-16
PGRAPH_LEG t=19/10 tp=[1.9000000000000001,1.9000000000000001] hull=7.3270823538688319e-09 tan=7.3270819633301633e-09 q=0 def=3.9053866848544102e-16
PGRAPH_LEG t=2/1 tp=[2,2] hull=1.6718638312749161e-08 tan=1.6718635815221733e-08 q=0 def=2.4975274259385388e-15
PGRAPH_LEG t=21/10 tp=[2.1000000000000001,2.1000000000000001] hull=3.5650924276773033e-08 tan=3.565090602081587e-08 q=0 def=1.8255957164611297e-14
PGRAPH_LEG t=11/5 tp=[2.2000000000000002,2.2000000000000002] hull=4.3445420012161075e-08 tan=4.3445392531429645e-08 q=0 def=2.7480731425168854e-14
PGRAPH_LEG t=23/10 tp=[2.3000000000000003,2.3000000000000003] hull=4.4569356997073698e-08 tan=4.4569324982915247e-08 q=0 def=3.2014158446812625e-14
PGRAPH_LEG t=12/5 tp=[2.4000000000000004,2.4000000000000004] hull=4.7506994728123188e-08 tan=4.7506957168940833e-08 q=0 def=3.7559182357866764e-14
PGRAPH_LEG t=5/2 tp=[2.5,2.5] hull=5.2429607824249452e-08 tan=5.2429563836689361e-08 q=0 def=4.8068888225203647e-14
PGRAPH_LEG t=13/5 tp=[2.6000000000000001,2.6000000000000001] hull=6.7951105391677638e-08 tan=6.7951041347528579e-08 q=0 def=6.4044149064565225e-14
PGRAPH_LEG t=27/10 tp=[2.7000000000000002,2.7000000000000002] hull=9.2334824732283656e-08 tan=9.2334736135367374e-08 q=0 def=8.8596916291061549e-14
PGRAPH_LEG t=14/5 tp=[2.8000000000000003,2.8000000000000003] hull=1.3560021038284655e-07 tan=1.3560007685261919e-07 q=0 def=1.3353022735969245e-13
PGRAPH_LEG t=29/10 tp=[2.9000000000000004,2.9000000000000004] hull=4.0312597112536525e-07 tan=4.0312559946226956e-07 q=0 def=3.7166309572713526e-13
PGRAPH_LEG t=3/1 tp=[3,3] hull=5.899232225770841e-07 tan=5.8992264232142543e-07 q=0 def=5.8025565870948585e-13
PGRAPH_LEG t=31/10 tp=[3.1000000000000001,3.1000000000000001] hull=7.846662637080991e-07 tan=7.8466549531413187e-07 q=0 def=7.6839396731841389e-13
PGRAPH_LEG t=16/5 tp=[3.2000000000000002,3.2000000000000002] hull=1.04749492835172e-06 tan=1.0474939048173455e-06 q=0 def=1.0235343744536869e-12
PGRAPH_LEG t=33/10 tp=[3.3000000000000003,3.3000000000000003] hull=1.491619709786611e-06 tan=1.4916182528480396e-06 q=0 def=1.4569385713333558e-12
PGRAPH_LEG t=17/5 tp=[3.4000000000000004,3.4000000000000004] hull=3.811346059053899e-06 tan=3.8113424020391394e-06 q=0 def=3.6570147594457159e-12
PGRAPH_LEG t=69/20 tp=[3.4500000000000002,3.4500000000000002] hull=0.001157480075969817 tan=0.0011574789425236787 q=0 def=1.1334461382569578e-09
PGRAPH_LEG t=7/2 tp=[3.5,3.5] hull=0.0058898538268511939 tan=0.0058898480171610526 q=0 def=5.809690141898407e-09
PGRAPH_LEG S3_formB_13to23 tp=[3.5,3.5] hull=0.046688985997287755 tan=0.046688939917708866 q=0 def=4.6079578888238477e-08
PGRAPH_STAGE1_DONE
PGRAPH_LEG wr1=-3/20MP tp=[3.5127701172790879,3.5129555070374248] hull=0.049798479206251509 tan=0.049798430057037595 q=0 def=4.9149213909817958e-08
PGRAPH_LEG wr2=-1/10MP tp=[3.5169606758607501,3.5172219552085591] hull=0.05262149185290832 tan=0.052621439917170353 q=0 def=5.1935737964615521e-08
PGRAPH_LEG wr3=-1/20MP tp=[3.5201385095124755,3.5206359054943248] hull=0.0591054437423537 tan=0.059105385406406127 q=0 def=5.8335947575775099e-08
PGRAPH_LEG wr4=0/1MP tp=[3.5270889640316616,3.5280938657469809] hull=0.066829886851391157 tan=0.066829820890687175 q=0 def=6.5960703981709623e-08
PGRAPH_LEG wr5=1/20MP tp=[3.5397274350871739,3.541668971048062] hull=0.08353630876360757 tan=0.083536226312003733 q=0 def=8.2451603835024963e-08
PGRAPH_LEG wr6=1/10MP tp=[3.5600928460845225,3.5639700806267687] hull=0.11281482319450171 tan=0.11281471184230513 q=0 def=1.1135219658408873e-07
PGRAPH_LEG wr7=3/20MP tp=[3.5927048883371584,3.6046646865520158] hull=0.17647483141762427 tan=0.17647465722778652 q=0 def=1.7418983775383843e-07
PGRAPH_LEG wr8=3/20PM tp=[3.6039568301321565,3.6583260249841127] hull=1.0163520984342671 tan=1.0163510952018646 q=0 def=1.0032324026085822e-06
PGRAPH_FAIL(exception:PoincareMap error: possible nontransversal return to the section 

The set:{[9.95256e-2 ,1.59262e-1 ],[-3.14152e-1 ,2.03033e-1 ],[-6.41539e-1 ,2.30802e-1 ],[2.67611e-2 ,1.56511 ],[-2.07552e1 ,2.23334 ],[-5.73889e-1 ,-3.30893e-1 ],[3.70430e-1 ,6.71604e-1 ],[-3.53622 ,-1.27622e-1 ],[4.31988e-1 ,4.30555 ],[3.58897 ,3.68110 ],[2.89999e-1 ,2.90001e-1 ],[1.48723 ,2.81192 ]}
The set before problem:{[9.95256e-2 ,1.59262e-1 ],[-3.14152e-1 ,2.03033e-1 ],[-6.41539e-1 ,2.30802e-1 ],[2.67611e-2 ,1.56511 ],[-2.07552e1 ,2.23334 ],[-5.73889e-1 ,-3.30893e-1 ],[3.70430e-1 ,6.71604e-1 ],[-3.53622 ,-1.27622e-1 ],[4.31988e-1 ,4.30555 ],[3.58897 ,3.68110 ],[2.89999e-1 ,2.90001e-1 ],[1.48723 ,2.81192 ]}
Computed enclosure on the set: {[9.95367e-2 ,1.59250e-1 ],[-3.14234e-1 ,2.03025e-1 ],[-6.29531e-1 ,2.18287e-1 ],[4.13969e-2 ,1.55176 ],[-2.00696e1 ,1.54896 ],[-5.73046e-1 ,-3.32475e-1 ],[3.72323e-1 ,6.70606e-1 ],[-3.46486 ,-1.95483e-1 ],[5.10511e-1 ,4.22289 ],[3.58929 ,3.68096 ],[2.89999e-1 ,2.90001e-1 ],[1.49324 ,2.80503 ]}
Vector field on enclosure: {[-6.29531e-1 ,2.18287e-1 ],[4.13969e-2 ,1.55176 ],[-1.75645 ,3.11325e-1 ],[-2.19435 ,3.32509 ],[-1.08183e1 ,1.12795e1 ],[-4.29999e-1 ,-1.93676e-3 ],[5.05792e-3 ,5.24073e-1 ],[9.06644e-3 ,1.89600 ],[-2.23593 ,-9.95181e-3 ],[9.90757e-3 ,1.24103e-1 ],[0 ,0 ],[-2.24909e-1 ,1.67312 ]}
Section value on the enclosure: [-4.63219e-4 ,5.92498e-2 ]
Section gradient on the enclosure: {[1.00000 ,1.00000 ],[0 ,0 ],[0 ,0 ],[0 ,0 ],[0 ,0 ],[0 ,0 ],[0 ,0 ],[0 ,0 ],[0 ,0 ],[0 ,0 ],[0 ,0 ],[0 ,0 ]}
Inner product of vector field and section gradient: [-6.29531e-1 ,2.18287e-1 ]
)
exit=1
