PGRAPH_PARAMS mode=1 precision_bits=160 tolerance=1e-24 order=32 driver=parameter_graph_capd/2026-08-25
SELFTEST map_hessian_storage=taylor
SELFTEST pg2_toy_containment=PASS
PGRAPH_LEG t=2/5 tp=[0.40000000000000002,0.40000000000000002] hull=1.3332205559833837e-10 tan=1.3332205559826922e-10 q=0 def=1.1543056130588091e-22
PGRAPH_LEG t=3/5 tp=[0.60000000000000009,0.60000000000000009] hull=2.5640544783146552e-10 tan=2.5640544783055118e-10 q=0 def=9.1435980383660572e-22
PGRAPH_LEG t=7/10 tp=[0.70000000000000007,0.70000000000000007] hull=4.3935211447411594e-10 tan=4.3935211447110087e-10 q=0 def=8.0120985412428984e-21
PGRAPH_LEG t=4/5 tp=[0.80000000000000004,0.80000000000000004] hull=2.7141933670034209e-10 tan=2.7141933668749432e-10 q=0 def=1.2847780964832867e-20
PGRAPH_LEG t=9/10 tp=[0.90000000000000002,0.90000000000000002] hull=4.5952696132701465e-10 tan=4.5952696129937632e-10 q=0 def=2.7638346967513906e-20
PGRAPH_LEG t=1/1 tp=[1,1] hull=1.572837962857788e-09 tan=1.5728379627452178e-09 q=0 def=1.1257019245366524e-19
PGRAPH_LEG S1_formA_13to23 tp=[1,1] hull=1.7700083231055917e-10 tan=1.7700083155740796e-10 q=0 def=7.5315120623434372e-19
PGRAPH_LEG t=21/20 tp=[1.05,1.05] hull=1.6241769778276453e-09 tan=1.6241769775704887e-09 q=0 def=7.6670765637481288e-19
PGRAPH_LEG t=11/10 tp=[1.1000000000000001,1.1000000000000001] hull=2.0122469893901881e-10 tan=2.0122469800795121e-10 q=0 def=9.3106758941756048e-19
PGRAPH_LEG t=6/5 tp=[1.2000000000000002,1.2000000000000002] hull=2.0528384243872757e-10 tan=2.0528384127327287e-10 q=0 def=1.1654547010875255e-18
PGRAPH_LEG t=13/10 tp=[1.3,1.3] hull=2.0210679802310893e-10 tan=2.021067966745532e-10 q=0 def=1.3485557386287165e-18
PGRAPH_LEG t=27/20 tp=[1.3500000000000001,1.3500000000000001] hull=1.9965129649501218e-10 tan=1.9965129504671604e-10 q=0 def=1.5189033435273736e-18
PGRAPH_LEG t=7/5 tp=[1.4000000000000001,1.4000000000000001] hull=1.9692477861620345e-10 tan=1.9692477701967603e-10 q=0 def=1.7990053490768336e-18
PGRAPH_LEG t=3/2 tp=[1.5,1.5] hull=2.4802921813348826e-10 tan=2.4802921665307464e-10 q=0 def=2.8906998030105789e-18
PGRAPH_LEG t=8/5 tp=[1.6000000000000001,1.6000000000000001] hull=1.8433772906038324e-09 tan=1.8433772705846071e-09 q=0 def=2.0019225351752302e-17
PGRAPH_LEG t=33/20 tp=[1.6500000000000001,1.6500000000000001] hull=3.1025247986206926e-10 tan=3.1025246739251379e-10 q=0 def=3.897034566210453e-17
PGRAPH_LEG t=17/10 tp=[1.7000000000000002,1.7000000000000002] hull=2.7019321655617336e-10 tan=2.7019319991704326e-10 q=0 def=4.9635058750482487e-17
PGRAPH_LEG t=7/4 tp=[1.75,1.75] hull=2.5697720975036941e-10 tan=2.5697715060970138e-10 q=0 def=5.9140668009463075e-17
PGRAPH_LEG S2_formA_23to13 tp=[1.75,1.75] hull=9.3840726603912454e-10 tan=9.3840715889109515e-10 q=0 def=1.2718883740788551e-16
PGRAPH_LEG t=9/5 tp=[1.8,1.8] hull=7.8138218672765714e-10 tan=7.813820127467254e-10 q=0 def=1.7673678601241124e-16
PGRAPH_LEG t=19/10 tp=[1.9000000000000001,1.9000000000000001] hull=6.9710779150072883e-10 tan=6.9710740096242928e-10 q=0 def=3.9053829955851655e-16
PGRAPH_LEG t=2/1 tp=[2,2] hull=1.4441814753683087e-09 tan=1.4441789778440789e-09 q=0 def=2.4975242297404242e-15
PGRAPH_LEG t=21/10 tp=[2.1000000000000001,2.1000000000000001] hull=1.9006632862407788e-09 tan=1.900645030345144e-09 q=0 def=1.8255895634692127e-14
PGRAPH_LEG t=11/5 tp=[2.2000000000000002,2.2000000000000002] hull=1.8390497540855041e-09 tan=1.839022273452141e-09 q=0 def=2.7480633363086935e-14
PGRAPH_LEG t=23/10 tp=[2.3000000000000003,2.3000000000000003] hull=1.5381079427280205e-09 tan=1.5380759286895434e-09 q=0 def=3.2014038476938272e-14
PGRAPH_LEG t=12/5 tp=[2.4000000000000004,2.4000000000000004] hull=1.3263056178291893e-09 tan=1.3262680587982863e-09 q=0 def=3.7559030902871006e-14
PGRAPH_LEG t=5/2 tp=[2.5,2.5] hull=1.2497451457662515e-09 tan=1.249719560416075e-09 q=0 def=4.8068662571336592e-14
PGRAPH_LEG t=13/5 tp=[2.6000000000000001,2.6000000000000001] hull=1.2237565027687216e-09 tan=1.2237272576484586e-09 q=0 def=6.404382124191958e-14
PGRAPH_LEG t=27/10 tp=[2.7000000000000002,2.7000000000000002] hull=1.2771427712356425e-09 tan=1.277067667324882e-09 q=0 def=8.8596449296532547e-14
PGRAPH_LEG t=14/5 tp=[2.8000000000000003,2.8000000000000003] hull=1.7185170703694349e-09 tan=1.7184220514359855e-09 q=0 def=1.3352949066176821e-13
PGRAPH_LEG t=29/10 tp=[2.9000000000000004,2.9000000000000004] hull=6.4255232473637913e-09 tan=6.4251515865895403e-09 q=0 def=3.7166077425118945e-13
PGRAPH_LEG t=3/1 tp=[3,3] hull=6.0864303089022498e-09 tan=6.0858500582411368e-09 q=0 def=5.8025066111252474e-13
PGRAPH_LEG t=31/10 tp=[3.1000000000000001,3.1000000000000001] hull=8.406858673614267e-09 tan=8.406090286918974e-09 q=0 def=7.6838669529373807e-13
PGRAPH_LEG t=16/5 tp=[3.2000000000000002,3.2000000000000002] hull=1.1426852021756626e-08 tan=1.142582849821737e-08 q=0 def=1.0235235392553486e-12
PGRAPH_LEG t=33/10 tp=[3.3000000000000003,3.3000000000000003] hull=1.6322967801227201e-08 tan=1.632151088111542e-08 q=0 def=1.4569201117789381e-12
PGRAPH_LEG t=17/5 tp=[3.4000000000000004,3.4000000000000004] hull=4.7700061957957067e-08 tan=4.7696405171207553e-08 q=0 def=3.6567867495110603e-12
PGRAPH_LEG t=69/20 tp=[3.4500000000000002,3.4500000000000002] hull=1.2389985912837631e-05 tan=1.2388853860181108e-05 q=0 def=1.1320526565219604e-09
PGRAPH_LEG t=7/2 tp=[3.5,3.5] hull=4.7537428705279788e-05 tan=4.7532741118533769e-05 q=0 def=4.6875867460227859e-09
PGRAPH_LEG S3_formB_13to23 tp=[3.5,3.5] hull=0.00041931953072041697 tan=0.00041927815474732924 q=0 def=4.1375973087728143e-08
PGRAPH_STAGE1_DONE
PGRAPH_LEG wr1=-3/20MP tp=[3.5128619930439524,3.5128636172638941] hull=0.00044007466632457423 tan=0.00044003124399755796 q=0 def=4.3422327016241438e-08
PGRAPH_LEG wr2=-1/10MP tp=[3.5170901852619858,3.5170924349626249] hull=0.00044961580984593705 tan=0.00044957144585962018 q=0 def=4.4363986316886621e-08
PGRAPH_LEG wr3=-1/20MP tp=[3.520385085232121,3.5203893181202157] hull=0.00048767457940840771 tan=0.00048762645900960654 q=0 def=4.8120398801159011e-08
PGRAPH_LEG wr4=0/1MP tp=[3.5275871652615622,3.5275956525064127] hull=0.00051096952465966576 tan=0.00051091910512099045 q=0 def=5.0419538675253695e-08
PGRAPH_LEG wr5=1/20MP tp=[3.5406901144204523,3.540706280450812] hull=0.00056327880870851818 tan=0.00056322322651000201 q=0 def=5.5582198516157061e-08
PGRAPH_LEG wr6=1/10MP tp=[3.5620159914890337,3.5620469266312158] hull=0.000663803927718537 tan=0.00066373842364500231 q=0 def=6.5504073534663808e-08
PGRAPH_LEG wr7=3/20MP tp=[3.5986477270673056,3.5987218520362458] hull=0.00095866633930126943 tan=0.00095857172158193404 q=0 def=9.461771933533691e-08
PGRAPH_LEG wr8=3/20PM tp=[3.6310679336614782,3.6312148781180427] hull=0.0013853687385575134 tan=0.0013852320068576585 q=0 def=1.3673169985503818e-07
PGRAPH_LEG wr9=1/10PM tp=[3.6366973650562029,3.6368668703951088] hull=0.0016645074633320493 tan=0.0016643431746941122 q=0 def=1.6428863793713756e-07
PGRAPH_LEG wr10=1/20PM tp=[3.6397793336217346,3.6399884819899122] hull=0.0022990238895350206 tan=0.0022987969733965987 q=0 def=2.2691613842205393e-07
PGRAPH_LEG wr11=0/1PM tp=[3.6470120719414263,3.6473097633624727] hull=0.0030275129375128954 tan=0.003027214118320683 q=0 def=2.9881919221208943e-07
PGRAPH_LEG wr12=-1/20PM tp=[3.6605189263370583,3.6609700981579318] hull=0.0039476133094781601 tan=0.0039472236755766143 q=0 def=3.8963390154517305e-07
PGRAPH_LEG wr13=-1/10PM tp=[3.6824568703825289,3.6831726470566508] hull=0.0056832059509380473 tan=0.0056826450125272371 q=0 def=5.6093841081035663e-07
PGRAPH_LEG wr14=-3/20PM tp=[3.7198338181935489,3.7211467603259916] hull=0.010279627938047301 tan=0.010278613327651013 q=0 def=1.014610396288031e-06
PGRAPH_LEG wr15=-3/20MP tp=[3.7503005594474255,3.7524345897760498] hull=0.017687027060243495 tan=0.017685281329082703 q=0 def=1.7457311607910568e-06
PGRAPH_LEG wr16=-1/10MP tp=[3.7560994804600818,3.7584615512960644] hull=0.020150355755127341 tan=0.020148366891351688 q=0 def=1.9888637756523154e-06
PGRAPH_LEG wr17=-1/20MP tp=[3.7590033722470251,3.761743092943366] hull=0.023460765824114525 tan=0.023458450219203314 q=0 def=2.3156049112088352e-06
PGRAPH_LEG wr18=0/1MP tp=[3.76589651765851,3.7694812372391104] hull=0.030667641586547154 tan=0.030664614654338413 q=0 def=3.0269322087392727e-06
PGRAPH_LEG wr19=1/20MP tp=[3.7788559451333219,3.7839067547113192] hull=0.04328160787527608 tan=0.043277335929135005 q=0 def=4.2719461410787217e-06
PGRAPH_LEG wr20=1/10MP tp=[3.7998374132069475,3.8074061526074843] hull=0.065323769785109384 tan=0.065317322250344131 q=0 def=6.4475347652579346e-06
PGRAPH_LEG wr21=3/20MP tp=[3.8350093631361015,3.8481963861505331] hull=0.11437485828751311 tan=0.11436356934977647 q=0 def=1.1288937736629129e-05
PGRAPH_LADDER_DONE
PGRAPH_TERMINAL geometric_section inf_d=0.83720628460736668 inf_rhodot=2.3446923332531333 inf_Erho=-0.093822873252776065 sup_h=-9.270564928401269 inf_margin=-1 FAIL
PGRAPH_LEG t=77/20 tp=[3.8500000000000001,3.8500000000000001] hull=0.37429618940683934 tan=0.37425924592438264 q=0 def=3.6943482456691285e-05
PGRAPH_TERMINAL fixed_time_77_20 inf_d=0.82366017028019711 inf_rhodot=2.1875524843541307 inf_Erho=-0.49667132241371892 sup_h=-9.2583032028865802 inf_margin=-1 FAIL
PGRAPH_BENCHMARK_FAIL mode=1 width=1.0000000000000001e-11
