PGRAPH_PARAMS mode=2 precision_bits=160 tolerance=1e-24 order=32 driver=parameter_graph_capd/2026-08-25
SELFTEST map_hessian_storage=taylor
SELFTEST pg2_toy_containment=PASS
PGRAPH_LEG t=2/5 tp=[0.40000000000000002,0.40000000000000002] hull=1.3332205554344069e-09 tan=1.3332205553854916e-09 q=1.7415270678116599e-19 def=1.2172230682666206e-22
PGRAPH_LEG t=3/5 tp=[0.60000000000000009,0.60000000000000009] hull=2.564054468570899e-09 tan=2.5640544679111348e-09 q=6.5878908105014272e-19 def=9.7516922205994217e-22
PGRAPH_LEG t=7/10 tp=[0.70000000000000007,0.70000000000000007] hull=4.3935202462235115e-09 tan=4.3935202453873096e-09 q=8.3275363006827428e-19 def=8.5865149741040852e-21
PGRAPH_LEG t=4/5 tp=[0.80000000000000004,0.80000000000000004] hull=2.7141920562976994e-09 tan=2.7141920554406361e-09 q=8.4319158978743889e-19 def=1.3871614841181955e-20
PGRAPH_LEG t=9/10 tp=[0.90000000000000002,0.90000000000000002] hull=4.5952669042805164e-09 tan=4.595266902188838e-09 q=2.0618622981880604e-18 def=2.9815416230751317e-20
PGRAPH_LEG t=1/1 tp=[1,1] hull=1.5728368630916648e-08 tan=1.5728368604130151e-08 q=2.6665075507493174e-17 def=1.2142116282871369e-19
PGRAPH_LEG S1_formA_13to23 tp=[1,1] hull=1.7699354878965831e-09 tan=1.7699354869723148e-09 q=2.0355667749502678e-18 def=8.1241400620471237e-19
PGRAPH_LEG t=21/20 tp=[1.05,1.05] hull=1.6241747400855652e-08 tan=1.6241747020998919e-08 q=3.7957940818780783e-16 def=8.2703148016225322e-19
PGRAPH_LEG t=11/10 tp=[1.1000000000000001,1.1000000000000001] hull=2.0121570465788551e-09 tan=2.0121570450917163e-09 q=2.5839524361455885e-18 def=1.0042570720288465e-18
PGRAPH_LEG t=6/5 tp=[1.2000000000000002,1.2000000000000002] hull=2.0527262665927909e-09 tan=2.0527262649158501e-09 q=6.1216051986966192e-19 def=1.2570043371583594e-18
PGRAPH_LEG t=13/10 tp=[1.3,1.3] hull=2.0209384254824363e-09 tan=2.0209384236542257e-09 q=3.9727746900365043e-19 def=1.4544537341502674e-18
PGRAPH_LEG t=27/20 tp=[1.3500000000000001,1.3500000000000001] hull=1.9963739261116342e-09 tan=1.9963739241996558e-09 q=4.7322742497829058e-19 def=1.6379055699976659e-18
PGRAPH_LEG t=7/5 tp=[1.4000000000000001,1.4000000000000001] hull=1.9690946525884021e-09 tan=1.969094650541841e-09 q=6.3297424416589075e-19 def=1.9399601886876306e-18
PGRAPH_LEG t=3/2 tp=[1.5,1.5] hull=2.4801513082310927e-09 tan=2.4801513053389938e-09 q=2.1136629641767637e-18 def=3.1172159728492956e-18
PGRAPH_LEG t=8/5 tp=[1.6000000000000001,1.6000000000000001] hull=1.8431872790632535e-08 tan=1.8431872298230091e-08 q=4.708143602303858e-16 def=2.1588082309057922e-17
PGRAPH_LEG t=33/20 tp=[1.6500000000000001,1.6500000000000001] hull=3.1013394680293645e-09 tan=3.1013394521253994e-09 q=8.8482214905286031e-18 def=4.2024425471562013e-17
PGRAPH_LEG t=17/10 tp=[1.7000000000000002,1.7000000000000002] hull=2.7003503760692941e-09 tan=2.7003503569738065e-09 q=3.7400699562895484e-18 def=5.3524960949120161e-17
PGRAPH_LEG t=7/4 tp=[1.75,1.75] hull=2.5641498137874845e-09 tan=2.5641497475375218e-09 q=2.4743963038635613e-18 def=6.3775566254071676e-17
PGRAPH_LEG S2_formA_23to13 tp=[1.75,1.75] hull=9.3738853181925438e-09 tan=9.3738851953655634e-09 q=9.3232198567027826e-18 def=1.3715858343924637e-16
PGRAPH_LEG t=9/5 tp=[1.8,1.8] hull=7.7972801246739128e-09 tan=7.797279931806577e-09 q=8.5769875650383159e-18 def=1.9058984695033872e-16
PGRAPH_LEG t=19/10 tp=[1.9000000000000001,1.9000000000000001] hull=6.9339459069457913e-09 tan=6.9339454740067379e-09 q=1.179325528156073e-17 def=4.2114579835880976e-16
PGRAPH_LEG t=2/1 tp=[2,2] hull=1.4204336733377529e-08 tan=1.4204333961328643e-08 q=7.8785051506971919e-17 def=2.6932638348212982e-15
PGRAPH_LEG t=21/10 tp=[2.1000000000000001,2.1000000000000001] hull=1.7270596076081895e-08 tan=1.7270575833512253e-08 q=5.5588061666034686e-16 def=1.9686689025971244e-14
PGRAPH_LEG t=11/5 tp=[2.2000000000000002,2.2000000000000002] hull=1.5777213618090753e-08 tan=1.5777183145329842e-08 q=8.3834868925097908e-16 def=2.9634412219177925e-14
PGRAPH_LEG t=23/10 tp=[2.3000000000000003,2.3000000000000003] hull=1.233667839079146e-08 tan=1.2336642890281746e-08 q=9.7738852365308051e-16 def=3.4523121189587541e-14
PGRAPH_LEG t=12/5 tp=[2.4000000000000004,2.4000000000000004] hull=1.0611930879531469e-08 tan=1.0611907512171104e-08 q=1.1475332842249731e-15 def=4.0502699793317702e-14
PGRAPH_LEG t=5/2 tp=[2.5,2.5] hull=1.0064264415830539e-08 tan=1.006423604031993e-08 q=1.4713248195995189e-15 def=5.1836021580310436e-14
PGRAPH_LEG t=13/5 tp=[2.6000000000000001,2.6000000000000001] hull=9.4563375921181952e-09 tan=9.4563051569688007e-09 q=1.9640668844232241e-15 def=6.9063240786108988e-14
PGRAPH_LEG t=27/10 tp=[2.7000000000000002,2.7000000000000002] hull=9.0584838268090406e-09 tan=9.0584572194681516e-09 q=2.7183929894415293e-15 def=9.5540174083494511e-14
PGRAPH_LEG t=14/5 tp=[2.8000000000000003,2.8000000000000003] hull=9.8149792072232527e-09 tan=9.8149232501764824e-09 q=4.1008855364028758e-15 def=1.4399482998775612e-13
PGRAPH_LEG t=29/10 tp=[2.9000000000000004,2.9000000000000004] hull=2.8910400098124516e-08 tan=2.8909987789982659e-08 q=1.1518564478666879e-14 def=4.0078957738024357e-13
PGRAPH_LEG t=3/1 tp=[3,3] hull=1.6814256384769021e-08 tan=1.6814072658395726e-08 q=1.8097165640610249e-14 def=6.2572759834329802e-13
PGRAPH_LEG t=31/10 tp=[3.1000000000000001,3.1000000000000001] hull=2.4249766053146378e-08 tan=2.4249500573811718e-08 q=2.4004369825849553e-14 def=8.2860872257765006e-13
PGRAPH_LEG t=16/5 tp=[3.2000000000000002,3.2000000000000002] hull=3.5091803375934074e-08 tan=3.5091362924678521e-08 q=3.2003067724210667e-14 def=1.1037418111068424e-12
PGRAPH_LEG t=33/10 tp=[3.3000000000000003,3.3000000000000003] hull=5.5690126669346245e-08 tan=5.5689199957268691e-08 q=4.5593860032677273e-14 def=1.5711056379169492e-12
PGRAPH_LEG t=17/5 tp=[3.4000000000000004,3.4000000000000004] hull=1.2924418720355158e-07 tan=1.2924012756794115e-07 q=1.1625205784998348e-13 def=3.9433835525776528e-12
PGRAPH_LEG t=69/20 tp=[3.4500000000000002,3.4500000000000002] hull=1.6242598140755148e-05 tan=1.6241331250776296e-05 q=4.613018763919623e-11 def=1.2207597912121971e-09
PGRAPH_LEG t=7/2 tp=[3.5,3.5] hull=2.9512556843699506e-05 tan=2.9507163849699136e-05 q=3.4681151576467144e-10 def=5.0461824846063562e-09
PGRAPH_LEG S3_formB_13to23 tp=[3.5,3.5] hull=0.00025821280714835197 tan=0.0002581641533547638 q=4.0761356577328002e-09 def=4.4577657930455684e-08
PGRAPH_STAGE1_DONE
PGRAPH_LEG wr1=-3/20MP tp=[3.5128623070973122,3.5128633172191606] hull=0.00027110621606298902 tan=0.0002710541044232145 q=5.3363791388736638e-09 def=4.6775260635599287e-08
PGRAPH_LEG wr2=-1/10MP tp=[3.5170906205182004,3.517092010551333] hull=0.00027687960021734713 tan=0.00027682415350870825 q=7.6713959213596796e-09 def=4.7775312717553899e-08
PGRAPH_LEG wr3=-1/20MP tp=[3.5203859044695625,3.5203885105375528] hull=0.00030011446595126318 tan=0.00030005152961405066 q=1.1131719206097289e-08 def=5.1804618006387783e-08
PGRAPH_LEG wr4=0/1MP tp=[3.5275888082766866,3.5275940215023494] hull=0.0003141748816448452 tan=0.0003141045901517693 q=1.605001147284689e-08 def=5.4241481603076136e-08
PGRAPH_LEG wr5=1/20MP tp=[3.540693244704316,3.5407031614314142] hull=0.00034580526407500988 tan=0.00034572029925803604 q=3.0716967253598623e-08 def=5.9722056324901234e-08
PGRAPH_LEG wr6=1/10MP tp=[3.5620219846602175,3.5620409420517771] hull=0.00040670811017970204 tan=0.00040659534321517968 q=6.2237440461002272e-08 def=7.0284698333586549e-08
PGRAPH_LEG wr7=3/20MP tp=[3.5986621141835053,3.5987074607093943] hull=0.00058595940576335243 tan=0.00058570327527466919 q=1.5455295849263831e-07 def=1.0157753019066096e-07
PGRAPH_LEG wr8=3/20PM tp=[3.6310965474873935,3.6311863076315909] hull=0.00084493906618587065 tan=0.00084443232631292145 q=4.0088687266944648e-07 def=1.4652648489338511e-07
PGRAPH_LEG wr9=1/10PM tp=[3.6367304388869206,3.6368338330601762] hull=0.0010131314230190898 tan=0.0010122557986986295 q=6.9964285108022106e-07 def=1.759814693802229e-07
PGRAPH_LEG wr10=1/20PM tp=[3.6398202286551302,3.6399476242370112] hull=0.0013982328256741854 tan=0.001396992781134824 q=1.0960433272897174e-06 def=2.4291586984824781e-07
PGRAPH_LEG wr11=0/1PM tp=[3.6470704027074876,3.6472514702257359] hull=0.0018400027273957086 tan=0.0018383292500545119 q=1.822303101160448e-06 def=3.197286975019962e-07
PGRAPH_LEG wr12=-1/20PM tp=[3.6606074892630849,3.6608815720700458] hull=0.0023971611707167568 tan=0.0023948860992890914 q=3.1373269744773092e-06 def=4.1668653471617767e-07
PGRAPH_LEG wr13=-1/10PM tp=[3.6825976675244489,3.6830318840927214] hull=0.0034349046400080148 tan=0.0034285285754618233 q=5.7745714663184499e-06 def=6.0149307987331741e-07
PGRAPH_LEG wr14=-3/20PM tp=[3.72009379061701,3.7208868086744906] hull=0.0061919158491678577 tan=0.0061768608083503564 q=1.3962022389121774e-05 def=1.093018428379477e-06
PGRAPH_LEG wr15=-3/20MP tp=[3.7507275849255914,3.7520076343437831] hull=0.01052910016318828 tan=0.010490348114458677 q=3.6843876933145179e-05 def=1.9081717964580758e-06
PGRAPH_LEG wr16=-1/10MP tp=[3.7565766454592362,3.7579844487913947] hull=0.011845084609935011 tan=0.011781139897922503 q=6.1689119674083223e-05 def=2.2555923384249306e-06
PGRAPH_LEG wr17=-1/20MP tp=[3.7595619187876861,3.7611846096995549] hull=0.013670912815548754 tan=0.013576025667592693 q=9.2144627960528212e-05 def=2.7425199955323371e-06
PGRAPH_LEG wr18=0/1MP tp=[3.7666341441529427,3.7687436744031957] hull=0.017741968473390046 tan=0.017595926073828365 q=0.00014230555634730082 def=3.7368432143821222e-06
PGRAPH_LEG wr19=1/20MP tp=[3.7799040657108272,3.7828586970080833] hull=0.024880942640633771 tan=0.024647206284294666 q=0.00022823610240716114 def=5.5002539319425786e-06
PGRAPH_LEG wr20=1/10MP tp=[3.8014229384619744,3.805820687582564] hull=0.03727000683294944 tan=0.036867366314965559 q=0.00039385547548926247 def=8.7850424946220364e-06
PGRAPH_LEG wr21=3/20MP tp=[3.8378440338425812,3.8453617620671308] hull=0.064064673445466375 tan=0.063159900640425884 q=0.00088672377864471713 def=1.8049026395772994e-05
PGRAPH_LADDER_DONE
PGRAPH_TERMINAL geometric_section inf_d=0.84499635813952167 inf_rhodot=2.382851893396527 inf_Erho=0.022583863895287375 sup_h=-9.2743416030183266 inf_margin=-0.76862225632460124 FAIL
PGRAPH_LEG t=77/20 tp=[3.8500000000000001,3.8500000000000001] hull=0.14888986046581773 tan=0.13246254649429171 q=0.016088907203923485 def=0.00033840676760254991
PGRAPH_TERMINAL fixed_time_77_20 inf_d=0.85462947540422851 inf_rhodot=2.323920022296635 inf_Erho=-0.084359903520119725 sup_h=-9.27172338217615 inf_margin=-1 FAIL
PGRAPH_BENCHMARK_FAIL mode=2 width=1e-10
exit=1
