PGRAPH_PARAMS mode=1 precision_bits=160 tolerance=1e-24 order=32 driver=parameter_graph_capd/2026-08-25
SELFTEST map_hessian_storage=taylor
SELFTEST pg2_toy_containment=PASS
PGRAPH_LEG t=2/5 tp=[0.40000000000000002,0.40000000000000002] hull=1.3332216621560993e-07 tan=1.3332216621560986e-07 q=0 def=1.1543063134665197e-22
PGRAPH_LEG t=3/5 tp=[0.60000000000000009,0.60000000000000009] hull=2.5640735000623239e-07 tan=2.5640735000623144e-07 q=0 def=9.1436141318405422e-22
PGRAPH_LEG t=7/10 tp=[0.70000000000000007,0.70000000000000007] hull=4.3944358009045855e-07 tan=4.3944358009045553e-07 q=0 def=8.0123128958490499e-21
PGRAPH_LEG t=4/5 tp=[0.80000000000000004,0.80000000000000004] hull=2.7155806389216804e-07 tan=2.7155806389215518e-07 q=0 def=1.2848275467850175e-20
PGRAPH_LEG t=9/10 tp=[0.90000000000000002,0.90000000000000002] hull=4.5981428843852879e-07 tan=4.5981428843850115e-07 q=0 def=2.763938996875446e-20
PGRAPH_LEG t=1/1 tp=[1,1] hull=1.5739992700265462e-06 tan=1.5739992700264336e-06 q=0 def=1.1257475566057324e-19
PGRAPH_LEG S1_formA_13to23 tp=[1,1] hull=1.847519911060551e-07 tan=1.8475199110530192e-07 q=0 def=7.5318132318664547e-19
PGRAPH_LEG t=21/20 tp=[1.05,1.05] hull=1.6267638995262771e-06 tan=1.6267638995260198e-06 q=0 def=7.6673893393367385e-19
PGRAPH_LEG t=11/10 tp=[1.1000000000000001,1.1000000000000001] hull=2.1079691435369111e-07 tan=2.1079691435276001e-07 q=0 def=9.3111535616217357e-19
PGRAPH_LEG t=6/5 tp=[1.2000000000000002,1.2000000000000002] hull=2.1722309647915091e-07 tan=2.1722309647798539e-07 q=0 def=1.1655190267506905e-18
PGRAPH_LEG t=13/10 tp=[1.3,1.3] hull=2.1589944255470127e-07 tan=2.1589944255335263e-07 q=0 def=1.3486325775726681e-18
PGRAPH_LEG t=27/20 tp=[1.3500000000000001,1.3500000000000001] hull=2.1445427843464596e-07 tan=2.1445427843319758e-07 q=0 def=1.5190137206366379e-18
PGRAPH_LEG t=7/5 tp=[1.4000000000000001,1.4000000000000001] hull=2.1322926932558936e-07 tan=2.1322926932399273e-07 q=0 def=1.7991352258353004e-18
PGRAPH_LEG t=3/2 tp=[1.5,1.5] hull=2.6303520347907826e-07 tan=2.6303520347759775e-07 q=0 def=2.8909059688533786e-18
PGRAPH_LEG t=8/5 tp=[1.6000000000000001,1.6000000000000001] hull=2.0460610195205203e-06 tan=2.0460610195004994e-06 q=0 def=2.0020974405181738e-17
PGRAPH_LEG t=33/20 tp=[1.6500000000000001,1.6500000000000001] hull=4.3654303761000451e-07 tan=4.3654303759753359e-07 q=0 def=3.8974723815802347e-17
PGRAPH_LEG t=17/10 tp=[1.7000000000000002,1.7000000000000002] hull=6.8705907084093709e-07 tan=6.8705907079129641e-07 q=0 def=4.9640698615358331e-17
PGRAPH_LEG t=7/4 tp=[1.75,1.75] hull=8.559965676793582e-07 tan=8.5599656762021074e-07 q=0 def=5.9147489664106705e-17
PGRAPH_LEG S2_formA_23to13 tp=[1.75,1.75] hull=2.0237882806546085e-06 tan=2.0237882805474478e-06 q=0 def=1.2720886906297293e-16
PGRAPH_LEG t=9/5 tp=[1.8,1.8] hull=2.5437659294498555e-06 tan=2.5437659292758537e-06 q=0 def=1.7676329587928469e-16
PGRAPH_LEG t=19/10 tp=[1.9000000000000001,1.9000000000000001] hull=4.6532420836188779e-06 tan=4.653242083228289e-06 q=0 def=3.9058934283791875e-16
PGRAPH_LEG t=2/1 tp=[2,2] hull=2.6754479408971128e-05 tan=2.675447940647233e-05 q=0 def=2.4987975910750679e-15
PGRAPH_LEG t=21/10 tp=[2.1000000000000001,2.1000000000000001] hull=0.00018737158206691735 tan=0.00018737158204860878 q=0 def=1.8308569202417624e-14
PGRAPH_LEG t=11/5 tp=[2.2000000000000002,2.2000000000000002] hull=0.00028117036897456452 tan=0.00028117036894699055 q=0 def=2.7573982279329133e-14
PGRAPH_LEG t=23/10 tp=[2.3000000000000003,2.3000000000000003] hull=0.00032713178463853457 tan=0.00032713178460639378 q=0 def=3.214076104359485e-14
PGRAPH_LEG t=12/5 tp=[2.4000000000000004,2.4000000000000004] hull=0.00038381975050566692 tan=0.0003838197504679091 q=0 def=3.7757814809512745e-14
PGRAPH_LEG t=5/2 tp=[2.5,2.5] hull=0.00049119214009792544 tan=0.00049119214004949175 q=0 def=4.8433780108536907e-14
PGRAPH_LEG t=13/5 tp=[2.6000000000000001,2.6000000000000001] hull=0.00065505317052241016 tan=0.00065505317045784375 q=0 def=6.4566485570757467e-14
PGRAPH_LEG t=27/10 tp=[2.7000000000000002,2.7000000000000002] hull=0.00090701148463173036 tan=0.00090701148454231263 q=0 def=8.9417795401180904e-14
PGRAPH_LEG t=14/5 tp=[2.8000000000000003,2.8000000000000003] hull=0.0013691420519551768 tan=0.0013691420518201654 q=0 def=1.3501126615689642e-13
PGRAPH_LEG t=29/10 tp=[2.9000000000000004,2.9000000000000004] hull=0.0038356508421374942 tan=0.003835650841759517 q=0 def=3.7797733728214883e-13
PGRAPH_LEG t=3/1 tp=[3,3] hull=0.0061159803331073863 tan=0.0061159803325042837 q=0 def=6.0310267742054419e-13
PGRAPH_LEG t=31/10 tp=[3.1000000000000001,3.1000000000000001] hull=0.008168150966199321 tan=0.0081681509653939149 q=0 def=8.0540683402666143e-13
PGRAPH_LEG t=16/5 tp=[3.2000000000000002,3.2000000000000002] hull=0.0110073266724082 tan=0.01100732667132286 q=0 def=1.0853399743541035e-12
PGRAPH_LEG t=33/10 tp=[3.3000000000000003,3.3000000000000003] hull=0.016013431479914592 tan=0.01601343147833564 q=0 def=1.578951985423318e-12
PGRAPH_LEG t=17/5 tp=[3.4000000000000004,3.4000000000000004] hull=0.071283206296525542 tan=0.071283206289497386 q=0 def=7.0281585012433879e-12
PGRAPH_FAIL(exception:High Order Enclosure Error: minimal time step reached. Cannot integrate.
the set: {[-4.44177e-1 ,-4.15237e-1 ],[-1.91575e-1 ,-1.58496e-1 ],[-1.22627e1 ,1.39348e1 ],[-1.75496e1 ,1.86691e1 ],[-4.79374e3 ,4.79541e3 ],[3.72823e-2 ,7.13859e-2 ],[-4.50462e-2 ,3.08008e-2 ],[-6.50318e1 ,5.76021e1 ],[-1.81321e2 ,1.89952e2 ],[3.43963 ,3.44153 ],[2.89999e-1 ,2.90001e-1 ],[-1.22005 ,-8.40850e-1 ]}
current time: [1.46333e-1 ,1.46334e-1 ]
time step: [9.53674e-7 ,9.53675e-7 ]
)
exit=1
