PGRAPH_PARAMS mode=1 precision_bits=160 tolerance=1e-24 order=32 driver=parameter_graph_capd/2026-08-25
SELFTEST map_hessian_storage=taylor
SELFTEST pg2_toy_containment=PASS
PGRAPH_LEG t=2/5 tp=[0.40000000000000002,0.40000000000000002] hull=1.33322066560333e-08 tan=1.3332206656033231e-08 q=0 def=1.1543056824685592e-22
PGRAPH_LEG t=3/5 tp=[0.60000000000000009,0.60000000000000009] hull=2.5640563633236452e-08 tan=2.5640563633235539e-08 q=0 def=9.143599633191034e-22
PGRAPH_LEG t=7/10 tp=[0.70000000000000007,0.70000000000000007] hull=4.3936116705070379e-08 tan=4.3936116705067361e-08 q=0 def=8.0121197645684539e-21
PGRAPH_LEG t=4/5 tp=[0.80000000000000004,0.80000000000000004] hull=2.7143307190353908e-08 tan=2.7143307190341061e-08 q=0 def=1.2847829919905401e-20
PGRAPH_LEG t=9/10 tp=[0.90000000000000002,0.90000000000000002] hull=4.595554096904945e-08 tan=4.5955540969021815e-08 q=0 def=2.7638450224745336e-20
PGRAPH_LEG t=1/1 tp=[1,1] hull=1.5729529437746013e-07 tan=1.5729529437734758e-07 q=0 def=1.1257064419086802e-19
PGRAPH_LEG S1_formA_13to23 tp=[1,1] hull=1.7776827550791378e-08 tan=1.7776827550038224e-08 q=0 def=7.5315418768510372e-19
PGRAPH_LEG t=21/20 tp=[1.05,1.05] hull=1.6244331067113595e-07 tan=1.6244331067087879e-07 q=0 def=7.6671075260952133e-19
PGRAPH_LEG t=11/10 tp=[1.1000000000000001,1.1000000000000001] hull=2.0217243764416576e-08 tan=2.0217243763485505e-08 q=0 def=9.31072316537225e-19
PGRAPH_LEG t=6/5 tp=[1.2000000000000002,1.2000000000000002] hull=2.0646593743023441e-08 tan=2.064659374185798e-08 q=0 def=1.1654610643098572e-18
PGRAPH_LEG t=13/10 tp=[1.3,1.3] hull=2.03472394275744e-08 tan=2.0347239426225838e-08 q=0 def=1.3485633373610487e-18
PGRAPH_LEG t=27/20 tp=[1.3500000000000001,1.3500000000000001] hull=2.0111692471817637e-08 tan=2.0111692470369333e-08 q=0 def=1.5189142484558404e-18
PGRAPH_LEG t=7/5 tp=[1.4000000000000001,1.4000000000000001] hull=1.9853906908059984e-08 tan=1.9853906906463446e-08 q=0 def=1.7990181769133851e-18
PGRAPH_LEG t=3/2 tp=[1.5,1.5] hull=2.4951493913733987e-08 tan=2.4951493912253566e-08 q=0 def=2.8907201438880044e-18
PGRAPH_LEG t=8/5 tp=[1.6000000000000001,1.6000000000000001] hull=1.8634439377940183e-07 tan=1.8634439375938244e-07 q=0 def=2.0019394865008637e-17
PGRAPH_LEG t=33/20 tp=[1.6500000000000001,1.6500000000000001] hull=3.2275492258741421e-08 tan=3.227549224627174e-08 q=0 def=3.8970745752801466e-17
PGRAPH_LEG t=17/10 tp=[1.7000000000000002,1.7000000000000002] hull=2.8687719538046632e-08 tan=2.8687719521407332e-08 q=0 def=4.9635570342412484e-17
PGRAPH_LEG t=7/4 tp=[1.75,1.75] hull=3.1627825855411153e-08 tan=3.162782579626987e-08 q=0 def=5.9141281547911769e-17
PGRAPH_LEG S2_formA_23to13 tp=[1.75,1.75] hull=1.0458577601879834e-07 tan=1.0458577591164919e-07 q=0 def=1.2719051834419714e-16
PGRAPH_LEG t=9/5 tp=[1.8,1.8] hull=9.5585494253701717e-08 tan=9.558549407971898e-08 q=0 def=1.7673900864641588e-16
PGRAPH_LEG t=19/10 tp=[1.9000000000000001,1.9000000000000001] hull=1.0887542545000009e-07 tan=1.0887542505945764e-07 q=0 def=3.9054245652326446e-16
PGRAPH_LEG t=2/1 tp=[2,2] hull=3.9489701467976812e-07 tan=3.9489701218219719e-07 q=0 def=2.4975709698670524e-15
PGRAPH_LEG t=21/10 tp=[2.1000000000000001,2.1000000000000001] hull=2.0211843222079435e-06 tan=2.0211843039509573e-06 q=0 def=1.8256986262691769e-14
PGRAPH_LEG t=11/5 tp=[2.2000000000000002,2.2000000000000002] hull=2.9403357789042615e-06 tan=2.9403357514218074e-06 q=0 def=2.7482454378278172e-14
PGRAPH_LEG t=23/10 tp=[2.3000000000000003,2.3000000000000003] hull=3.3649975730580586e-06 tan=3.3649975410416819e-06 q=0 def=3.2016376889238717e-14
PGRAPH_LEG t=12/5 tp=[2.4000000000000004,2.4000000000000004] hull=3.9000766717861346e-06 tan=3.9000766342238072e-06 q=0 def=3.7562326871097475e-14
PGRAPH_LEG t=5/2 tp=[2.5,2.5] hull=4.8756721353408215e-06 tan=4.8756720872666416e-06 q=0 def=4.8074180172848041e-14
PGRAPH_LEG t=13/5 tp=[2.6000000000000001,2.6000000000000001] hull=6.5200969574805806e-06 tan=6.520096893428819e-06 q=0 def=6.4051761816206176e-14
PGRAPH_LEG t=27/10 tp=[2.7000000000000002,2.7000000000000002] hull=9.0031496122241802e-06 tan=9.00314952361574e-06 q=0 def=8.8608439547747057e-14
PGRAPH_LEG t=14/5 tp=[2.8000000000000003,2.8000000000000003] hull=1.3533861853415679e-05 tan=1.3533861719865632e-05 q=0 def=1.3355004653821241e-13
PGRAPH_LEG t=29/10 tp=[2.9000000000000004,2.9000000000000004] hull=3.7928981697086835e-05 tan=3.7928981325346999e-05 q=0 def=3.7173983842109731e-13
PGRAPH_LEG t=3/1 tp=[3,3] hull=5.883418734950465e-05 tan=5.8834186769004436e-05 q=0 def=5.8050021443142253e-13
PGRAPH_LEG t=31/10 tp=[3.1000000000000001,3.1000000000000001] hull=7.7951466293720744e-05 tan=7.7951465524940631e-05 q=0 def=7.6878011537016854e-13
PGRAPH_LEG t=16/5 tp=[3.2000000000000002,3.2000000000000002] hull=0.00010386904701449012 tan=0.00010386904599032796 q=0 def=1.0241621650290041e-12
PGRAPH_LEG t=33/10 tp=[3.3000000000000003,3.3000000000000003] hull=0.00014788740032904135 tan=0.00014788739887090774 q=0 def=1.4581335949912988e-12
PGRAPH_LEG t=17/5 tp=[3.4000000000000004,3.4000000000000004] hull=0.00037369533849395358 tan=0.00037369533481601747 q=0 def=3.6779360757117135e-12
PGRAPH_LEG t=69/20 tp=[3.4500000000000002,3.4500000000000002] hull=0.13420952946913162 tan=0.13420952814545056 q=0 def=1.3236810572272882e-09
PGRAPH_FAIL(exception:High Order Enclosure Error: minimal time step reached. Cannot integrate.
the set: {[2.17461e-2 ,1.31021e-1 ],[-1.88517e-1 ,-7.06055e-2 ],[-1.13704e1 ,1.33875e1 ],[-1.77434e1 ,1.74715e1 ],[-2.00549e4 ,2.00749e4 ],[4.75715e-2 ,1.30289e-1 ],[4.03457e-2 ,1.17129e-1 ],[-2.35775e2 ,2.39705e2 ],[-2.03734e2 ,2.01239e2 ],[3.46845 ,3.47304 ],[2.89999e-1 ,2.90001e-1 ],[9.37720e-3 ,4.64374e-1 ]}
current time: [4.14465e-1 ,4.14466e-1 ]
time step: [9.53674e-7 ,9.53675e-7 ]
)
exit=1
