PGRAPH_PARAMS mode=1 precision_bits=160 tolerance=1e-24 order=32 driver=parameter_graph_capd/2026-08-25
SELFTEST map_hessian_storage=taylor
SELFTEST pg2_toy_containment=PASS
PGRAPH_LEG t=2/5 tp=[0.40000000000000002,0.40000000000000002] hull=1.3332205549930561e-11 tan=1.3332205549861413e-11 q=0 def=1.1543056124278114e-22
PGRAPH_LEG t=3/5 tp=[0.60000000000000009,0.60000000000000009] hull=2.5640544612604413e-11 tan=2.5640544611690052e-11 q=0 def=9.1435980238676735e-22
PGRAPH_LEG t=7/10 tp=[0.70000000000000007,0.70000000000000007] hull=4.393520322167903e-11 tan=4.3935203218663995e-11 q=0 def=8.0120983483228209e-21
PGRAPH_LEG t=4/5 tp=[0.80000000000000004,0.80000000000000004] hull=2.7141921196305805e-11 tan=2.7141921183458026e-11 q=0 def=1.2847780519837138e-20
PGRAPH_LEG t=9/10 tp=[0.90000000000000002,0.90000000000000002] hull=4.5952670297981609e-11 tan=4.5952670270343262e-11 q=0 def=2.7638346028916383e-20
PGRAPH_LEG t=1/1 tp=[1,1] hull=1.5728369186936108e-10 tan=1.5728369175679089e-10 q=0 def=1.1257018834744167e-19
PGRAPH_LEG S1_formA_13to23 tp=[1,1] hull=1.7699386302334971e-11 tan=1.7699385549183792e-11 q=0 def=7.5315117913339604e-19
PGRAPH_LEG t=21/20 tp=[1.05,1.05] hull=1.6241746519306705e-10 tan=1.6241746493591061e-10 q=0 def=7.6670762823060926e-19
PGRAPH_LEG t=11/10 tp=[1.1000000000000001,1.1000000000000001] hull=2.0121609237283934e-11 tan=2.0121608306216387e-11 q=0 def=9.3106754645034018e-19
PGRAPH_LEG t=6/5 tp=[1.2000000000000002,1.2000000000000002] hull=2.05273107685754e-11 tan=2.0527309603120756e-11 q=0 def=1.1654546432515623e-18
PGRAPH_LEG t=13/10 tp=[1.3,1.3] hull=2.0209439689308568e-11 tan=2.02094383407529e-11 q=0 def=1.348555669565485e-18
PGRAPH_LEG t=27/20 tp=[1.3500000000000001,1.3500000000000001] hull=1.99637986972791e-11 tan=1.9963797248983034e-11 q=0 def=1.5189032444257496e-18
PGRAPH_LEG t=7/5 tp=[1.4000000000000001,1.4000000000000001] hull=1.969101190892708e-11 tan=1.9691010312399738e-11 q=0 def=1.7990052325038289e-18
PGRAPH_LEG t=3/2 tp=[1.5,1.5] hull=2.4801572626323764e-11 tan=2.480157114591024e-11 q=0 def=2.8906996181881217e-18
PGRAPH_LEG t=8/5 tp=[1.6000000000000001,1.6000000000000001] hull=1.8431950658392456e-10 tan=1.8431948656470074e-10 q=0 def=2.0019223814592154e-17
PGRAPH_LEG t=33/20 tp=[1.6500000000000001,1.6500000000000001] hull=3.1013894567656046e-11 tan=3.1013882098101704e-11 q=0 def=3.8970342041262175e-17
PGRAPH_LEG t=17/10 tp=[1.7000000000000002,1.7000000000000002] hull=2.70041710000594e-11 tan=2.700415436093082e-11 q=0 def=4.9635054127138025e-17
PGRAPH_LEG t=7/4 tp=[1.75,1.75] hull=2.5643869971025976e-11 tan=2.5643810830363504e-11 q=0 def=5.9140662471479488e-17
PGRAPH_LEG S2_formA_23to13 tp=[1.75,1.75] hull=9.3743151231359865e-11 tan=9.3743044083340492e-11 q=0 def=1.2718882232446022e-16
PGRAPH_LEG t=9/5 tp=[1.8,1.8] hull=7.7979780610559614e-11 tan=7.7979606629644251e-11 q=0 def=1.7673676608503405e-16
PGRAPH_LEG t=19/10 tp=[1.9000000000000001,1.9000000000000001] hull=6.9355126488090029e-11 tan=6.9354735949827275e-11 q=0 def=3.9053826274756274e-16
PGRAPH_LEG t=2/1 tp=[2,2] hull=1.4214357756112645e-10 tan=1.4214108003718938e-10 q=0 def=2.4975239370616668e-15
PGRAPH_LEG t=21/10 tp=[2.1000000000000001,2.1000000000000001] hull=1.7343860413959088e-10 tan=1.7342034824894903e-10 q=0 def=1.8255890641848277e-14
PGRAPH_LEG t=11/5 tp=[2.2000000000000002,2.2000000000000002] hull=1.5887501085600106e-10 tan=1.5884753023042205e-10 q=0 def=2.7480625579019403e-14
PGRAPH_LEG t=23/10 tp=[2.3000000000000003,2.3000000000000003] hull=1.2465160749221789e-10 tan=1.2461959346311875e-10 q=0 def=3.2014029099153885e-14
PGRAPH_LEG t=12/5 tp=[2.4000000000000004,2.4000000000000004] hull=1.0696504110655634e-10 tan=1.069439706376253e-10 q=0 def=3.7559019369766438e-14
PGRAPH_LEG t=5/2 tp=[2.5,2.5] hull=1.016695841770937e-10 tan=1.0164399883888582e-10 q=0 def=4.8068646162925722e-14
PGRAPH_LEG t=13/5 tp=[2.6000000000000001,2.6000000000000001] hull=9.5737204914736529e-11 tan=9.5707959807939283e-11 q=0 def=6.4043797516251884e-14
PGRAPH_LEG t=27/10 tp=[2.7000000000000002,2.7000000000000002] hull=9.1547779423348298e-11 tan=9.1523785962248936e-11 q=0 def=8.859641605097157e-14
PGRAPH_LEG t=14/5 tp=[2.8000000000000003,2.8000000000000003] hull=1.0017479903280242e-10 tan=1.0012434695755848e-10 q=0 def=1.3352943955059984e-13
PGRAPH_LEG t=29/10 tp=[2.9000000000000004,2.9000000000000004] hull=3.0402130654166518e-10 tan=3.0364964591671687e-10 q=0 def=3.7166062494829749e-13
PGRAPH_LEG t=3/1 tp=[3,3] hull=1.7479100996951961e-10 tan=1.7462535559906135e-10 q=0 def=5.8025040189313208e-13
PGRAPH_LEG t=31/10 tp=[3.1000000000000001,3.1000000000000001] hull=2.5210369116439406e-10 tan=2.5186434579831094e-10 q=0 def=7.6838634225806832e-13
PGRAPH_LEG t=16/5 tp=[3.2000000000000002,3.2000000000000002] hull=3.6685303598403371e-10 tan=3.6645600040647248e-10 q=0 def=1.0235230557681695e-12
PGRAPH_LEG t=33/10 tp=[3.3000000000000003,3.3000000000000003] hull=5.9042179089840761e-10 tan=5.8958660521881657e-10 q=0 def=1.4569193900780591e-12
PGRAPH_LEG t=17/5 tp=[3.4000000000000004,3.4000000000000004] hull=1.4392107304851292e-09 tan=1.4355539476985222e-09 q=0 def=3.6567827866069346e-12
PGRAPH_LEG t=69/20 tp=[3.4500000000000002,3.4500000000000002] hull=2.0786165182748752e-07 tan=2.0672961525544749e-07 q=0 def=1.1320365720400215e-09
PGRAPH_LEG t=7/2 tp=[3.5,3.5] hull=4.8295881727965118e-07 tan=4.7827924445289235e-07 q=0 def=4.6795728267587699e-09
PGRAPH_LEG S3_formB_13to23 tp=[3.5,3.5] hull=4.24132049017472e-06 tan=4.1999820714722525e-06 q=0 def=4.1338418702467105e-08
PGRAPH_STAGE1_DONE
PGRAPH_LEG wr1=-3/20MP tp=[3.5128627961925418,3.5128628127144372] hull=4.4520452644250883e-06 tan=4.408668891563845e-06 q=0 def=4.3376372861243239e-08
PGRAPH_LEG wr2=-1/10MP tp=[3.517091298172291,3.5170913209678494] hull=4.546987645355691e-06 tan=4.5026838892833889e-06 q=0 def=4.4303756072302057e-08
PGRAPH_LEG wr3=-1/20MP tp=[3.5203871796939374,3.5203872224929529] hull=4.9292849171296627e-06 tan=4.8812447260017066e-06 q=0 def=4.8040191127956241e-08
PGRAPH_LEG wr4=0/1MP tp=[3.5275913654352387,3.5275914511316695] hull=5.1605610768426682e-06 tan=5.1102612411448913e-06 q=0 def=5.0299835697776859e-08
PGRAPH_LEG wr5=1/20MP tp=[3.5406981153247421,3.5406982784201255] hull=5.6807992742648473e-06 tan=5.6254175128405078e-06 q=0 def=5.5381761424338988e-08
PGRAPH_LEG wr6=1/10MP tp=[3.562031302696878,3.5620316145642672] hull=6.6828313170601781e-06 tan=6.6176558144819933e-06 q=0 def=6.51755025781852e-08
PGRAPH_LEG wr7=3/20MP tp=[3.598684416754701,3.5986851627702889] hull=9.6381579318054033e-06 tan=9.5439856879501642e-06 q=0 def=9.4172243855239478e-08
PGRAPH_LEG wr8=3/20PM tp=[3.6311406656457454,3.6311421418000998] hull=1.3895803905471171e-05 tan=1.3760034957263855e-05 q=0 def=1.3576894820731677e-07
PGRAPH_LEG wr9=1/10PM tp=[3.6367812658907028,3.6367829659123454] hull=1.6662090005012247e-05 tan=1.6499227400494613e-05 q=0 def=1.6286260451763225e-07
PGRAPH_LEG wr10=1/20PM tp=[3.6398828588479133,3.6398849530372237] hull=2.2995225714742875e-05 tan=2.2770459623612964e-05 q=0 def=2.2476609112991122e-07
PGRAPH_LEG wr11=0/1PM tp=[3.6471594277314527,3.6471624038111812] hull=3.0260322862630225e-05 tan=2.9964540419006979e-05 q=0 def=2.9578244362324683e-07
PGRAPH_LEG wr12=-1/20PM tp=[3.6607422581669251,3.6607467626460295] hull=3.9421824736919093e-05 tan=3.9036495504717041e-05 q=0 def=3.8532923220204985e-07
PGRAPH_LEG wr13=-1/10PM tp=[3.6828111893733051,3.6828183246500283] hull=5.6439261288738116e-05 tan=5.5887599883946908e-05 q=0 def=5.5166140479120682e-07
PGRAPH_LEG wr14=-3/20PM tp=[3.7204837756732623,3.7204968007725467] hull=0.00010168554948199871 tan=0.00010069162811236876 q=0 def=9.9392136962994204e-07
PGRAPH_LEG wr15=-3/20MP tp=[3.7513570694692007,3.7513780727576846] hull=0.00017271902152204456 tan=0.00017103076301986975 q=0 def=1.6882585021748096e-06
PGRAPH_LEG wr16=-1/10MP tp=[3.7572689817520466,3.7572920437721673] hull=0.00019399791023752777 tan=0.00019210166835133258 q=0 def=1.8962418861952054e-06
PGRAPH_LEG wr17=-1/20MP tp=[3.7603599578937725,3.760386500986566] hull=0.00022357613692445435 tan=0.00022139078291938486 q=0 def=2.185354005069481e-06
PGRAPH_LEG wr18=0/1MP tp=[3.7676716407184445,3.7677061078340861] hull=0.00028980167040334499 tan=0.00028696898914079474 q=0 def=2.8326812625502703e-06
PGRAPH_LEG wr19=1/20MP tp=[3.7813572320318256,3.7814054615469739] hull=0.0004059647165025116 tan=0.00040199658668751634 q=0 def=3.968129814995252e-06
PGRAPH_LEG wr20=1/10MP tp=[3.8035859270599204,3.8036576327542262] hull=0.00060729622405628363 tan=0.00060136015564002355 q=0 def=5.9360684162600243e-06
PGRAPH_LEG wr21=3/20MP tp=[3.841541769911363,3.8416639747437973] hull=0.0010406037938518284 tan=0.0010304323114212817 q=0 def=1.0171482430546681e-05
PGRAPH_LADDER_DONE
PGRAPH_TERMINAL geometric_section inf_d=0.85501020971205222 inf_rhodot=2.4312192213932819 inf_Erho=0.17199141725745648 sup_h=-9.2758357530548263 inf_margin=3.1370720448491354 PASS
PGRAPH_LEG t=77/20 tp=[3.8500000000000001,3.8500000000000001] hull=0.0021900215565153866 tan=0.0021686150238371983 q=0 def=2.1406532678188574e-05
PGRAPH_TERMINAL fixed_time_77_20 inf_d=0.87522837407828247 inf_rhodot=2.4178530102627138 inf_Erho=0.20388284149309679 sup_h=-9.2747331058564875 inf_margin=3.4000594389272845 PASS
PGRAPH_BENCHMARK_PASS mode=1 width=1.0000000000000002e-12 geometric=PASS fixed=PASS
exit=0
