PGRAPH_PARAMS mode=2 precision_bits=160 tolerance=1e-24 order=32 driver=parameter_graph_capd/2026-08-25
SELFTEST map_hessian_storage=taylor
SELFTEST pg2_toy_containment=PASS
PGRAPH_LEG t=2/5 tp=[0.40000000000000002,0.40000000000000002] hull=1.3332205548880669e-11 tan=1.333220554880514e-11 q=1.7415269271951047e-23 def=1.217223061132437e-22
PGRAPH_LEG t=3/5 tp=[0.60000000000000009,0.60000000000000009] hull=2.5640544594555154e-11 tan=2.5640544593514108e-11 q=6.5878831280323067e-23 def=9.7516887501568737e-22
PGRAPH_LEG t=7/10 tp=[0.70000000000000007,0.70000000000000007] hull=4.3935202309420125e-11 tan=4.3935202305888323e-11 q=8.3259771733355768e-23 def=8.5865093844153113e-21
PGRAPH_LEG t=4/5 tp=[0.80000000000000004,0.80000000000000004] hull=2.7141919817742768e-11 tan=2.7141919803786868e-11 q=8.4299600425455087e-23 def=1.3871599463769706e-20
PGRAPH_LEG t=9/10 tp=[0.90000000000000002,0.90000000000000002] hull=4.5952667443327742e-11 tan=4.595266741330621e-11 q=2.061461958916287e-22 def=2.9815384494339037e-20
PGRAPH_LEG t=1/1 tp=[1,1] hull=1.5728368032678461e-10 tan=1.5728368020269728e-10 q=2.6663462398305842e-21 def=1.214209857828115e-19
PGRAPH_LEG S1_formA_13to23 tp=[1,1] hull=1.7699309318168686e-11 tan=1.7699308505745657e-11 q=2.0352873331207046e-22 def=8.1241291536247139e-19
PGRAPH_LEG t=21/20 tp=[1.05,1.05] hull=1.6241743969363077e-10 tan=1.6241743937835238e-10 q=3.7957561397692449e-20 def=8.270303529550041e-19
PGRAPH_LEG t=11/10 tp=[1.1000000000000001,1.1000000000000001] hull=2.0121514167657253e-11 tan=2.0121513163356553e-11 q=2.5748732207181187e-22 def=1.0042537585682658e-18
PGRAPH_LEG t=6/5 tp=[1.2000000000000002,1.2000000000000002] hull=2.0527192193074657e-11 tan=2.0527190936039451e-11 q=5.9820120233133651e-23 def=1.2569949021622013e-18
PGRAPH_LEG t=13/10 tp=[1.3,1.3] hull=2.0209302708389171e-11 tan=2.0209301253913488e-11 q=3.9202164895467074e-23 def=1.4544402656728567e-18
PGRAPH_LEG t=27/20 tp=[1.3500000000000001,1.3500000000000001] hull=1.9963651682965814e-11 tan=1.9963650120937698e-11 q=4.6676743090187835e-23 def=1.6378686095503965e-18
PGRAPH_LEG t=7/5 tp=[1.4000000000000001,1.4000000000000001] hull=1.969084998351424e-11 tan=1.9690848261643034e-11 q=6.2471891041325452e-23 def=1.9399164749038764e-18
PGRAPH_LEG t=3/2 tp=[1.5,1.5] hull=2.4801423604559292e-11 tan=2.4801422008004353e-11 q=2.0713709197864175e-22 def=3.1171468123803548e-18
PGRAPH_LEG t=8/5 tp=[1.6000000000000001,1.6000000000000001] hull=1.8431749411138093e-10 tan=1.8431747247671174e-10 q=4.7051696497788878e-20 def=2.158761751137103e-17
PGRAPH_LEG t=33/20 tp=[1.6500000000000001,1.6500000000000001] hull=3.1012640559887373e-11 tan=3.1012627113172075e-11 q=8.2674078858299524e-22 def=4.2023517376115987e-17
PGRAPH_LEG t=17/10 tp=[1.7000000000000002,1.7000000000000002] hull=2.7002497578294342e-11 tan=2.7002479635455954e-11 q=2.9998157508053915e-22 def=5.352380181091732e-17
PGRAPH_LEG t=7/4 tp=[1.75,1.75] hull=2.5637922012316035e-11 tan=2.563785823797241e-11 q=1.5920441559306833e-22 def=6.3774184419881413e-17
PGRAPH_LEG S2_formA_23to13 tp=[1.75,1.75] hull=9.3732373818656958e-11 tan=9.3732258275156778e-11 q=7.4191679166424934e-22 def=1.3715564885336012e-16
PGRAPH_LEG t=9/5 tp=[1.8,1.8] hull=7.7962280776906946e-11 tan=7.7962093164614921e-11 q=5.9312785228607069e-22 def=1.905857551524564e-16
PGRAPH_LEG t=19/10 tp=[1.9000000000000001,1.9000000000000001] hull=6.9315843861585365e-11 tan=6.9315422724382645e-11 q=5.7552062657930702e-22 def=4.2113667977654961e-16
PGRAPH_LEG t=2/1 tp=[2,2] hull=1.4189234618572398e-10 tan=1.418896529760436e-10 q=4.1321973077812492e-21 def=2.6932055481794635e-15
PGRAPH_LEG t=21/10 tp=[2.1000000000000001,2.1000000000000001] hull=1.7160204249363607e-10 tan=1.7158235622736639e-10 q=2.9623612526899922e-21 def=1.9686263307301236e-14
PGRAPH_LEG t=11/5 tp=[2.2000000000000002,2.2000000000000002] hull=1.5611040659682798e-10 tan=1.5608077282321756e-10 q=2.1804642891076921e-21 def=2.9633771429953079e-14
PGRAPH_LEG t=23/10 tp=[2.3000000000000003,2.3000000000000003] hull=1.2143092359076542e-10 tan=1.2139640121441855e-10 q=7.51987309646208e-21 def=3.4522374709422646e-14
PGRAPH_LEG t=12/5 tp=[2.4000000000000004,2.4000000000000004] hull=1.0484519624831458e-10 tan=1.0482247486360139e-10 q=2.7132036842920291e-21 def=4.0501824024355283e-14
PGRAPH_LEG t=5/2 tp=[2.5,2.5] hull=9.9095521258061925e-11 tan=9.9067931256333114e-11 q=2.5572764682506921e-21 def=5.1834900812522485e-14
PGRAPH_LEG t=13/5 tp=[2.6000000000000001,2.6000000000000001] hull=9.2794949907424865e-11 tan=9.2763413387711829e-11 q=2.5204112658515706e-21 def=6.9061747960316395e-14
PGRAPH_LEG t=27/10 tp=[2.7000000000000002,2.7000000000000002] hull=8.9133974979846087e-11 tan=8.9108101594725476e-11 q=2.7618698318672137e-21 def=9.553810901525004e-14
PGRAPH_LEG t=14/5 tp=[2.8000000000000003,2.8000000000000003] hull=9.5098998811692021e-11 tan=9.5044593716314355e-11 q=5.3732940684501482e-21 def=1.4399171806235761e-13
PGRAPH_LEG t=29/10 tp=[2.9000000000000004,2.9000000000000004] hull=2.6663002377221261e-10 tan=2.6622924277195854e-10 q=6.7772202491156647e-20 def=4.007809324818638e-13
PGRAPH_LEG t=3/1 tp=[3,3] hull=1.5812558933239075e-10 tan=1.5794695567458105e-10 q=1.8096989556291671e-20 def=6.2571410761223936e-13
PGRAPH_LEG t=31/10 tp=[3.1000000000000001,3.1000000000000001] hull=2.2802465463459781e-10 tan=2.2776655616830079e-10 q=2.4004136252847453e-20 def=8.2859084732188805e-13
PGRAPH_LEG t=16/5 tp=[3.2000000000000002,3.2000000000000002] hull=3.2690963478334153e-10 tan=3.2648149080379737e-10 q=3.2002755226069599e-20 def=1.103717992786572e-12
PGRAPH_LEG t=33/10 tp=[3.3000000000000003,3.3000000000000003] hull=5.0639830128054807e-10 tan=5.0549767735947267e-10 q=4.5591153852300395e-20 def=1.5710717241892825e-12
PGRAPH_LEG t=17/5 tp=[3.4000000000000004,3.4000000000000004] hull=1.0713193151980565e-09 tan=1.0673760169289536e-09 q=2.7398135111649874e-19 def=3.9432981528795463e-12
PGRAPH_LEG t=69/20 tp=[3.4500000000000002,3.4500000000000002] hull=9.3972679643799876e-08 tan=9.2751946266475994e-08 q=2.0920799036446206e-16 def=1.2207331681158882e-09
PGRAPH_LEG t=7/2 tp=[3.5,3.5] hull=1.5122397898950034e-08 tan=1.2261571136658178e-08 q=3.1636207083440475e-16 def=5.0460724991451023e-09
PGRAPH_LEG S3_formB_13to23 tp=[3.5,3.5] hull=8.2440758102400181e-08 tan=3.7864091317834661e-08 q=2.6327768710665584e-15 def=4.4576664151788643e-08
PGRAPH_STAGE1_DONE
PGRAPH_LEG wr1=-3/20MP tp=[3.5128628042396937,3.5128628046672854] hull=8.8135466203331964e-08 tan=4.1361272682588108e-08 q=2.793691806402074e-15 def=4.6774190727052061e-08
PGRAPH_LEG wr2=-1/10MP tp=[3.5170913093214389,3.5170913098187015] hull=8.9777468163751891e-08 tan=4.2003392592815465e-08 q=2.8954555273385619e-15 def=4.7774072675480901e-08
PGRAPH_LEG wr3=-1/20MP tp=[3.520387200674203,3.5203872015126874] hull=9.6167411206515446e-08 tan=4.4364388149786749e-08 q=3.1794613861932227e-15 def=5.1803019877267319e-08
PGRAPH_LEG wr4=0/1MP tp=[3.5275914075058772,3.5275914090610305] hull=1.0010951766694776e-07 tan=4.5870251167357356e-08 q=3.38564591532158e-15 def=5.4239263113944488e-08
PGRAPH_LEG wr5=1/20MP tp=[3.5406981954559136,3.540698198288954] hull=1.0907501950975539e-07 tan=4.9356568329563345e-08 q=3.822494457393088e-15 def=5.9718447357697593e-08
PGRAPH_LEG wr6=1/10MP tp=[3.5620314559926789,3.5620314612684663] hull=1.2579761623196575e-07 tan=5.5519535789731914e-08 q=4.6497385040760403e-15 def=7.0278075792495338e-08
PGRAPH_LEG wr7=3/20MP tp=[3.5986847835417524,3.5986847959832375] hull=1.638744414855715e-07 tan=6.2329138917022988e-08 q=7.8416695989558404e-15 def=1.0154529472687891e-07
PGRAPH_LEG wr8=3/20PM tp=[3.6311413912228843,3.6311414162229609] hull=2.3664125998276071e-07 tan=9.0245987710418569e-08 q=1.2839931255489806e-14 def=1.463952594324109e-07
PGRAPH_LEG wr9=1/10PM tp=[3.6367821015793553,3.6367821302236929] hull=2.7714201604722755e-07 tan=1.0153542999973096e-07 q=1.8661707092572018e-14 def=1.7560656738578948e-07
PGRAPH_LEG wr10=1/20PM tp=[3.639883888341874,3.639883923543263] hull=3.8241524029126138e-07 tan=1.4006319520344254e-07 q=2.6082331199028979e-14 def=2.4235201900548768e-07
PGRAPH_LEG wr11=0/1PM tp=[3.6471608908429554,3.6471609406996786] hull=5.028399272103048e-07 tan=1.8391737103129108e-07 q=3.5084640557793598e-14 def=3.1892252142937719e-07
PGRAPH_LEG wr12=-1/20PM tp=[3.6607444727862171,3.660744548026738] hull=6.5539312608149162e-07 tan=2.3992196926499774e-07 q=5.6349173397370435e-14 def=4.1547111059136447e-07
PGRAPH_LEG wr13=-1/10PM tp=[3.6828146975525811,3.6828148164707519] hull=9.3876390953314484e-07 tan=3.4398278739557369e-07 q=9.7094376512676399e-14 def=5.9478102504319465e-07
PGRAPH_LEG wr14=-3/20PM tp=[3.7204901799157666,3.7204903965300424] hull=1.6909397564287043e-06 tan=6.1937172978604688e-07 q=2.1082397190861724e-13 def=1.0715678158186856e-06
PGRAPH_LEG wr15=-3/20MP tp=[3.7513673962796181,3.7513677459472672] hull=2.8694569704404086e-06 tan=1.0495403950804317e-06 q=4.8643191144288132e-13 def=1.8199160889280653e-06
PGRAPH_LEG wr16=-1/10MP tp=[3.7572803208852781,3.7572807046389358] hull=3.2234404766334576e-06 tan=1.1796074312287466e-06 q=7.457475981301599e-13 def=2.0438322996571127e-06
PGRAPH_LEG wr17=-1/20MP tp=[3.7603730086642693,3.7603734502160693] hull=3.7147055564165416e-06 tan=1.3594929500581114e-06 q=1.0680220104771408e-12 def=2.3552115383364195e-06
PGRAPH_LEG wr18=0/1MP tp=[3.7676885877132471,3.7676891608392835] hull=4.8143314235249512e-06 tan=1.7617284851575328e-06 q=1.6098683500879729e-12 def=3.0526013284990684e-06
PGRAPH_LEG wr19=1/20MP tp=[3.7813809459739542,3.7813817476048452] hull=6.7429074624567376e-06 tan=2.4670119637703067e-06 q=2.5366763409531022e-12 def=4.2758929620100895e-06
PGRAPH_LEG wr20=1/10MP tp=[3.8036211842170471,3.8036223755970999] hull=1.0085060695045296e-05 tan=3.6891465235063443e-06 q=4.2936209290823594e-12 def=6.395909877918023e-06
PGRAPH_LEG wr21=3/20MP tp=[3.8416018576260318,3.8416038870291294] hull=1.7276132524014042e-05 tan=6.3188577389879161e-06 q=9.2774927124648665e-12 def=1.0957265507533413e-05
PGRAPH_LADDER_DONE
PGRAPH_TERMINAL geometric_section inf_d=0.85517276394055608 inf_rhodot=2.4320116620887156 inf_Erho=0.1744474108797113 sup_h=-9.275859287932521 inf_margin=3.1530117248969045 PASS
PGRAPH_LEG t=77/20 tp=[3.8500000000000001,3.8500000000000001] hull=3.6235113516638507e-05 tan=1.3256146439972641e-05 q=7.3154925432871544e-11 def=2.2978922880581257e-05
PGRAPH_TERMINAL fixed_time_77_20 inf_d=0.87553868281929637 inf_rhodot=2.4192938547784064 inf_Erho=0.2083313425950237 sup_h=-9.2747669363807521 inf_margin=3.4215305808281959 PASS
PGRAPH_BENCHMARK_PASS mode=2 width=1.0000000000000002e-12 geometric=PASS fixed=PASS
exit=0
